******************************************************************************
                  TI ARM Linker PC v20.2.7                     
******************************************************************************
>> Linked Sat Apr 13 18:28:13 2024

OUTPUT FILE NAME:   <RTOS_Sandbox.out>
ENTRY POINT SYMBOL: "_c_int00_noargs"  address: 000021f1


MEMORY CONFIGURATION

         name            origin    length      used     unused   attr    fill
----------------------  --------  ---------  --------  --------  ----  --------
  FLASH                 00000000   00040000  00002296  0003dd6a  R  X
  SRAM                  20000000   00008000  000012ec  00006d14  RW X


SEGMENT ALLOCATION MAP

run origin  load origin   length   init length attrs members
----------  ----------- ---------- ----------- ----- -------
00000000    00000000    00002298   00002298    r-x
  00000000    00000000    0000026c   0000026c    r-- .intvecs
  0000026c    0000026c    00001fe6   00001fe6    r-x .text
  00002254    00002254    0000000c   0000000c    r-- .const
  00002260    00002260    00000038   00000038    r-- .cinit
20000000    20000000    000012ec   00000000    rw-
  20000000    20000000    000010a8   00000000    rw- .bss
  200010a8    200010a8    00000200   00000000    rw- .stack
  200012a8    200012a8    00000044   00000000    rw- .data


SECTION ALLOCATION MAP

 output                                  attributes/
section   page    origin      length       input sections
--------  ----  ----------  ----------   ----------------
.intvecs   0    00000000    0000026c     
                  00000000    0000026c     tm4c123gh6pm_startup_ccs.obj (.intvecs)

.text      0    0000026c    00001fe6     
                  0000026c    00001838     tasks.obj (.text)
                  00001aa4    000002b0     port.obj (.text)
                  00001d54    0000012a     list.obj (.text)
                  00001e7e    00000002     main.obj (.text)
                  00001e80    000000da     portasm.obj (.text)
                  00001f5a    00000002     --HOLE-- [fill = 0]
                  00001f5c    000000d0     heap_1.obj (.text)
                  0000202c    0000009c     rtsv7M4_T_le_v4SPD16_eabi.lib : memcpy_t2.asm.obj (.text)
                  000020c8    0000007a                                   : memset_t2.asm.obj (.text)
                  00002142    00000068                                   : copy_decompress_lzss.c.obj (.text:decompress:lzss:__TI_decompress_lzss)
                  000021aa    00000002     --HOLE-- [fill = 0]
                  000021ac    00000044                                   : autoinit.c.obj (.text:__TI_auto_init_nobinit_nopinit:__TI_auto_init_nobinit_nopinit)
                  000021f0    00000034                                   : boot_cortex_m.c.obj (.text:_c_int00_noargs:_c_int00_noargs)
                  00002224    0000000e                                   : copy_decompress_none.c.obj (.text:decompress:none:__TI_decompress_none)
                  00002232    0000000c                                   : copy_zero_init.c.obj (.text:decompress:ZI:__TI_zero_init)
                  0000223e    0000000c     tm4c123gh6pm_startup_ccs.obj (.text)
                  0000224a    00000004     rtsv7M4_T_le_v4SPD16_eabi.lib : pre_init.c.obj (.text:_system_pre_init)
                  0000224e    00000004                                   : exit.c.obj (.text:abort:abort)

.const     0    00002254    0000000c     
                  00002254    00000008     port.obj (.const)
                  0000225c    00000004     tasks.obj (.const)

.cinit     0    00002260    00000038     
                  00002260    00000012     (.cinit..data.load) [load image, compression = lzss]
                  00002272    00000002     --HOLE-- [fill = 0]
                  00002274    0000000c     (__TI_handler_table)
                  00002280    00000008     (.cinit..bss.load) [load image, compression = zero_init]
                  00002288    00000010     (__TI_cinit_table)

.init_array 
*          0    00000000    00000000     UNINITIALIZED

.bss       0    20000000    000010a8     UNINITIALIZED
                  20000000    00001000     heap_1.obj (.bss:ucHeap)
                  20001000    00000064     tasks.obj (.bss:pxReadyTasksLists)
                  20001064    00000014     tasks.obj (.bss:xDelayedTaskList1)
                  20001078    00000014     tasks.obj (.bss:xDelayedTaskList2)
                  2000108c    00000014     tasks.obj (.bss:xPendingReadyList)
                  200010a0    00000008     tasks.obj (.bss)

.data      0    200012a8    00000044     UNINITIALIZED
                  200012a8    00000030     tasks.obj (.data)
                  200012d8    0000000c     port.obj (.data)
                  200012e4    00000008     heap_1.obj (.data)

.stack     0    200010a8    00000200     UNINITIALIZED
                  200010a8    00000004     rtsv7M4_T_le_v4SPD16_eabi.lib : boot_cortex_m.c.obj (.stack)
                  200010ac    000001fc     --HOLE--

__llvm_prf_cnts 
*          0    20000000    00000000     UNINITIALIZED

MODULE SUMMARY

       Module                         code   ro data   rw data
       ------                         ----   -------   -------
    .\
       tm4c123gh6pm_startup_ccs.obj   12     620       0      
       main.obj                       2      0         0      
    +--+------------------------------+------+---------+---------+
       Total:                         14     620       0      
                                                              
    .\FreeRTOS\Source\
       tasks.obj                      6200   4         216    
       list.obj                       298    0         0      
    +--+------------------------------+------+---------+---------+
       Total:                         6498   4         216    
                                                              
    .\FreeRTOS\Source\portable\CCS\ARM_CM4F\
       port.obj                       688    8         12     
       portasm.obj                    218    0         0      
    +--+------------------------------+------+---------+---------+
       Total:                         906    8         12     
                                                              
    .\FreeRTOS\Source\portable\MemMang\
       heap_1.obj                     208    0         4104   
    +--+------------------------------+------+---------+---------+
       Total:                         208    0         4104   
                                                              
    C:\ti\ccs1250\ccs\tools\compiler\ti-cgt-arm_20.2.7.LTS\lib\rtsv7M4_T_le_v4SPD16_eabi.lib
       memcpy_t2.asm.obj              156    0         0      
       memset_t2.asm.obj              122    0         0      
       copy_decompress_lzss.c.obj     104    0         0      
       autoinit.c.obj                 68     0         0      
       boot_cortex_m.c.obj            52     0         0      
       copy_decompress_none.c.obj     14     0         0      
       copy_zero_init.c.obj           12     0         0      
       exit.c.obj                     4      0         0      
       pre_init.c.obj                 4      0         0      
    +--+------------------------------+------+---------+---------+
       Total:                         536    0         0      
                                                              
       Stack:                         0      0         512    
       Linker Generated:              0      54        0      
    +--+------------------------------+------+---------+---------+
       Grand Total:                   8162   686       4844   


LINKER GENERATED COPY TABLES

__TI_cinit_table @ 00002288 records: 2, size/record: 8, table size: 16
	.data: load addr=00002260, load size=00000012 bytes, run addr=200012a8, run size=00000044 bytes, compression=lzss
	.bss: load addr=00002280, load size=00000008 bytes, run addr=20000000, run size=000010a8 bytes, compression=zero_init


LINKER GENERATED HANDLER TABLE

__TI_handler_table @ 00002274 records: 3, size/record: 4, table size: 12
	index: 0, handler: __TI_decompress_lzss
	index: 1, handler: __TI_decompress_none
	index: 2, handler: __TI_zero_init


GLOBAL SYMBOLS: SORTED ALPHABETICALLY BY Name 

address   name                             
-------   ----                             
0000224f  C$$EXIT                          
0000223f  ResetISR                         
200012a8  __STACK_END                      
00000200  __STACK_SIZE                     
200012a8  __STACK_TOP                      
00002288  __TI_CINIT_Base                  
00002298  __TI_CINIT_Limit                 
00002274  __TI_Handler_Table_Base          
00002280  __TI_Handler_Table_Limit         
000021ad  __TI_auto_init_nobinit_nopinit   
00002143  __TI_decompress_lzss             
00002225  __TI_decompress_none             
ffffffff  __TI_pprof_out_hndl              
ffffffff  __TI_prof_data_size              
ffffffff  __TI_prof_data_start             
00000000  __TI_static_base__               
00002233  __TI_zero_init                   
000020c9  __aeabi_memclr                   
000020c9  __aeabi_memclr4                  
000020c9  __aeabi_memclr8                  
0000202d  __aeabi_memcpy                   
0000202d  __aeabi_memcpy4                  
0000202d  __aeabi_memcpy8                  
000020cb  __aeabi_memset                   
000020cb  __aeabi_memset4                  
000020cb  __aeabi_memset8                  
ffffffff  __binit__                        
ffffffff  __c_args__                       
UNDEFED   __mpu_init                       
200010a8  __stack                          
20000000  __start___llvm_prf_cnts          
20000000  __stop___llvm_prf_cnts           
000021f1  _c_int00_noargs                  
UNDEFED   _system_post_cinit               
0000224b  _system_pre_init                 
0000224f  abort                            
ffffffff  binit                            
00000000  g_pfnVectors                     
00001e7f  main                             
0000202d  memcpy                           
000020d1  memset                           
00000867  pcTaskGetName                    
00001f5d  pvPortMalloc                     
200012a8  pxCurrentTCB                     
00001aa5  pxPortInitialiseStack            
00002254  ulMaxSyscallInterruptPriority    
00001e91  ulPortGetIPSR                    
000011a7  ulTaskGenericNotifyTake          
000019bd  ulTaskGenericNotifyValueClear    
00001e37  uxListRemove                     
00000861  uxTaskGetNumberOfTasks           
00001185  uxTaskResetEventItemValue        
0000225c  uxTopUsedPriority                
00001d55  vListInitialise                  
00001d85  vListInitialiseItem              
00001dd1  vListInsert                      
00001d95  vListInsertEnd                   
00001f4d  vPortEnableVFP                   
00001be9  vPortEndScheduler                
00001c0d  vPortEnterCritical               
00001c4f  vPortExitCritical                
00001fe9  vPortFree                        
0000200d  vPortInitialiseBlocks            
00001f09  vPortSVCHandler                  
00001ca1  vPortSetupTimerInterrupt         
00001f29  vPortStartFirstTask              
00001cbd  vPortValidateInterruptPriority   
00000593  vTaskDelay                       
0000064f  vTaskEndScheduler                
000017a5  vTaskGenericNotifyGiveFromISR    
00000fff  vTaskInternalSetTimeOutState     
000010c1  vTaskMissedYield                 
00000c4f  vTaskPlaceOnEventList            
00000c89  vTaskPlaceOnUnorderedEventList   
00000e93  vTaskRemoveFromUnorderedEventList
00000af5  vTaskSetApplicationTaskTag       
00000fcd  vTaskSetTimeOutState             
000005e5  vTaskStartScheduler              
0000066b  vTaskSuspendAll                  
00000bc9  vTaskSwitchContext               
00002015  xPortGetFreeHeapSize             
00001ea9  xPortPendSVHandler               
00001b31  xPortStartScheduler              
00001c7b  xPortSysTickHandler              
00000b7f  xTaskCallApplicationTaskHook     
000008ad  xTaskCatchUpTicks                
00001021  xTaskCheckForTimeOut             
0000026d  xTaskCreate                      
000004b9  xTaskDelayUntil                  
00001369  xTaskGenericNotify               
0000154f  xTaskGenericNotifyFromISR        
00001955  xTaskGenericNotifyStateClear     
00001269  xTaskGenericNotifyWait           
00000b1b  xTaskGetApplicationTaskTag       
00000b45  xTaskGetApplicationTaskTagFromISR
00001175  xTaskGetCurrentTaskHandle        
0000083d  xTaskGetTickCount                
0000084d  xTaskGetTickCountFromISR         
00000919  xTaskIncrementTick               
00000d2d  xTaskRemoveFromEventList         
00000699  xTaskResumeAll                   


GLOBAL SYMBOLS: SORTED BY Symbol Address 

address   name                             
-------   ----                             
00000000  __TI_static_base__               
00000000  g_pfnVectors                     
00000200  __STACK_SIZE                     
0000026d  xTaskCreate                      
000004b9  xTaskDelayUntil                  
00000593  vTaskDelay                       
000005e5  vTaskStartScheduler              
0000064f  vTaskEndScheduler                
0000066b  vTaskSuspendAll                  
00000699  xTaskResumeAll                   
0000083d  xTaskGetTickCount                
0000084d  xTaskGetTickCountFromISR         
00000861  uxTaskGetNumberOfTasks           
00000867  pcTaskGetName                    
000008ad  xTaskCatchUpTicks                
00000919  xTaskIncrementTick               
00000af5  vTaskSetApplicationTaskTag       
00000b1b  xTaskGetApplicationTaskTag       
00000b45  xTaskGetApplicationTaskTagFromISR
00000b7f  xTaskCallApplicationTaskHook     
00000bc9  vTaskSwitchContext               
00000c4f  vTaskPlaceOnEventList            
00000c89  vTaskPlaceOnUnorderedEventList   
00000d2d  xTaskRemoveFromEventList         
00000e93  vTaskRemoveFromUnorderedEventList
00000fcd  vTaskSetTimeOutState             
00000fff  vTaskInternalSetTimeOutState     
00001021  xTaskCheckForTimeOut             
000010c1  vTaskMissedYield                 
00001175  xTaskGetCurrentTaskHandle        
00001185  uxTaskResetEventItemValue        
000011a7  ulTaskGenericNotifyTake          
00001269  xTaskGenericNotifyWait           
00001369  xTaskGenericNotify               
0000154f  xTaskGenericNotifyFromISR        
000017a5  vTaskGenericNotifyGiveFromISR    
00001955  xTaskGenericNotifyStateClear     
000019bd  ulTaskGenericNotifyValueClear    
00001aa5  pxPortInitialiseStack            
00001b31  xPortStartScheduler              
00001be9  vPortEndScheduler                
00001c0d  vPortEnterCritical               
00001c4f  vPortExitCritical                
00001c7b  xPortSysTickHandler              
00001ca1  vPortSetupTimerInterrupt         
00001cbd  vPortValidateInterruptPriority   
00001d55  vListInitialise                  
00001d85  vListInitialiseItem              
00001d95  vListInsertEnd                   
00001dd1  vListInsert                      
00001e37  uxListRemove                     
00001e7f  main                             
00001e91  ulPortGetIPSR                    
00001ea9  xPortPendSVHandler               
00001f09  vPortSVCHandler                  
00001f29  vPortStartFirstTask              
00001f4d  vPortEnableVFP                   
00001f5d  pvPortMalloc                     
00001fe9  vPortFree                        
0000200d  vPortInitialiseBlocks            
00002015  xPortGetFreeHeapSize             
0000202d  __aeabi_memcpy                   
0000202d  __aeabi_memcpy4                  
0000202d  __aeabi_memcpy8                  
0000202d  memcpy                           
000020c9  __aeabi_memclr                   
000020c9  __aeabi_memclr4                  
000020c9  __aeabi_memclr8                  
000020cb  __aeabi_memset                   
000020cb  __aeabi_memset4                  
000020cb  __aeabi_memset8                  
000020d1  memset                           
00002143  __TI_decompress_lzss             
000021ad  __TI_auto_init_nobinit_nopinit   
000021f1  _c_int00_noargs                  
00002225  __TI_decompress_none             
00002233  __TI_zero_init                   
0000223f  ResetISR                         
0000224b  _system_pre_init                 
0000224f  C$$EXIT                          
0000224f  abort                            
00002254  ulMaxSyscallInterruptPriority    
0000225c  uxTopUsedPriority                
00002274  __TI_Handler_Table_Base          
00002280  __TI_Handler_Table_Limit         
00002288  __TI_CINIT_Base                  
00002298  __TI_CINIT_Limit                 
20000000  __start___llvm_prf_cnts          
20000000  __stop___llvm_prf_cnts           
200010a8  __stack                          
200012a8  __STACK_END                      
200012a8  __STACK_TOP                      
200012a8  pxCurrentTCB                     
ffffffff  __TI_pprof_out_hndl              
ffffffff  __TI_prof_data_size              
ffffffff  __TI_prof_data_start             
ffffffff  __binit__                        
ffffffff  __c_args__                       
ffffffff  binit                            
UNDEFED   __mpu_init                       
UNDEFED   _system_post_cinit               

[101 symbols]
