<?xml version="1.0" encoding="ISO-8859-1" ?>
<link_info>
   <banner>TI ARM Linker PC v20.2.7.LTS</banner>
   <copyright>Copyright (c) 1996-2018 Texas Instruments Incorporated</copyright>
   <link_time>0x661d77e8</link_time>
   <link_errors>0x0</link_errors>
   <output_file>Seat Heater Control System.out</output_file>
   <entry_point>
      <name>_c_int00_noargs</name>
      <address>0x5e65</address>
   </entry_point>
   <input_file_list>
      <input_file id="fl-2">
         <path>.\</path>
         <kind>object</kind>
         <file>main.obj</file>
         <name>main.obj</name>
      </input_file>
      <input_file id="fl-3">
         <path>.\</path>
         <kind>object</kind>
         <file>tm4c123gh6pm_startup_ccs.obj</file>
         <name>tm4c123gh6pm_startup_ccs.obj</name>
      </input_file>
      <input_file id="fl-4">
         <path>.\APP\</path>
         <kind>object</kind>
         <file>app.obj</file>
         <name>app.obj</name>
      </input_file>
      <input_file id="fl-5">
         <path>.\FreeRTOS\Source\</path>
         <kind>object</kind>
         <file>event_groups.obj</file>
         <name>event_groups.obj</name>
      </input_file>
      <input_file id="fl-6">
         <path>.\FreeRTOS\Source\</path>
         <kind>object</kind>
         <file>list.obj</file>
         <name>list.obj</name>
      </input_file>
      <input_file id="fl-7">
         <path>.\FreeRTOS\Source\</path>
         <kind>object</kind>
         <file>queue.obj</file>
         <name>queue.obj</name>
      </input_file>
      <input_file id="fl-8">
         <path>.\FreeRTOS\Source\</path>
         <kind>object</kind>
         <file>tasks.obj</file>
         <name>tasks.obj</name>
      </input_file>
      <input_file id="fl-9">
         <path>.\FreeRTOS\Source\</path>
         <kind>object</kind>
         <file>timers.obj</file>
         <name>timers.obj</name>
      </input_file>
      <input_file id="fl-a">
         <path>.\FreeRTOS\Source\portable\CCS\ARM_CM4F\</path>
         <kind>object</kind>
         <file>port.obj</file>
         <name>port.obj</name>
      </input_file>
      <input_file id="fl-b">
         <path>.\FreeRTOS\Source\portable\CCS\ARM_CM4F\</path>
         <kind>object</kind>
         <file>portasm.obj</file>
         <name>portasm.obj</name>
      </input_file>
      <input_file id="fl-c">
         <path>.\FreeRTOS\Source\portable\MemMang\</path>
         <kind>object</kind>
         <file>heap_1.obj</file>
         <name>heap_1.obj</name>
      </input_file>
      <input_file id="fl-d">
         <path>.\HAL\Heater\</path>
         <kind>object</kind>
         <file>heater.obj</file>
         <name>heater.obj</name>
      </input_file>
      <input_file id="fl-e">
         <path>.\HAL\LM35\</path>
         <kind>object</kind>
         <file>lm35.obj</file>
         <name>lm35.obj</name>
      </input_file>
      <input_file id="fl-f">
         <path>.\MCAL\ADC\</path>
         <kind>object</kind>
         <file>adc.obj</file>
         <name>adc.obj</name>
      </input_file>
      <input_file id="fl-10">
         <path>.\MCAL\DIO\</path>
         <kind>object</kind>
         <file>Dio.obj</file>
         <name>Dio.obj</name>
      </input_file>
      <input_file id="fl-11">
         <path>.\MCAL\DIO\</path>
         <kind>object</kind>
         <file>Dio_PBcfg.obj</file>
         <name>Dio_PBcfg.obj</name>
      </input_file>
      <input_file id="fl-12">
         <path>.\MCAL\GPTM\</path>
         <kind>object</kind>
         <file>GPTM.obj</file>
         <name>GPTM.obj</name>
      </input_file>
      <input_file id="fl-13">
         <path>.\MCAL\PORT\</path>
         <kind>object</kind>
         <file>Det.obj</file>
         <name>Det.obj</name>
      </input_file>
      <input_file id="fl-14">
         <path>.\MCAL\PORT\</path>
         <kind>object</kind>
         <file>Port.obj</file>
         <name>Port.obj</name>
      </input_file>
      <input_file id="fl-15">
         <path>.\MCAL\PORT\</path>
         <kind>object</kind>
         <file>Port_PBcfg.obj</file>
         <name>Port_PBcfg.obj</name>
      </input_file>
      <input_file id="fl-16">
         <path>.\MCAL\UART\</path>
         <kind>object</kind>
         <file>uart0.obj</file>
         <name>uart0.obj</name>
      </input_file>
      <input_file id="fl-1a">
         <kind>object</kind>
         <file>&lt;internal&gt;</file>
         <name>&lt;internal&gt;</name>
      </input_file>
      <input_file id="fl-d0">
         <path>C:\ti\ccs1250\ccs\tools\compiler\ti-cgt-arm_20.2.7.LTS\lib\</path>
         <kind>archive</kind>
         <file>rtsv7M4_T_le_v4SPD16_eabi.lib</file>
         <name>sprintf.c.obj</name>
      </input_file>
      <input_file id="fl-d1">
         <path>C:\ti\ccs1250\ccs\tools\compiler\ti-cgt-arm_20.2.7.LTS\lib\</path>
         <kind>archive</kind>
         <file>rtsv7M4_T_le_v4SPD16_eabi.lib</file>
         <name>fd_div_t2.asm.obj</name>
      </input_file>
      <input_file id="fl-d2">
         <path>C:\ti\ccs1250\ccs\tools\compiler\ti-cgt-arm_20.2.7.LTS\lib\</path>
         <kind>archive</kind>
         <file>rtsv7M4_T_le_v4SPD16_eabi.lib</file>
         <name>fd_mul_t2.asm.obj</name>
      </input_file>
      <input_file id="fl-d3">
         <path>C:\ti\ccs1250\ccs\tools\compiler\ti-cgt-arm_20.2.7.LTS\lib\</path>
         <kind>archive</kind>
         <file>rtsv7M4_T_le_v4SPD16_eabi.lib</file>
         <name>fd_toi_t2.asm.obj</name>
      </input_file>
      <input_file id="fl-d4">
         <path>C:\ti\ccs1250\ccs\tools\compiler\ti-cgt-arm_20.2.7.LTS\lib\</path>
         <kind>archive</kind>
         <file>rtsv7M4_T_le_v4SPD16_eabi.lib</file>
         <name>memcpy_t2.asm.obj</name>
      </input_file>
      <input_file id="fl-d5">
         <path>C:\ti\ccs1250\ccs\tools\compiler\ti-cgt-arm_20.2.7.LTS\lib\</path>
         <kind>archive</kind>
         <file>rtsv7M4_T_le_v4SPD16_eabi.lib</file>
         <name>ull_tofd_t2.asm.obj</name>
      </input_file>
      <input_file id="fl-d6">
         <path>C:\ti\ccs1250\ccs\tools\compiler\ti-cgt-arm_20.2.7.LTS\lib\</path>
         <kind>archive</kind>
         <file>rtsv7M4_T_le_v4SPD16_eabi.lib</file>
         <name>memset_t2.asm.obj</name>
      </input_file>
      <input_file id="fl-d7">
         <path>C:\ti\ccs1250\ccs\tools\compiler\ti-cgt-arm_20.2.7.LTS\lib\</path>
         <kind>archive</kind>
         <file>rtsv7M4_T_le_v4SPD16_eabi.lib</file>
         <name>ll_div_t2.asm.obj</name>
      </input_file>
      <input_file id="fl-d8">
         <path>C:\ti\ccs1250\ccs\tools\compiler\ti-cgt-arm_20.2.7.LTS\lib\</path>
         <kind>archive</kind>
         <file>rtsv7M4_T_le_v4SPD16_eabi.lib</file>
         <name>ull_div_t2.asm.obj</name>
      </input_file>
      <input_file id="fl-d9">
         <path>C:\ti\ccs1250\ccs\tools\compiler\ti-cgt-arm_20.2.7.LTS\lib\</path>
         <kind>archive</kind>
         <file>rtsv7M4_T_le_v4SPD16_eabi.lib</file>
         <name>copy_zero_init.c.obj</name>
      </input_file>
      <input_file id="fl-da">
         <path>C:\ti\ccs1250\ccs\tools\compiler\ti-cgt-arm_20.2.7.LTS\lib\</path>
         <kind>archive</kind>
         <file>rtsv7M4_T_le_v4SPD16_eabi.lib</file>
         <name>copy_decompress_none.c.obj</name>
      </input_file>
      <input_file id="fl-db">
         <path>C:\ti\ccs1250\ccs\tools\compiler\ti-cgt-arm_20.2.7.LTS\lib\</path>
         <kind>archive</kind>
         <file>rtsv7M4_T_le_v4SPD16_eabi.lib</file>
         <name>copy_decompress_lzss.c.obj</name>
      </input_file>
      <input_file id="fl-dc">
         <path>C:\ti\ccs1250\ccs\tools\compiler\ti-cgt-arm_20.2.7.LTS\lib\</path>
         <kind>archive</kind>
         <file>rtsv7M4_T_le_v4SPD16_eabi.lib</file>
         <name>strcpy.c.obj</name>
      </input_file>
      <input_file id="fl-dd">
         <path>C:\ti\ccs1250\ccs\tools\compiler\ti-cgt-arm_20.2.7.LTS\lib\</path>
         <kind>archive</kind>
         <file>rtsv7M4_T_le_v4SPD16_eabi.lib</file>
         <name>strlen.c.obj</name>
      </input_file>
      <input_file id="fl-de">
         <path>C:\ti\ccs1250\ccs\tools\compiler\ti-cgt-arm_20.2.7.LTS\lib\</path>
         <kind>archive</kind>
         <file>rtsv7M4_T_le_v4SPD16_eabi.lib</file>
         <name>boot_cortex_m.c.obj</name>
      </input_file>
      <input_file id="fl-df">
         <path>C:\ti\ccs1250\ccs\tools\compiler\ti-cgt-arm_20.2.7.LTS\lib\</path>
         <kind>archive</kind>
         <file>rtsv7M4_T_le_v4SPD16_eabi.lib</file>
         <name>_printfi.c.obj</name>
      </input_file>
      <input_file id="fl-e0">
         <path>C:\ti\ccs1250\ccs\tools\compiler\ti-cgt-arm_20.2.7.LTS\lib\</path>
         <kind>archive</kind>
         <file>rtsv7M4_T_le_v4SPD16_eabi.lib</file>
         <name>div0.asm.obj</name>
      </input_file>
      <input_file id="fl-e1">
         <path>C:\ti\ccs1250\ccs\tools\compiler\ti-cgt-arm_20.2.7.LTS\lib\</path>
         <kind>archive</kind>
         <file>rtsv7M4_T_le_v4SPD16_eabi.lib</file>
         <name>fd_add_t2.asm.obj</name>
      </input_file>
      <input_file id="fl-e2">
         <path>C:\ti\ccs1250\ccs\tools\compiler\ti-cgt-arm_20.2.7.LTS\lib\</path>
         <kind>archive</kind>
         <file>rtsv7M4_T_le_v4SPD16_eabi.lib</file>
         <name>fd_cmp_t2.asm.obj</name>
      </input_file>
      <input_file id="fl-e3">
         <path>C:\ti\ccs1250\ccs\tools\compiler\ti-cgt-arm_20.2.7.LTS\lib\</path>
         <kind>archive</kind>
         <file>rtsv7M4_T_le_v4SPD16_eabi.lib</file>
         <name>i_tofd_t2.asm.obj</name>
      </input_file>
      <input_file id="fl-e4">
         <path>C:\ti\ccs1250\ccs\tools\compiler\ti-cgt-arm_20.2.7.LTS\lib\</path>
         <kind>archive</kind>
         <file>rtsv7M4_T_le_v4SPD16_eabi.lib</file>
         <name>autoinit.c.obj</name>
      </input_file>
      <input_file id="fl-e5">
         <path>C:\ti\ccs1250\ccs\tools\compiler\ti-cgt-arm_20.2.7.LTS\lib\</path>
         <kind>archive</kind>
         <file>rtsv7M4_T_le_v4SPD16_eabi.lib</file>
         <name>pre_init.c.obj</name>
      </input_file>
      <input_file id="fl-e6">
         <path>C:\ti\ccs1250\ccs\tools\compiler\ti-cgt-arm_20.2.7.LTS\lib\</path>
         <kind>archive</kind>
         <file>rtsv7M4_T_le_v4SPD16_eabi.lib</file>
         <name>cpy_tbl.c.obj</name>
      </input_file>
      <input_file id="fl-e7">
         <path>C:\ti\ccs1250\ccs\tools\compiler\ti-cgt-arm_20.2.7.LTS\lib\</path>
         <kind>archive</kind>
         <file>rtsv7M4_T_le_v4SPD16_eabi.lib</file>
         <name>exit.c.obj</name>
      </input_file>
      <input_file id="fl-e8">
         <path>C:\ti\ccs1250\ccs\tools\compiler\ti-cgt-arm_20.2.7.LTS\lib\</path>
         <kind>archive</kind>
         <file>rtsv7M4_T_le_v4SPD16_eabi.lib</file>
         <name>_lock.c.obj</name>
      </input_file>
      <input_file id="fl-e9">
         <path>C:\ti\ccs1250\ccs\tools\compiler\ti-cgt-arm_20.2.7.LTS\lib\</path>
         <kind>archive</kind>
         <file>rtsv7M4_T_le_v4SPD16_eabi.lib</file>
         <name>_ltoa.c.obj</name>
      </input_file>
      <input_file id="fl-ea">
         <path>C:\ti\ccs1250\ccs\tools\compiler\ti-cgt-arm_20.2.7.LTS\lib\</path>
         <kind>archive</kind>
         <file>rtsv7M4_T_le_v4SPD16_eabi.lib</file>
         <name>args_main.c.obj</name>
      </input_file>
      <input_file id="fl-eb">
         <path>C:\ti\ccs1250\ccs\tools\compiler\ti-cgt-arm_20.2.7.LTS\lib\</path>
         <kind>archive</kind>
         <file>rtsv7M4_T_le_v4SPD16_eabi.lib</file>
         <name>atoi.c.obj</name>
      </input_file>
      <input_file id="fl-ec">
         <path>C:\ti\ccs1250\ccs\tools\compiler\ti-cgt-arm_20.2.7.LTS\lib\</path>
         <kind>archive</kind>
         <file>rtsv7M4_T_le_v4SPD16_eabi.lib</file>
         <name>ctype.c.obj</name>
      </input_file>
      <input_file id="fl-ed">
         <path>C:\ti\ccs1250\ccs\tools\compiler\ti-cgt-arm_20.2.7.LTS\lib\</path>
         <kind>archive</kind>
         <file>rtsv7M4_T_le_v4SPD16_eabi.lib</file>
         <name>memccpy.c.obj</name>
      </input_file>
      <input_file id="fl-ee">
         <path>C:\ti\ccs1250\ccs\tools\compiler\ti-cgt-arm_20.2.7.LTS\lib\</path>
         <kind>archive</kind>
         <file>rtsv7M4_T_le_v4SPD16_eabi.lib</file>
         <name>strchr.c.obj</name>
      </input_file>
      <input_file id="fl-ef">
         <path>C:\ti\ccs1250\ccs\tools\compiler\ti-cgt-arm_20.2.7.LTS\lib\</path>
         <kind>archive</kind>
         <file>rtsv7M4_T_le_v4SPD16_eabi.lib</file>
         <name>errno.c.obj</name>
      </input_file>
      <input_file id="fl-f0">
         <path>C:\ti\ccs1250\ccs\tools\compiler\ti-cgt-arm_20.2.7.LTS\lib\</path>
         <kind>archive</kind>
         <file>rtsv7M4_T_le_v4SPD16_eabi.lib</file>
         <name>wcslen.c.obj</name>
      </input_file>
      <input_file id="fl-f1">
         <path>C:\ti\ccs1250\ccs\tools\compiler\ti-cgt-arm_20.2.7.LTS\lib\</path>
         <kind>archive</kind>
         <file>rtsv7M4_T_le_v4SPD16_eabi.lib</file>
         <name>s_frexp.c.obj</name>
      </input_file>
      <input_file id="fl-f2">
         <path>C:\ti\ccs1250\ccs\tools\compiler\ti-cgt-arm_20.2.7.LTS\lib\</path>
         <kind>archive</kind>
         <file>rtsv7M4_T_le_v4SPD16_eabi.lib</file>
         <name>s_scalbn.c.obj</name>
      </input_file>
      <input_file id="fl-f3">
         <path>C:\ti\ccs1250\ccs\tools\compiler\ti-cgt-arm_20.2.7.LTS\lib\</path>
         <kind>archive</kind>
         <file>rtsv7M4_T_le_v4SPD16_eabi.lib</file>
         <name>s_copysign.c.obj</name>
      </input_file>
   </input_file_list>
   <object_component_list>
      <object_component id="oc-12">
         <name>.intvecs</name>
         <load_address>0x0</load_address>
         <run_address>0x0</run_address>
         <size>0x26c</size>
         <input_file_ref idref="fl-3"/>
      </object_component>
      <object_component id="oc-7f">
         <name>.text</name>
         <load_address>0x26c</load_address>
         <run_address>0x26c</run_address>
         <size>0x2128</size>
         <input_file_ref idref="fl-8"/>
      </object_component>
      <object_component id="oc-1c9">
         <name>.text:__TI_printfi</name>
         <load_address>0x2394</load_address>
         <run_address>0x2394</run_address>
         <size>0xa4e</size>
         <input_file_ref idref="fl-df"/>
      </object_component>
      <object_component id="oc-3cb">
         <name>.text</name>
         <load_address>0x2de2</load_address>
         <run_address>0x2de2</run_address>
         <size>0x2</size>
         <input_file_ref idref="fl-e0"/>
      </object_component>
      <object_component id="oc-1f9">
         <name>.text</name>
         <load_address>0x2de4</load_address>
         <run_address>0x2de4</run_address>
         <size>0x9a4</size>
         <input_file_ref idref="fl-14"/>
      </object_component>
      <object_component id="oc-14c">
         <name>.text</name>
         <load_address>0x3788</load_address>
         <run_address>0x3788</run_address>
         <size>0x944</size>
         <input_file_ref idref="fl-4"/>
      </object_component>
      <object_component id="oc-1ff">
         <name>.text</name>
         <load_address>0x40cc</load_address>
         <run_address>0x40cc</run_address>
         <size>0x2e8</size>
         <input_file_ref idref="fl-10"/>
      </object_component>
      <object_component id="oc-32">
         <name>.text</name>
         <load_address>0x43b4</load_address>
         <run_address>0x43b4</run_address>
         <size>0x2b0</size>
         <input_file_ref idref="fl-a"/>
      </object_component>
      <object_component id="oc-2a0">
         <name>.text:_pconv_a</name>
         <load_address>0x4664</load_address>
         <run_address>0x4664</run_address>
         <size>0x270</size>
         <input_file_ref idref="fl-df"/>
      </object_component>
      <object_component id="oc-28e">
         <name>.text:_pconv_g</name>
         <load_address>0x48d4</load_address>
         <run_address>0x48d4</run_address>
         <size>0x1d0</size>
         <input_file_ref idref="fl-df"/>
      </object_component>
      <object_component id="oc-364">
         <name>.text</name>
         <load_address>0x4aa4</load_address>
         <run_address>0x4aa4</run_address>
         <size>0x1b6</size>
         <input_file_ref idref="fl-e1"/>
      </object_component>
      <object_component id="oc-205">
         <name>.text</name>
         <load_address>0x4c5c</load_address>
         <run_address>0x4c5c</run_address>
         <size>0x150</size>
         <input_file_ref idref="fl-16"/>
      </object_component>
      <object_component id="oc-29a">
         <name>.text:_pconv_e</name>
         <load_address>0x4dac</load_address>
         <run_address>0x4dac</run_address>
         <size>0x13c</size>
         <input_file_ref idref="fl-df"/>
      </object_component>
      <object_component id="oc-34a">
         <name>.text</name>
         <load_address>0x4ee8</load_address>
         <run_address>0x4ee8</run_address>
         <size>0x136</size>
         <input_file_ref idref="fl-d1"/>
      </object_component>
      <object_component id="oc-e4">
         <name>.text</name>
         <load_address>0x501e</load_address>
         <run_address>0x501e</run_address>
         <size>0x12a</size>
         <input_file_ref idref="fl-6"/>
      </object_component>
      <object_component id="oc-376">
         <name>.text:fcvt</name>
         <load_address>0x5148</load_address>
         <run_address>0x5148</run_address>
         <size>0x124</size>
         <input_file_ref idref="fl-df"/>
      </object_component>
      <object_component id="oc-38a">
         <name>.text:scalbn</name>
         <load_address>0x526c</load_address>
         <run_address>0x526c</run_address>
         <size>0x110</size>
         <input_file_ref idref="fl-f2"/>
      </object_component>
      <object_component id="oc-345">
         <name>.text</name>
         <load_address>0x537c</load_address>
         <run_address>0x537c</run_address>
         <size>0xfc</size>
         <input_file_ref idref="fl-d2"/>
      </object_component>
      <object_component id="oc-2d">
         <name>.text</name>
         <load_address>0x5478</load_address>
         <run_address>0x5478</run_address>
         <size>0xda</size>
         <input_file_ref idref="fl-b"/>
      </object_component>
      <object_component id="oc-de">
         <name>.text</name>
         <load_address>0x5554</load_address>
         <run_address>0x5554</run_address>
         <size>0xd0</size>
         <input_file_ref idref="fl-c"/>
      </object_component>
      <object_component id="oc-283">
         <name>.text:_ltostr</name>
         <load_address>0x5624</load_address>
         <run_address>0x5624</run_address>
         <size>0xb1</size>
         <input_file_ref idref="fl-df"/>
      </object_component>
      <object_component id="oc-46">
         <name>.text</name>
         <load_address>0x56d6</load_address>
         <run_address>0x56d6</run_address>
         <size>0x9c</size>
         <input_file_ref idref="fl-d4"/>
      </object_component>
      <object_component id="oc-33e">
         <name>.text</name>
         <load_address>0x5772</load_address>
         <run_address>0x5772</run_address>
         <size>0x96</size>
         <input_file_ref idref="fl-d8"/>
      </object_component>
      <object_component id="oc-289">
         <name>.text:__aeabi_cdcmple</name>
         <load_address>0x5808</load_address>
         <run_address>0x5808</run_address>
         <size>0x86</size>
         <input_file_ref idref="fl-e2"/>
      </object_component>
      <object_component id="oc-34f">
         <name>.text:__aeabi_cdrcmple</name>
         <load_address>0x588e</load_address>
         <run_address>0x588e</run_address>
         <size>0x86</size>
         <input_file_ref idref="fl-e2"/>
      </object_component>
      <object_component id="oc-20b">
         <name>.text</name>
         <load_address>0x5914</load_address>
         <run_address>0x5914</run_address>
         <size>0x80</size>
         <input_file_ref idref="fl-f"/>
      </object_component>
      <object_component id="oc-b6">
         <name>.text</name>
         <load_address>0x5994</load_address>
         <run_address>0x5994</run_address>
         <size>0x7a</size>
         <input_file_ref idref="fl-d6"/>
      </object_component>
      <object_component id="oc-36f">
         <name>.text:_mcpy</name>
         <load_address>0x5a0e</load_address>
         <run_address>0x5a0e</run_address>
         <size>0x6e</size>
         <input_file_ref idref="fl-df"/>
      </object_component>
      <object_component id="oc-2e5">
         <name>.text</name>
         <load_address>0x5a7c</load_address>
         <run_address>0x5a7c</run_address>
         <size>0x6e</size>
         <input_file_ref idref="fl-d7"/>
      </object_component>
      <object_component id="oc-15">
         <name>.text:decompress:lzss:__TI_decompress_lzss</name>
         <load_address>0x5aea</load_address>
         <run_address>0x5aea</run_address>
         <size>0x68</size>
         <input_file_ref idref="fl-db"/>
      </object_component>
      <object_component id="oc-384">
         <name>.text:frexp</name>
         <load_address>0x5b54</load_address>
         <run_address>0x5b54</run_address>
         <size>0x64</size>
         <input_file_ref idref="fl-f1"/>
      </object_component>
      <object_component id="oc-294">
         <name>.text:_pconv_f</name>
         <load_address>0x5bb8</load_address>
         <run_address>0x5bb8</run_address>
         <size>0x56</size>
         <input_file_ref idref="fl-df"/>
      </object_component>
      <object_component id="oc-f3">
         <name>.text</name>
         <load_address>0x5c10</load_address>
         <run_address>0x5c10</run_address>
         <size>0x54</size>
         <input_file_ref idref="fl-12"/>
      </object_component>
      <object_component id="oc-359">
         <name>.text:__TI_ltoa</name>
         <load_address>0x5c64</load_address>
         <run_address>0x5c64</run_address>
         <size>0x54</size>
         <input_file_ref idref="fl-e9"/>
      </object_component>
      <object_component id="oc-369">
         <name>.text:_ecpy</name>
         <load_address>0x5cb8</load_address>
         <run_address>0x5cb8</run_address>
         <size>0x52</size>
         <input_file_ref idref="fl-df"/>
      </object_component>
      <object_component id="oc-27d">
         <name>.text:atoi</name>
         <load_address>0x5d0c</load_address>
         <run_address>0x5d0c</run_address>
         <size>0x4c</size>
         <input_file_ref idref="fl-eb"/>
      </object_component>
      <object_component id="oc-354">
         <name>.text</name>
         <load_address>0x5d58</load_address>
         <run_address>0x5d58</run_address>
         <size>0x48</size>
         <input_file_ref idref="fl-d3"/>
      </object_component>
      <object_component id="oc-15f">
         <name>.text:__TI_auto_init_nobinit_nopinit:__TI_auto_init_nobinit_nopinit</name>
         <load_address>0x5da0</load_address>
         <run_address>0x5da0</run_address>
         <size>0x44</size>
         <input_file_ref idref="fl-e4"/>
      </object_component>
      <object_component id="oc-111">
         <name>.text:sprintf</name>
         <load_address>0x5de4</load_address>
         <run_address>0x5de4</run_address>
         <size>0x40</size>
         <input_file_ref idref="fl-d0"/>
      </object_component>
      <object_component id="oc-37c">
         <name>.text:_fcpy</name>
         <load_address>0x5e24</load_address>
         <run_address>0x5e24</run_address>
         <size>0x3e</size>
         <input_file_ref idref="fl-df"/>
      </object_component>
      <object_component id="oc-64">
         <name>.text:_c_int00_noargs:_c_int00_noargs</name>
         <load_address>0x5e64</load_address>
         <run_address>0x5e64</run_address>
         <size>0x34</size>
         <input_file_ref idref="fl-de"/>
      </object_component>
      <object_component id="oc-35f">
         <name>.text</name>
         <load_address>0x5e98</load_address>
         <run_address>0x5e98</run_address>
         <size>0x2e</size>
         <input_file_ref idref="fl-e3"/>
      </object_component>
      <object_component id="oc-2a6">
         <name>.text:memccpy</name>
         <load_address>0x5ec6</load_address>
         <run_address>0x5ec6</run_address>
         <size>0x1c</size>
         <input_file_ref idref="fl-ed"/>
      </object_component>
      <object_component id="oc-3ff">
         <name>.text:copysign</name>
         <load_address>0x5ee2</load_address>
         <run_address>0x5ee2</run_address>
         <size>0x1a</size>
         <input_file_ref idref="fl-f3"/>
      </object_component>
      <object_component id="oc-1cf">
         <name>.text:_outs</name>
         <load_address>0x5efc</load_address>
         <run_address>0x5efc</run_address>
         <size>0x18</size>
         <input_file_ref idref="fl-d0"/>
      </object_component>
      <object_component id="oc-2d5">
         <name>.text</name>
         <load_address>0x5f14</load_address>
         <run_address>0x5f14</run_address>
         <size>0x16</size>
         <input_file_ref idref="fl-13"/>
      </object_component>
      <object_component id="oc-390">
         <name>.text:strchr</name>
         <load_address>0x5f2a</load_address>
         <run_address>0x5f2a</run_address>
         <size>0x16</size>
         <input_file_ref idref="fl-ee"/>
      </object_component>
      <object_component id="oc-ff">
         <name>.text:strcpy</name>
         <load_address>0x5f40</load_address>
         <run_address>0x5f40</run_address>
         <size>0x14</size>
         <input_file_ref idref="fl-dc"/>
      </object_component>
      <object_component id="oc-105">
         <name>.text:strlen</name>
         <load_address>0x5f54</load_address>
         <run_address>0x5f54</run_address>
         <size>0x14</size>
         <input_file_ref idref="fl-dd"/>
      </object_component>
      <object_component id="oc-2ac">
         <name>.text:wcslen</name>
         <load_address>0x5f68</load_address>
         <run_address>0x5f68</run_address>
         <size>0x12</size>
         <input_file_ref idref="fl-f0"/>
      </object_component>
      <object_component id="oc-248">
         <name>.text</name>
         <load_address>0x5f7a</load_address>
         <run_address>0x5f7a</run_address>
         <size>0x10</size>
         <input_file_ref idref="fl-d"/>
      </object_component>
      <object_component id="oc-1b">
         <name>.text:decompress:none:__TI_decompress_none</name>
         <load_address>0x5f8a</load_address>
         <run_address>0x5f8a</run_address>
         <size>0xe</size>
         <input_file_ref idref="fl-da"/>
      </object_component>
      <object_component id="oc-58">
         <name>.text:decompress:ZI:__TI_zero_init</name>
         <load_address>0x5f98</load_address>
         <run_address>0x5f98</run_address>
         <size>0xc</size>
         <input_file_ref idref="fl-d9"/>
      </object_component>
      <object_component id="oc-c2">
         <name>.text</name>
         <load_address>0x5fa4</load_address>
         <run_address>0x5fa4</run_address>
         <size>0xc</size>
         <input_file_ref idref="fl-2"/>
      </object_component>
      <object_component id="oc-27">
         <name>.text</name>
         <load_address>0x5fb0</load_address>
         <run_address>0x5fb0</run_address>
         <size>0xc</size>
         <input_file_ref idref="fl-3"/>
      </object_component>
      <object_component id="oc-1d5">
         <name>.text:_outc</name>
         <load_address>0x5fbc</load_address>
         <run_address>0x5fbc</run_address>
         <size>0xa</size>
         <input_file_ref idref="fl-d0"/>
      </object_component>
      <object_component id="oc-2b2">
         <name>.text:__aeabi_errno_addr</name>
         <load_address>0x5fc8</load_address>
         <run_address>0x5fc8</run_address>
         <size>0x8</size>
         <input_file_ref idref="fl-ef"/>
      </object_component>
      <object_component id="oc-bc">
         <name>.text:_system_pre_init</name>
         <load_address>0x5fd0</load_address>
         <run_address>0x5fd0</run_address>
         <size>0x4</size>
         <input_file_ref idref="fl-e5"/>
      </object_component>
      <object_component id="oc-153">
         <name>.text:abort:abort</name>
         <load_address>0x5fd4</load_address>
         <run_address>0x5fd4</run_address>
         <size>0x4</size>
         <input_file_ref idref="fl-e7"/>
      </object_component>
      <object_component id="oc-211">
         <name>.const:Port_Configuration</name>
         <load_address>0x5fd8</load_address>
         <run_address>0x5fd8</run_address>
         <size>0x12d</size>
         <input_file_ref idref="fl-15"/>
      </object_component>
      <object_component id="oc-339">
         <name>.const:.string:_ctypes_</name>
         <load_address>0x6105</load_address>
         <run_address>0x6105</run_address>
         <size>0x101</size>
         <input_file_ref idref="fl-ec"/>
      </object_component>
      <object_component id="oc-214">
         <name>.const:Dio_Configuration</name>
         <load_address>0x6206</load_address>
         <run_address>0x6206</run_address>
         <size>0xc</size>
         <input_file_ref idref="fl-11"/>
      </object_component>
      <object_component id="oc-7c">
         <name>.const</name>
         <load_address>0x6214</load_address>
         <run_address>0x6214</run_address>
         <size>0x8</size>
         <input_file_ref idref="fl-a"/>
      </object_component>
      <object_component id="oc-fc">
         <name>.const</name>
         <load_address>0x621c</load_address>
         <run_address>0x621c</run_address>
         <size>0x4</size>
         <input_file_ref idref="fl-8"/>
      </object_component>
      <object_component id="oc-457">
         <name>.cinit..data.load</name>
         <load_address>0x6220</load_address>
         <run_address>0x6220</run_address>
         <size>0x53</size>
      </object_component>
      <object_component id="oc-455">
         <name>__TI_handler_table</name>
         <load_address>0x6274</load_address>
         <run_address>0x6274</run_address>
         <size>0xc</size>
      </object_component>
      <object_component id="oc-458">
         <name>.cinit..bss.load</name>
         <load_address>0x6280</load_address>
         <run_address>0x6280</run_address>
         <size>0x8</size>
      </object_component>
      <object_component id="oc-456">
         <name>__TI_cinit_table</name>
         <load_address>0x6288</load_address>
         <run_address>0x6288</run_address>
         <size>0x10</size>
      </object_component>
      <object_component id="oc-245">
         <name>.data</name>
         <load_address>0x2000558c</load_address>
         <run_address>0x2000558c</run_address>
         <size>0x8</size>
         <input_file_ref idref="fl-4"/>
      </object_component>
      <object_component id="oc-218">
         <name>.data:DrivingWheelButtonTaskParameter</name>
         <load_address>0x2000556c</load_address>
         <run_address>0x2000556c</run_address>
         <size>0x8</size>
         <input_file_ref idref="fl-4"/>
      </object_component>
      <object_component id="oc-21c">
         <name>.data:DriverSeatConsoleButtonTaskParameter</name>
         <load_address>0x20005554</load_address>
         <run_address>0x20005554</run_address>
         <size>0x8</size>
         <input_file_ref idref="fl-4"/>
      </object_component>
      <object_component id="oc-220">
         <name>.data:PassengerSeatConsoleButtonTaskParameter</name>
         <load_address>0x20005574</load_address>
         <run_address>0x20005574</run_address>
         <size>0x8</size>
         <input_file_ref idref="fl-4"/>
      </object_component>
      <object_component id="oc-224">
         <name>.data:DriverSeatTempReadTaskParameter</name>
         <load_address>0x20005564</load_address>
         <run_address>0x20005564</run_address>
         <size>0x8</size>
         <input_file_ref idref="fl-4"/>
      </object_component>
      <object_component id="oc-228">
         <name>.data:PassengerSeatTempReadTaskParameter</name>
         <load_address>0x20005584</load_address>
         <run_address>0x20005584</run_address>
         <size>0x8</size>
         <input_file_ref idref="fl-4"/>
      </object_component>
      <object_component id="oc-235">
         <name>.data:DriverSeatControlTaskParameter</name>
         <load_address>0x20005528</load_address>
         <run_address>0x20005528</run_address>
         <size>0x10</size>
         <input_file_ref idref="fl-4"/>
      </object_component>
      <object_component id="oc-239">
         <name>.data:PassangerSeatControlTaskParameter</name>
         <load_address>0x20005538</load_address>
         <run_address>0x20005538</run_address>
         <size>0x10</size>
         <input_file_ref idref="fl-4"/>
      </object_component>
      <object_component id="oc-22c">
         <name>.data:DriverSeatHeaterTaskParameter</name>
         <load_address>0x2000555c</load_address>
         <run_address>0x2000555c</run_address>
         <size>0x8</size>
         <input_file_ref idref="fl-4"/>
      </object_component>
      <object_component id="oc-230">
         <name>.data:PassengerSeatHeaterTaskParameter</name>
         <load_address>0x2000557c</load_address>
         <run_address>0x2000557c</run_address>
         <size>0x8</size>
         <input_file_ref idref="fl-4"/>
      </object_component>
      <object_component id="oc-23d">
         <name>.data:DriverSeatFailureTaskParameter</name>
         <load_address>0x200055a9</load_address>
         <run_address>0x200055a9</run_address>
         <size>0x4</size>
         <input_file_ref idref="fl-4"/>
      </object_component>
      <object_component id="oc-241">
         <name>.data:PassengerSeatFailureTaskParameter</name>
         <load_address>0x200055ad</load_address>
         <run_address>0x200055ad</run_address>
         <size>0x4</size>
         <input_file_ref idref="fl-4"/>
      </object_component>
      <object_component id="oc-79">
         <name>.data</name>
         <load_address>0x200054f0</load_address>
         <run_address>0x200054f0</run_address>
         <size>0x38</size>
         <input_file_ref idref="fl-8"/>
      </object_component>
      <object_component id="oc-86">
         <name>.data</name>
         <load_address>0x20005548</load_address>
         <run_address>0x20005548</run_address>
         <size>0xc</size>
         <input_file_ref idref="fl-a"/>
      </object_component>
      <object_component id="oc-1ac">
         <name>.data</name>
         <load_address>0x20005594</load_address>
         <run_address>0x20005594</run_address>
         <size>0x8</size>
         <input_file_ref idref="fl-c"/>
      </object_component>
      <object_component id="oc-2e0">
         <name>.data</name>
         <load_address>0x200055a4</load_address>
         <run_address>0x200055a4</run_address>
         <size>0x5</size>
         <input_file_ref idref="fl-10"/>
      </object_component>
      <object_component id="oc-2db">
         <name>.data</name>
         <load_address>0x2000559c</load_address>
         <run_address>0x2000559c</run_address>
         <size>0x5</size>
         <input_file_ref idref="fl-14"/>
      </object_component>
      <object_component id="oc-3a0">
         <name>.data</name>
         <load_address>0x200055b4</load_address>
         <run_address>0x200055b4</run_address>
         <size>0x4</size>
         <input_file_ref idref="fl-ef"/>
      </object_component>
      <object_component id="oc-24e">
         <name>.bss:cRuntimeStatBuffer$1</name>
         <uninitialized>true</uninitialized>
         <run_address>0x20005000</run_address>
         <size>0x200</size>
         <input_file_ref idref="fl-4"/>
      </object_component>
      <object_component id="oc-ea">
         <name>.bss:pxReadyTasksLists</name>
         <uninitialized>true</uninitialized>
         <run_address>0x20005200</run_address>
         <size>0x64</size>
         <input_file_ref idref="fl-8"/>
      </object_component>
      <object_component id="oc-10b">
         <name>.bss:xDelayedTaskList1</name>
         <uninitialized>true</uninitialized>
         <run_address>0x20005264</run_address>
         <size>0x14</size>
         <input_file_ref idref="fl-8"/>
      </object_component>
      <object_component id="oc-10e">
         <name>.bss:xDelayedTaskList2</name>
         <uninitialized>true</uninitialized>
         <run_address>0x20005278</run_address>
         <size>0x14</size>
         <input_file_ref idref="fl-8"/>
      </object_component>
      <object_component id="oc-ed">
         <name>.bss</name>
         <uninitialized>true</uninitialized>
         <run_address>0x200052b4</run_address>
         <size>0x8</size>
         <input_file_ref idref="fl-8"/>
      </object_component>
      <object_component id="oc-f9">
         <name>.bss:xPendingReadyList</name>
         <uninitialized>true</uninitialized>
         <run_address>0x2000528c</run_address>
         <size>0x14</size>
         <input_file_ref idref="fl-8"/>
      </object_component>
      <object_component id="oc-f0">
         <name>.bss:xSuspendedTaskList</name>
         <uninitialized>true</uninitialized>
         <run_address>0x200052a0</run_address>
         <size>0x14</size>
         <input_file_ref idref="fl-8"/>
      </object_component>
      <object_component id="oc-1af">
         <name>.bss:ucHeap</name>
         <uninitialized>true</uninitialized>
         <run_address>0x20000000</run_address>
         <size>0x4000</size>
         <input_file_ref idref="fl-c"/>
      </object_component>
      <object_component id="oc-217">
         <name>.common:Driving_Wheel_Button_Task_Handler</name>
         <uninitialized>true</uninitialized>
         <run_address>0x200052d4</run_address>
         <size>0x4</size>
      </object_component>
      <object_component id="oc-21b">
         <name>.common:Driver_Button_Task_Handler</name>
         <uninitialized>true</uninitialized>
         <run_address>0x200052c0</run_address>
         <size>0x4</size>
      </object_component>
      <object_component id="oc-21f">
         <name>.common:Passanger_Button_Task_Handler</name>
         <uninitialized>true</uninitialized>
         <run_address>0x200052d8</run_address>
         <size>0x4</size>
      </object_component>
      <object_component id="oc-223">
         <name>.common:Driver_Seat_Temp_Read_Task_Handler</name>
         <uninitialized>true</uninitialized>
         <run_address>0x200052d0</run_address>
         <size>0x4</size>
      </object_component>
      <object_component id="oc-227">
         <name>.common:Passanger_Seat_Temp_Read_Task_Handler</name>
         <uninitialized>true</uninitialized>
         <run_address>0x200052e0</run_address>
         <size>0x4</size>
      </object_component>
      <object_component id="oc-22b">
         <name>.common:Driver_Seat_Heater_Task_Handler</name>
         <uninitialized>true</uninitialized>
         <run_address>0x200052cc</run_address>
         <size>0x4</size>
      </object_component>
      <object_component id="oc-22f">
         <name>.common:Passanger_Seat_Heater_Task_Handler</name>
         <uninitialized>true</uninitialized>
         <run_address>0x200052dc</run_address>
         <size>0x4</size>
      </object_component>
      <object_component id="oc-233">
         <name>.common:Display_Task_Handler</name>
         <uninitialized>true</uninitialized>
         <run_address>0x200052bc</run_address>
         <size>0x4</size>
      </object_component>
      <object_component id="oc-234">
         <name>.common:Driver_Seat_Control_Task_Handler</name>
         <uninitialized>true</uninitialized>
         <run_address>0x200052c4</run_address>
         <size>0x4</size>
      </object_component>
      <object_component id="oc-238">
         <name>.common:Passenger_Seat_Control_Task_Handler</name>
         <uninitialized>true</uninitialized>
         <run_address>0x200052e4</run_address>
         <size>0x4</size>
      </object_component>
      <object_component id="oc-23c">
         <name>.common:Driver_Seat_Failure_Task_Handler</name>
         <uninitialized>true</uninitialized>
         <run_address>0x200052c8</run_address>
         <size>0x4</size>
      </object_component>
      <object_component id="oc-240">
         <name>.common:Passenger_Seat_Failure_Task_Handler</name>
         <uninitialized>true</uninitialized>
         <run_address>0x200052e8</run_address>
         <size>0x4</size>
      </object_component>
      <object_component id="oc-244">
         <name>.common:DiagnosticsArray</name>
         <uninitialized>true</uninitialized>
         <run_address>0x20004000</run_address>
         <size>0x1000</size>
      </object_component>
      <object_component id="oc-24">
         <name>.stack</name>
         <uninitialized>true</uninitialized>
         <run_address>0x200052f0</run_address>
         <size>0x4</size>
         <input_file_ref idref="fl-de"/>
      </object_component>
      <object_component id="oc-45a">
         <name>.stack</name>
         <uninitialized>true</uninitialized>
         <run_address>0x200052f0</run_address>
         <size>0x0</size>
      </object_component>
      <object_component id="oc-2d4">
         <name>.debug_info</name>
         <load_address>0x0</load_address>
         <run_address>0x0</run_address>
         <size>0x2a9</size>
         <input_file_ref idref="fl-2"/>
      </object_component>
      <object_component id="oc-c5">
         <name>.debug_info</name>
         <load_address>0x2a9</load_address>
         <run_address>0x2a9</run_address>
         <size>0x137</size>
         <input_file_ref idref="fl-2"/>
      </object_component>
      <object_component id="oc-3c2">
         <name>.debug_info</name>
         <load_address>0x3e0</load_address>
         <run_address>0x3e0</run_address>
         <size>0xa7</size>
         <input_file_ref idref="fl-2"/>
      </object_component>
      <object_component id="oc-1ef">
         <name>.debug_info</name>
         <load_address>0x487</load_address>
         <run_address>0x487</run_address>
         <size>0x211</size>
         <input_file_ref idref="fl-2"/>
      </object_component>
      <object_component id="oc-41">
         <name>.debug_info</name>
         <load_address>0x698</load_address>
         <run_address>0x698</run_address>
         <size>0x84</size>
         <input_file_ref idref="fl-2"/>
      </object_component>
      <object_component id="oc-1a7">
         <name>.debug_info</name>
         <load_address>0x71c</load_address>
         <run_address>0x71c</run_address>
         <size>0xae</size>
         <input_file_ref idref="fl-2"/>
      </object_component>
      <object_component id="oc-3a">
         <name>.debug_info</name>
         <load_address>0x7ca</load_address>
         <run_address>0x7ca</run_address>
         <size>0x355</size>
         <input_file_ref idref="fl-3"/>
      </object_component>
      <object_component id="oc-13">
         <name>.debug_info</name>
         <load_address>0xb1f</load_address>
         <run_address>0xb1f</run_address>
         <size>0x114</size>
         <input_file_ref idref="fl-3"/>
      </object_component>
      <object_component id="oc-2a">
         <name>.debug_info</name>
         <load_address>0xc33</load_address>
         <run_address>0xc33</run_address>
         <size>0x290</size>
         <input_file_ref idref="fl-3"/>
      </object_component>
      <object_component id="oc-9c">
         <name>.debug_info</name>
         <load_address>0xec3</load_address>
         <run_address>0xec3</run_address>
         <size>0x26b</size>
         <input_file_ref idref="fl-3"/>
      </object_component>
      <object_component id="oc-137">
         <name>.debug_info</name>
         <load_address>0x112e</load_address>
         <run_address>0x112e</run_address>
         <size>0x2a4</size>
         <input_file_ref idref="fl-3"/>
      </object_component>
      <object_component id="oc-95">
         <name>.debug_info</name>
         <load_address>0x13d2</load_address>
         <run_address>0x13d2</run_address>
         <size>0xbb</size>
         <input_file_ref idref="fl-3"/>
      </object_component>
      <object_component id="oc-135">
         <name>.debug_info</name>
         <load_address>0x148d</load_address>
         <run_address>0x148d</run_address>
         <size>0xc8d</size>
         <input_file_ref idref="fl-4"/>
      </object_component>
      <object_component id="oc-246">
         <name>.debug_info</name>
         <load_address>0x211a</load_address>
         <run_address>0x211a</run_address>
         <size>0x28d</size>
         <input_file_ref idref="fl-4"/>
      </object_component>
      <object_component id="oc-219">
         <name>.debug_info</name>
         <load_address>0x23a7</load_address>
         <run_address>0x23a7</run_address>
         <size>0x129</size>
         <input_file_ref idref="fl-4"/>
      </object_component>
      <object_component id="oc-21d">
         <name>.debug_info</name>
         <load_address>0x24d0</load_address>
         <run_address>0x24d0</run_address>
         <size>0x133</size>
         <input_file_ref idref="fl-4"/>
      </object_component>
      <object_component id="oc-221">
         <name>.debug_info</name>
         <load_address>0x2603</load_address>
         <run_address>0x2603</run_address>
         <size>0x139</size>
         <input_file_ref idref="fl-4"/>
      </object_component>
      <object_component id="oc-225">
         <name>.debug_info</name>
         <load_address>0x273c</load_address>
         <run_address>0x273c</run_address>
         <size>0x129</size>
         <input_file_ref idref="fl-4"/>
      </object_component>
      <object_component id="oc-229">
         <name>.debug_info</name>
         <load_address>0x2865</load_address>
         <run_address>0x2865</run_address>
         <size>0x12f</size>
         <input_file_ref idref="fl-4"/>
      </object_component>
      <object_component id="oc-236">
         <name>.debug_info</name>
         <load_address>0x2994</load_address>
         <run_address>0x2994</run_address>
         <size>0x127</size>
         <input_file_ref idref="fl-4"/>
      </object_component>
      <object_component id="oc-23a">
         <name>.debug_info</name>
         <load_address>0x2abb</load_address>
         <run_address>0x2abb</run_address>
         <size>0x12d</size>
         <input_file_ref idref="fl-4"/>
      </object_component>
      <object_component id="oc-22d">
         <name>.debug_info</name>
         <load_address>0x2be8</load_address>
         <run_address>0x2be8</run_address>
         <size>0x125</size>
         <input_file_ref idref="fl-4"/>
      </object_component>
      <object_component id="oc-231">
         <name>.debug_info</name>
         <load_address>0x2d0d</load_address>
         <run_address>0x2d0d</run_address>
         <size>0x12b</size>
         <input_file_ref idref="fl-4"/>
      </object_component>
      <object_component id="oc-23e">
         <name>.debug_info</name>
         <load_address>0x2e38</load_address>
         <run_address>0x2e38</run_address>
         <size>0x127</size>
         <input_file_ref idref="fl-4"/>
      </object_component>
      <object_component id="oc-242">
         <name>.debug_info</name>
         <load_address>0x2f5f</load_address>
         <run_address>0x2f5f</run_address>
         <size>0x12d</size>
         <input_file_ref idref="fl-4"/>
      </object_component>
      <object_component id="oc-14d">
         <name>.debug_info</name>
         <load_address>0x308c</load_address>
         <run_address>0x308c</run_address>
         <size>0xfcd</size>
         <input_file_ref idref="fl-4"/>
      </object_component>
      <object_component id="oc-1e5">
         <name>.debug_info</name>
         <load_address>0x4059</load_address>
         <run_address>0x4059</run_address>
         <size>0x17b</size>
         <input_file_ref idref="fl-4"/>
      </object_component>
      <object_component id="oc-126">
         <name>.debug_info</name>
         <load_address>0x41d4</load_address>
         <run_address>0x41d4</run_address>
         <size>0x315</size>
         <input_file_ref idref="fl-4"/>
      </object_component>
      <object_component id="oc-1f4">
         <name>.debug_info</name>
         <load_address>0x44e9</load_address>
         <run_address>0x44e9</run_address>
         <size>0xa2</size>
         <input_file_ref idref="fl-4"/>
      </object_component>
      <object_component id="oc-1ea">
         <name>.debug_info</name>
         <load_address>0x458b</load_address>
         <run_address>0x458b</run_address>
         <size>0x114</size>
         <input_file_ref idref="fl-4"/>
      </object_component>
      <object_component id="oc-130">
         <name>.debug_info</name>
         <load_address>0x469f</load_address>
         <run_address>0x469f</run_address>
         <size>0x461</size>
         <input_file_ref idref="fl-4"/>
      </object_component>
      <object_component id="oc-8b">
         <name>.debug_info</name>
         <load_address>0x4b00</load_address>
         <run_address>0x4b00</run_address>
         <size>0x2c</size>
         <input_file_ref idref="fl-4"/>
      </object_component>
      <object_component id="oc-121">
         <name>.debug_info</name>
         <load_address>0x4b2c</load_address>
         <run_address>0x4b2c</run_address>
         <size>0x53</size>
         <input_file_ref idref="fl-4"/>
      </object_component>
      <object_component id="oc-90">
         <name>.debug_info</name>
         <load_address>0x4b7f</load_address>
         <run_address>0x4b7f</run_address>
         <size>0x53</size>
         <input_file_ref idref="fl-4"/>
      </object_component>
      <object_component id="oc-12b">
         <name>.debug_info</name>
         <load_address>0x4bd2</load_address>
         <run_address>0x4bd2</run_address>
         <size>0x14c</size>
         <input_file_ref idref="fl-4"/>
      </object_component>
      <object_component id="oc-1e2">
         <name>.debug_info</name>
         <load_address>0x4d1e</load_address>
         <run_address>0x4d1e</run_address>
         <size>0x676</size>
         <input_file_ref idref="fl-5"/>
      </object_component>
      <object_component id="oc-118">
         <name>.debug_info</name>
         <load_address>0x5394</load_address>
         <run_address>0x5394</run_address>
         <size>0x110</size>
         <input_file_ref idref="fl-5"/>
      </object_component>
      <object_component id="oc-1a2">
         <name>.debug_info</name>
         <load_address>0x54a4</load_address>
         <run_address>0x54a4</run_address>
         <size>0x461</size>
         <input_file_ref idref="fl-5"/>
      </object_component>
      <object_component id="oc-2ca">
         <name>.debug_info</name>
         <load_address>0x5905</load_address>
         <run_address>0x5905</run_address>
         <size>0x76</size>
         <input_file_ref idref="fl-5"/>
      </object_component>
      <object_component id="oc-2cf">
         <name>.debug_info</name>
         <load_address>0x597b</load_address>
         <run_address>0x597b</run_address>
         <size>0x39</size>
         <input_file_ref idref="fl-5"/>
      </object_component>
      <object_component id="oc-193">
         <name>.debug_info</name>
         <load_address>0x59b4</load_address>
         <run_address>0x59b4</run_address>
         <size>0x4f</size>
         <input_file_ref idref="fl-5"/>
      </object_component>
      <object_component id="oc-1b5">
         <name>.debug_info</name>
         <load_address>0x5a03</load_address>
         <run_address>0x5a03</run_address>
         <size>0x3ad</size>
         <input_file_ref idref="fl-6"/>
      </object_component>
      <object_component id="oc-e5">
         <name>.debug_info</name>
         <load_address>0x5db0</load_address>
         <run_address>0x5db0</run_address>
         <size>0x51d</size>
         <input_file_ref idref="fl-6"/>
      </object_component>
      <object_component id="oc-270">
         <name>.debug_info</name>
         <load_address>0x62cd</load_address>
         <run_address>0x62cd</run_address>
         <size>0x74c</size>
         <input_file_ref idref="fl-7"/>
      </object_component>
      <object_component id="oc-32f">
         <name>.debug_info</name>
         <load_address>0x6a19</load_address>
         <run_address>0x6a19</run_address>
         <size>0x1ef</size>
         <input_file_ref idref="fl-7"/>
      </object_component>
      <object_component id="oc-334">
         <name>.debug_info</name>
         <load_address>0x6c08</load_address>
         <run_address>0x6c08</run_address>
         <size>0x46</size>
         <input_file_ref idref="fl-7"/>
      </object_component>
      <object_component id="oc-198">
         <name>.debug_info</name>
         <load_address>0x6c4e</load_address>
         <run_address>0x6c4e</run_address>
         <size>0x35</size>
         <input_file_ref idref="fl-7"/>
      </object_component>
      <object_component id="oc-d6">
         <name>.debug_info</name>
         <load_address>0x6c83</load_address>
         <run_address>0x6c83</run_address>
         <size>0x8c5</size>
         <input_file_ref idref="fl-8"/>
      </object_component>
      <object_component id="oc-7a">
         <name>.debug_info</name>
         <load_address>0x7548</load_address>
         <run_address>0x7548</run_address>
         <size>0x38f</size>
         <input_file_ref idref="fl-8"/>
      </object_component>
      <object_component id="oc-eb">
         <name>.debug_info</name>
         <load_address>0x78d7</load_address>
         <run_address>0x78d7</run_address>
         <size>0x11b</size>
         <input_file_ref idref="fl-8"/>
      </object_component>
      <object_component id="oc-10c">
         <name>.debug_info</name>
         <load_address>0x79f2</load_address>
         <run_address>0x79f2</run_address>
         <size>0x11b</size>
         <input_file_ref idref="fl-8"/>
      </object_component>
      <object_component id="oc-10f">
         <name>.debug_info</name>
         <load_address>0x7b0d</load_address>
         <run_address>0x7b0d</run_address>
         <size>0x11b</size>
         <input_file_ref idref="fl-8"/>
      </object_component>
      <object_component id="oc-ee">
         <name>.debug_info</name>
         <load_address>0x7c28</load_address>
         <run_address>0x7c28</run_address>
         <size>0x15e</size>
         <input_file_ref idref="fl-8"/>
      </object_component>
      <object_component id="oc-fa">
         <name>.debug_info</name>
         <load_address>0x7d86</load_address>
         <run_address>0x7d86</run_address>
         <size>0x11b</size>
         <input_file_ref idref="fl-8"/>
      </object_component>
      <object_component id="oc-f1">
         <name>.debug_info</name>
         <load_address>0x7ea1</load_address>
         <run_address>0x7ea1</run_address>
         <size>0x11d</size>
         <input_file_ref idref="fl-8"/>
      </object_component>
      <object_component id="oc-fd">
         <name>.debug_info</name>
         <load_address>0x7fbe</load_address>
         <run_address>0x7fbe</run_address>
         <size>0x11c</size>
         <input_file_ref idref="fl-8"/>
      </object_component>
      <object_component id="oc-82">
         <name>.debug_info</name>
         <load_address>0x80da</load_address>
         <run_address>0x80da</run_address>
         <size>0x4c1b</size>
         <input_file_ref idref="fl-8"/>
      </object_component>
      <object_component id="oc-d7">
         <name>.debug_info</name>
         <load_address>0xccf5</load_address>
         <run_address>0xccf5</run_address>
         <size>0x30c</size>
         <input_file_ref idref="fl-8"/>
      </object_component>
      <object_component id="oc-1dd">
         <name>.debug_info</name>
         <load_address>0xd001</load_address>
         <run_address>0xd001</run_address>
         <size>0x2c</size>
         <input_file_ref idref="fl-8"/>
      </object_component>
      <object_component id="oc-19d">
         <name>.debug_info</name>
         <load_address>0xd02d</load_address>
         <run_address>0xd02d</run_address>
         <size>0x130</size>
         <input_file_ref idref="fl-8"/>
      </object_component>
      <object_component id="oc-8a">
         <name>.debug_info</name>
         <load_address>0xd15d</load_address>
         <run_address>0xd15d</run_address>
         <size>0x494</size>
         <input_file_ref idref="fl-a"/>
      </object_component>
      <object_component id="oc-7d">
         <name>.debug_info</name>
         <load_address>0xd5f1</load_address>
         <run_address>0xd5f1</run_address>
         <size>0x190</size>
         <input_file_ref idref="fl-a"/>
      </object_component>
      <object_component id="oc-87">
         <name>.debug_info</name>
         <load_address>0xd781</load_address>
         <run_address>0xd781</run_address>
         <size>0x19b</size>
         <input_file_ref idref="fl-a"/>
      </object_component>
      <object_component id="oc-36">
         <name>.debug_info</name>
         <load_address>0xd91c</load_address>
         <run_address>0xd91c</run_address>
         <size>0x927</size>
         <input_file_ref idref="fl-a"/>
      </object_component>
      <object_component id="oc-2f">
         <name>.debug_info</name>
         <load_address>0xe243</load_address>
         <run_address>0xe243</run_address>
         <size>0x27d</size>
         <input_file_ref idref="fl-b"/>
      </object_component>
      <object_component id="oc-1b3">
         <name>.debug_info</name>
         <load_address>0xe4c0</load_address>
         <run_address>0xe4c0</run_address>
         <size>0x446</size>
         <input_file_ref idref="fl-c"/>
      </object_component>
      <object_component id="oc-1b0">
         <name>.debug_info</name>
         <load_address>0xe906</load_address>
         <run_address>0xe906</run_address>
         <size>0x116</size>
         <input_file_ref idref="fl-c"/>
      </object_component>
      <object_component id="oc-1ad">
         <name>.debug_info</name>
         <load_address>0xea1c</load_address>
         <run_address>0xea1c</run_address>
         <size>0x124</size>
         <input_file_ref idref="fl-c"/>
      </object_component>
      <object_component id="oc-df">
         <name>.debug_info</name>
         <load_address>0xeb40</load_address>
         <run_address>0xeb40</run_address>
         <size>0x434</size>
         <input_file_ref idref="fl-c"/>
      </object_component>
      <object_component id="oc-24a">
         <name>.debug_info</name>
         <load_address>0xef74</load_address>
         <run_address>0xef74</run_address>
         <size>0x1f3</size>
         <input_file_ref idref="fl-d"/>
      </object_component>
      <object_component id="oc-20c">
         <name>.debug_info</name>
         <load_address>0xf167</load_address>
         <run_address>0xf167</run_address>
         <size>0x1e0</size>
         <input_file_ref idref="fl-f"/>
      </object_component>
      <object_component id="oc-2e4">
         <name>.debug_info</name>
         <load_address>0xf347</load_address>
         <run_address>0xf347</run_address>
         <size>0x2eb</size>
         <input_file_ref idref="fl-10"/>
      </object_component>
      <object_component id="oc-2e1">
         <name>.debug_info</name>
         <load_address>0xf632</load_address>
         <run_address>0xf632</run_address>
         <size>0x133</size>
         <input_file_ref idref="fl-10"/>
      </object_component>
      <object_component id="oc-202">
         <name>.debug_info</name>
         <load_address>0xf765</load_address>
         <run_address>0xf765</run_address>
         <size>0x4bd</size>
         <input_file_ref idref="fl-10"/>
      </object_component>
      <object_component id="oc-3b9">
         <name>.debug_info</name>
         <load_address>0xfc22</load_address>
         <run_address>0xfc22</run_address>
         <size>0xa7</size>
         <input_file_ref idref="fl-10"/>
      </object_component>
      <object_component id="oc-2f2">
         <name>.debug_info</name>
         <load_address>0xfcc9</load_address>
         <run_address>0xfcc9</run_address>
         <size>0xf8</size>
         <input_file_ref idref="fl-11"/>
      </object_component>
      <object_component id="oc-215">
         <name>.debug_info</name>
         <load_address>0xfdc1</load_address>
         <run_address>0xfdc1</run_address>
         <size>0x118</size>
         <input_file_ref idref="fl-11"/>
      </object_component>
      <object_component id="oc-f4">
         <name>.debug_info</name>
         <load_address>0xfed9</load_address>
         <run_address>0xfed9</run_address>
         <size>0x1bb</size>
         <input_file_ref idref="fl-12"/>
      </object_component>
      <object_component id="oc-2d9">
         <name>.debug_info</name>
         <load_address>0x10094</load_address>
         <run_address>0x10094</run_address>
         <size>0x20d</size>
         <input_file_ref idref="fl-13"/>
      </object_component>
      <object_component id="oc-2df">
         <name>.debug_info</name>
         <load_address>0x102a1</load_address>
         <run_address>0x102a1</run_address>
         <size>0x2fa</size>
         <input_file_ref idref="fl-14"/>
      </object_component>
      <object_component id="oc-2dc">
         <name>.debug_info</name>
         <load_address>0x1059b</load_address>
         <run_address>0x1059b</run_address>
         <size>0x139</size>
         <input_file_ref idref="fl-14"/>
      </object_component>
      <object_component id="oc-1fd">
         <name>.debug_info</name>
         <load_address>0x106d4</load_address>
         <run_address>0x106d4</run_address>
         <size>0x84c</size>
         <input_file_ref idref="fl-14"/>
      </object_component>
      <object_component id="oc-2ef">
         <name>.debug_info</name>
         <load_address>0x10f20</load_address>
         <run_address>0x10f20</run_address>
         <size>0xfb</size>
         <input_file_ref idref="fl-15"/>
      </object_component>
      <object_component id="oc-212">
         <name>.debug_info</name>
         <load_address>0x1101b</load_address>
         <run_address>0x1101b</run_address>
         <size>0x11c</size>
         <input_file_ref idref="fl-15"/>
      </object_component>
      <object_component id="oc-2eb">
         <name>.debug_info</name>
         <load_address>0x11137</load_address>
         <run_address>0x11137</run_address>
         <size>0x295</size>
         <input_file_ref idref="fl-16"/>
      </object_component>
      <object_component id="oc-206">
         <name>.debug_info</name>
         <load_address>0x113cc</load_address>
         <run_address>0x113cc</run_address>
         <size>0x40d</size>
         <input_file_ref idref="fl-16"/>
      </object_component>
      <object_component id="oc-1dc">
         <name>.debug_info</name>
         <load_address>0x117d9</load_address>
         <run_address>0x117d9</run_address>
         <size>0x333</size>
         <input_file_ref idref="fl-d0"/>
      </object_component>
      <object_component id="oc-112">
         <name>.debug_info</name>
         <load_address>0x11b0c</load_address>
         <run_address>0x11b0c</run_address>
         <size>0x1d1</size>
         <input_file_ref idref="fl-d0"/>
      </object_component>
      <object_component id="oc-1d0">
         <name>.debug_info</name>
         <load_address>0x11cdd</load_address>
         <run_address>0x11cdd</run_address>
         <size>0x18d</size>
         <input_file_ref idref="fl-d0"/>
      </object_component>
      <object_component id="oc-1d6">
         <name>.debug_info</name>
         <load_address>0x11e6a</load_address>
         <run_address>0x11e6a</run_address>
         <size>0x16d</size>
         <input_file_ref idref="fl-d0"/>
      </object_component>
      <object_component id="oc-3a7">
         <name>.debug_info</name>
         <load_address>0x11fd7</load_address>
         <run_address>0x11fd7</run_address>
         <size>0x2c</size>
         <input_file_ref idref="fl-d0"/>
      </object_component>
      <object_component id="oc-34c">
         <name>.debug_info</name>
         <load_address>0x12003</load_address>
         <run_address>0x12003</run_address>
         <size>0x13a</size>
         <input_file_ref idref="fl-d1"/>
      </object_component>
      <object_component id="oc-348">
         <name>.debug_info</name>
         <load_address>0x1213d</load_address>
         <run_address>0x1213d</run_address>
         <size>0x13a</size>
         <input_file_ref idref="fl-d2"/>
      </object_component>
      <object_component id="oc-357">
         <name>.debug_info</name>
         <load_address>0x12277</load_address>
         <run_address>0x12277</run_address>
         <size>0x12e</size>
         <input_file_ref idref="fl-d3"/>
      </object_component>
      <object_component id="oc-49">
         <name>.debug_info</name>
         <load_address>0x123a5</load_address>
         <run_address>0x123a5</run_address>
         <size>0x119</size>
         <input_file_ref idref="fl-d4"/>
      </object_component>
      <object_component id="oc-b9">
         <name>.debug_info</name>
         <load_address>0x124be</load_address>
         <run_address>0x124be</run_address>
         <size>0x147</size>
         <input_file_ref idref="fl-d6"/>
      </object_component>
      <object_component id="oc-2e8">
         <name>.debug_info</name>
         <load_address>0x12605</load_address>
         <run_address>0x12605</run_address>
         <size>0x13f</size>
         <input_file_ref idref="fl-d7"/>
      </object_component>
      <object_component id="oc-341">
         <name>.debug_info</name>
         <load_address>0x12744</load_address>
         <run_address>0x12744</run_address>
         <size>0x134</size>
         <input_file_ref idref="fl-d8"/>
      </object_component>
      <object_component id="oc-b5">
         <name>.debug_info</name>
         <load_address>0x12878</load_address>
         <run_address>0x12878</run_address>
         <size>0x2d4</size>
         <input_file_ref idref="fl-d9"/>
      </object_component>
      <object_component id="oc-5a">
         <name>.debug_info</name>
         <load_address>0x12b4c</load_address>
         <run_address>0x12b4c</run_address>
         <size>0x1b5</size>
         <input_file_ref idref="fl-d9"/>
      </object_component>
      <object_component id="oc-b0">
         <name>.debug_info</name>
         <load_address>0x12d01</load_address>
         <run_address>0x12d01</run_address>
         <size>0x46</size>
         <input_file_ref idref="fl-d9"/>
      </object_component>
      <object_component id="oc-143">
         <name>.debug_info</name>
         <load_address>0x12d47</load_address>
         <run_address>0x12d47</run_address>
         <size>0x2c</size>
         <input_file_ref idref="fl-d9"/>
      </object_component>
      <object_component id="oc-51">
         <name>.debug_info</name>
         <load_address>0x12d73</load_address>
         <run_address>0x12d73</run_address>
         <size>0x2a8</size>
         <input_file_ref idref="fl-da"/>
      </object_component>
      <object_component id="oc-1f">
         <name>.debug_info</name>
         <load_address>0x1301b</load_address>
         <run_address>0x1301b</run_address>
         <size>0x1ea</size>
         <input_file_ref idref="fl-da"/>
      </object_component>
      <object_component id="oc-4c">
         <name>.debug_info</name>
         <load_address>0x13205</load_address>
         <run_address>0x13205</run_address>
         <size>0x46</size>
         <input_file_ref idref="fl-da"/>
      </object_component>
      <object_component id="oc-a8">
         <name>.debug_info</name>
         <load_address>0x1324b</load_address>
         <run_address>0x1324b</run_address>
         <size>0x2c</size>
         <input_file_ref idref="fl-da"/>
      </object_component>
      <object_component id="oc-a6">
         <name>.debug_info</name>
         <load_address>0x13277</load_address>
         <run_address>0x13277</run_address>
         <size>0x29e</size>
         <input_file_ref idref="fl-db"/>
      </object_component>
      <object_component id="oc-17">
         <name>.debug_info</name>
         <load_address>0x13515</load_address>
         <run_address>0x13515</run_address>
         <size>0x250</size>
         <input_file_ref idref="fl-db"/>
      </object_component>
      <object_component id="oc-3c">
         <name>.debug_info</name>
         <load_address>0x13765</load_address>
         <run_address>0x13765</run_address>
         <size>0x60</size>
         <input_file_ref idref="fl-db"/>
      </object_component>
      <object_component id="oc-13c">
         <name>.debug_info</name>
         <load_address>0x137c5</load_address>
         <run_address>0x137c5</run_address>
         <size>0x46</size>
         <input_file_ref idref="fl-db"/>
      </object_component>
      <object_component id="oc-a1">
         <name>.debug_info</name>
         <load_address>0x1380b</load_address>
         <run_address>0x1380b</run_address>
         <size>0x39</size>
         <input_file_ref idref="fl-db"/>
      </object_component>
      <object_component id="oc-1c2">
         <name>.debug_info</name>
         <load_address>0x13844</load_address>
         <run_address>0x13844</run_address>
         <size>0x2a4</size>
         <input_file_ref idref="fl-dc"/>
      </object_component>
      <object_component id="oc-100">
         <name>.debug_info</name>
         <load_address>0x13ae8</load_address>
         <run_address>0x13ae8</run_address>
         <size>0x24d</size>
         <input_file_ref idref="fl-dc"/>
      </object_component>
      <object_component id="oc-1c4">
         <name>.debug_info</name>
         <load_address>0x13d35</load_address>
         <run_address>0x13d35</run_address>
         <size>0x28f</size>
         <input_file_ref idref="fl-dd"/>
      </object_component>
      <object_component id="oc-107">
         <name>.debug_info</name>
         <load_address>0x13fc4</load_address>
         <run_address>0x13fc4</run_address>
         <size>0x245</size>
         <input_file_ref idref="fl-dd"/>
      </object_component>
      <object_component id="oc-25">
         <name>.debug_info</name>
         <load_address>0x14209</load_address>
         <run_address>0x14209</run_address>
         <size>0x10b</size>
         <input_file_ref idref="fl-de"/>
      </object_component>
      <object_component id="oc-68">
         <name>.debug_info</name>
         <load_address>0x14314</load_address>
         <run_address>0x14314</run_address>
         <size>0x1a9</size>
         <input_file_ref idref="fl-de"/>
      </object_component>
      <object_component id="oc-2b9">
         <name>.debug_info</name>
         <load_address>0x144bd</load_address>
         <run_address>0x144bd</run_address>
         <size>0x590</size>
         <input_file_ref idref="fl-df"/>
      </object_component>
      <object_component id="oc-285">
         <name>.debug_info</name>
         <load_address>0x14a4d</load_address>
         <run_address>0x14a4d</run_address>
         <size>0x21e</size>
         <input_file_ref idref="fl-df"/>
      </object_component>
      <object_component id="oc-36b">
         <name>.debug_info</name>
         <load_address>0x14c6b</load_address>
         <run_address>0x14c6b</run_address>
         <size>0x1b3</size>
         <input_file_ref idref="fl-df"/>
      </object_component>
      <object_component id="oc-371">
         <name>.debug_info</name>
         <load_address>0x14e1e</load_address>
         <run_address>0x14e1e</run_address>
         <size>0x21b</size>
         <input_file_ref idref="fl-df"/>
      </object_component>
      <object_component id="oc-290">
         <name>.debug_info</name>
         <load_address>0x15039</load_address>
         <run_address>0x15039</run_address>
         <size>0x3c0</size>
         <input_file_ref idref="fl-df"/>
      </object_component>
      <object_component id="oc-378">
         <name>.debug_info</name>
         <load_address>0x153f9</load_address>
         <run_address>0x153f9</run_address>
         <size>0x30a</size>
         <input_file_ref idref="fl-df"/>
      </object_component>
      <object_component id="oc-37e">
         <name>.debug_info</name>
         <load_address>0x15703</load_address>
         <run_address>0x15703</run_address>
         <size>0x215</size>
         <input_file_ref idref="fl-df"/>
      </object_component>
      <object_component id="oc-296">
         <name>.debug_info</name>
         <load_address>0x15918</load_address>
         <run_address>0x15918</run_address>
         <size>0x215</size>
         <input_file_ref idref="fl-df"/>
      </object_component>
      <object_component id="oc-29c">
         <name>.debug_info</name>
         <load_address>0x15b2d</load_address>
         <run_address>0x15b2d</run_address>
         <size>0x304</size>
         <input_file_ref idref="fl-df"/>
      </object_component>
      <object_component id="oc-2a2">
         <name>.debug_info</name>
         <load_address>0x15e31</load_address>
         <run_address>0x15e31</run_address>
         <size>0x4b5</size>
         <input_file_ref idref="fl-df"/>
      </object_component>
      <object_component id="oc-1cb">
         <name>.debug_info</name>
         <load_address>0x162e6</load_address>
         <run_address>0x162e6</run_address>
         <size>0x5f4</size>
         <input_file_ref idref="fl-df"/>
      </object_component>
      <object_component id="oc-2ba">
         <name>.debug_info</name>
         <load_address>0x168da</load_address>
         <run_address>0x168da</run_address>
         <size>0x86</size>
         <input_file_ref idref="fl-df"/>
      </object_component>
      <object_component id="oc-3ac">
         <name>.debug_info</name>
         <load_address>0x16960</load_address>
         <run_address>0x16960</run_address>
         <size>0x39</size>
         <input_file_ref idref="fl-df"/>
      </object_component>
      <object_component id="oc-416">
         <name>.debug_info</name>
         <load_address>0x16999</load_address>
         <run_address>0x16999</run_address>
         <size>0xb6</size>
         <input_file_ref idref="fl-df"/>
      </object_component>
      <object_component id="oc-3b1">
         <name>.debug_info</name>
         <load_address>0x16a4f</load_address>
         <run_address>0x16a4f</run_address>
         <size>0x46</size>
         <input_file_ref idref="fl-df"/>
      </object_component>
      <object_component id="oc-2bf">
         <name>.debug_info</name>
         <load_address>0x16a95</load_address>
         <run_address>0x16a95</run_address>
         <size>0x46</size>
         <input_file_ref idref="fl-df"/>
      </object_component>
      <object_component id="oc-3cd">
         <name>.debug_info</name>
         <load_address>0x16adb</load_address>
         <run_address>0x16adb</run_address>
         <size>0x115</size>
         <input_file_ref idref="fl-e0"/>
      </object_component>
      <object_component id="oc-367">
         <name>.debug_info</name>
         <load_address>0x16bf0</load_address>
         <run_address>0x16bf0</run_address>
         <size>0x14c</size>
         <input_file_ref idref="fl-e1"/>
      </object_component>
      <object_component id="oc-28a">
         <name>.debug_info</name>
         <load_address>0x16d3c</load_address>
         <run_address>0x16d3c</run_address>
         <size>0x128</size>
         <input_file_ref idref="fl-e2"/>
      </object_component>
      <object_component id="oc-351">
         <name>.debug_info</name>
         <load_address>0x16e64</load_address>
         <run_address>0x16e64</run_address>
         <size>0x12a</size>
         <input_file_ref idref="fl-e2"/>
      </object_component>
      <object_component id="oc-361">
         <name>.debug_info</name>
         <load_address>0x16f8e</load_address>
         <run_address>0x16f8e</run_address>
         <size>0x12c</size>
         <input_file_ref idref="fl-e3"/>
      </object_component>
      <object_component id="oc-25b">
         <name>.debug_info</name>
         <load_address>0x170ba</load_address>
         <run_address>0x170ba</run_address>
         <size>0x4b3</size>
         <input_file_ref idref="fl-e4"/>
      </object_component>
      <object_component id="oc-160">
         <name>.debug_info</name>
         <load_address>0x1756d</load_address>
         <run_address>0x1756d</run_address>
         <size>0x1a6</size>
         <input_file_ref idref="fl-e4"/>
      </object_component>
      <object_component id="oc-31c">
         <name>.debug_info</name>
         <load_address>0x17713</load_address>
         <run_address>0x17713</run_address>
         <size>0x39</size>
         <input_file_ref idref="fl-e4"/>
      </object_component>
      <object_component id="oc-3da">
         <name>.debug_info</name>
         <load_address>0x1774c</load_address>
         <run_address>0x1774c</run_address>
         <size>0x39</size>
         <input_file_ref idref="fl-e4"/>
      </object_component>
      <object_component id="oc-321">
         <name>.debug_info</name>
         <load_address>0x17785</load_address>
         <run_address>0x17785</run_address>
         <size>0x39</size>
         <input_file_ref idref="fl-e4"/>
      </object_component>
      <object_component id="oc-326">
         <name>.debug_info</name>
         <load_address>0x177be</load_address>
         <run_address>0x177be</run_address>
         <size>0xcd</size>
         <input_file_ref idref="fl-e4"/>
      </object_component>
      <object_component id="oc-bd">
         <name>.debug_info</name>
         <load_address>0x1788b</load_address>
         <run_address>0x1788b</run_address>
         <size>0x153</size>
         <input_file_ref idref="fl-e5"/>
      </object_component>
      <object_component id="oc-155">
         <name>.debug_info</name>
         <load_address>0x179de</load_address>
         <run_address>0x179de</run_address>
         <size>0x122</size>
         <input_file_ref idref="fl-e7"/>
      </object_component>
      <object_component id="oc-3f1">
         <name>.debug_info</name>
         <load_address>0x17b00</load_address>
         <run_address>0x17b00</run_address>
         <size>0x29c</size>
         <input_file_ref idref="fl-e9"/>
      </object_component>
      <object_component id="oc-35b">
         <name>.debug_info</name>
         <load_address>0x17d9c</load_address>
         <run_address>0x17d9c</run_address>
         <size>0x1da</size>
         <input_file_ref idref="fl-e9"/>
      </object_component>
      <object_component id="oc-33d">
         <name>.debug_info</name>
         <load_address>0x17f76</load_address>
         <run_address>0x17f76</run_address>
         <size>0x2b9</size>
         <input_file_ref idref="fl-eb"/>
      </object_component>
      <object_component id="oc-27f">
         <name>.debug_info</name>
         <load_address>0x1822f</load_address>
         <run_address>0x1822f</run_address>
         <size>0x17c</size>
         <input_file_ref idref="fl-eb"/>
      </object_component>
      <object_component id="oc-3e8">
         <name>.debug_info</name>
         <load_address>0x183ab</load_address>
         <run_address>0x183ab</run_address>
         <size>0xf9</size>
         <input_file_ref idref="fl-ec"/>
      </object_component>
      <object_component id="oc-33a">
         <name>.debug_info</name>
         <load_address>0x184a4</load_address>
         <run_address>0x184a4</run_address>
         <size>0x105</size>
         <input_file_ref idref="fl-ec"/>
      </object_component>
[...]
         <name>xTaskGenericNotify</name>
         <value>0x1c05</value>
         <object_component_ref idref="oc-7f"/>
      </symbol>
      <symbol id="sm-478">
         <name>xTaskCreate</name>
         <value>0x26d</value>
         <object_component_ref idref="oc-7f"/>
      </symbol>
      <symbol id="sm-479">
         <name>xTaskDelayUntil</name>
         <value>0x4cf</value>
         <object_component_ref idref="oc-7f"/>
      </symbol>
      <symbol id="sm-47a">
         <name>uxTaskGetTaskNumber</name>
         <value>0x1549</value>
         <object_component_ref idref="oc-7f"/>
      </symbol>
      <symbol id="sm-47b">
         <name>vTaskEndScheduler</name>
         <value>0xa97</value>
         <object_component_ref idref="oc-7f"/>
      </symbol>
      <symbol id="sm-47c">
         <name>vTaskMissedYield</name>
         <value>0x153d</value>
         <object_component_ref idref="oc-7f"/>
      </symbol>
      <symbol id="sm-47d">
         <name>uxTaskGetNumberOfTasks</name>
         <value>0xc91</value>
         <object_component_ref idref="oc-7f"/>
      </symbol>
      <symbol id="sm-47e">
         <name>xTaskCatchUpTicks</name>
         <value>0xdb1</value>
         <object_component_ref idref="oc-7f"/>
      </symbol>
      <symbol id="sm-47f">
         <name>xTaskGenericNotifyFromISR</name>
         <value>0x1deb</value>
         <object_component_ref idref="oc-7f"/>
      </symbol>
      <symbol id="sm-480">
         <name>vTaskGetInfo</name>
         <value>0x1609</value>
         <object_component_ref idref="oc-7f"/>
      </symbol>
      <symbol id="sm-481">
         <name>xTaskResumeAll</name>
         <value>0xac5</value>
         <object_component_ref idref="oc-7f"/>
      </symbol>
      <symbol id="sm-482">
         <name>xTaskGetTickCount</name>
         <value>0xc69</value>
         <object_component_ref idref="oc-7f"/>
      </symbol>
      <symbol id="sm-483">
         <name>ulTaskGenericNotifyTake</name>
         <value>0x1a41</value>
         <object_component_ref idref="oc-7f"/>
      </symbol>
      <symbol id="sm-484">
         <name>uxTaskGetSystemState</name>
         <value>0xced</value>
         <object_component_ref idref="oc-7f"/>
      </symbol>
      <symbol id="sm-485">
         <name>ulTaskGenericNotifyValueClear</name>
         <value>0x2259</value>
         <object_component_ref idref="oc-7f"/>
      </symbol>
      <symbol id="sm-486">
         <name>xTaskGenericNotifyWait</name>
         <value>0x1b09</value>
         <object_component_ref idref="oc-7f"/>
      </symbol>
      <symbol id="sm-487">
         <name>pxCurrentTCB</name>
         <value>0x200054f0</value>
         <object_component_ref idref="oc-79"/>
      </symbol>
      <symbol id="sm-488">
         <name>eTaskGetState</name>
         <value>0x605</value>
         <object_component_ref idref="oc-7f"/>
      </symbol>
      <symbol id="sm-489">
         <name>vTaskSuspend</name>
         <value>0x6d9</value>
         <object_component_ref idref="oc-7f"/>
      </symbol>
      <symbol id="sm-48a">
         <name>xTaskGetTickCountFromISR</name>
         <value>0xc79</value>
         <object_component_ref idref="oc-7f"/>
      </symbol>
      <symbol id="sm-48b">
         <name>vTaskResume</name>
         <value>0x84d</value>
         <object_component_ref idref="oc-7f"/>
      </symbol>
      <symbol id="sm-48c">
         <name>uxTopUsedPriority</name>
         <value>0x621c</value>
         <object_component_ref idref="oc-fc"/>
      </symbol>
      <symbol id="sm-48d">
         <name>vTaskSetTimeOutState</name>
         <value>0x143b</value>
         <object_component_ref idref="oc-7f"/>
      </symbol>
      <symbol id="sm-48e">
         <name>xTaskIncrementTick</name>
         <value>0xe0d</value>
         <object_component_ref idref="oc-7f"/>
      </symbol>
      <symbol id="sm-48f">
         <name>vTaskSwitchContext</name>
         <value>0xff5</value>
         <object_component_ref idref="oc-7f"/>
      </symbol>
      <symbol id="sm-490">
         <name>uxTaskResetEventItemValue</name>
         <value>0x1a17</value>
         <object_component_ref idref="oc-7f"/>
      </symbol>
      <symbol id="sm-491">
         <name>xTaskResumeFromISR</name>
         <value>0x921</value>
         <object_component_ref idref="oc-7f"/>
      </symbol>
      <symbol id="sm-492">
         <name>xTaskGetCurrentTaskHandle</name>
         <value>0x17bd</value>
         <object_component_ref idref="oc-7f"/>
      </symbol>
      <symbol id="sm-493">
         <name>vTaskPlaceOnUnorderedEventList</name>
         <value>0x10e9</value>
         <object_component_ref idref="oc-7f"/>
      </symbol>
      <symbol id="sm-494">
         <name>xTaskRemoveFromEventList</name>
         <value>0x1199</value>
         <object_component_ref idref="oc-7f"/>
      </symbol>
      <symbol id="sm-4e5">
         <name>ulMaxSyscallInterruptPriority</name>
         <value>0x6214</value>
         <object_component_ref idref="oc-7c"/>
      </symbol>
      <symbol id="sm-4e6">
         <name>vPortSetupTimerInterrupt</name>
         <value>0x45b1</value>
         <object_component_ref idref="oc-32"/>
      </symbol>
      <symbol id="sm-4e7">
         <name>vPortEndScheduler</name>
         <value>0x44f9</value>
         <object_component_ref idref="oc-32"/>
      </symbol>
      <symbol id="sm-4e8">
         <name>xPortSysTickHandler</name>
         <value>0x458b</value>
         <object_component_ref idref="oc-32"/>
      </symbol>
      <symbol id="sm-4e9">
         <name>vPortValidateInterruptPriority</name>
         <value>0x45cd</value>
         <object_component_ref idref="oc-32"/>
      </symbol>
      <symbol id="sm-4ea">
         <name>pxPortInitialiseStack</name>
         <value>0x43b5</value>
         <object_component_ref idref="oc-32"/>
      </symbol>
      <symbol id="sm-4eb">
         <name>vPortExitCritical</name>
         <value>0x455f</value>
         <object_component_ref idref="oc-32"/>
      </symbol>
      <symbol id="sm-4ec">
         <name>xPortStartScheduler</name>
         <value>0x4441</value>
         <object_component_ref idref="oc-32"/>
      </symbol>
      <symbol id="sm-4ed">
         <name>vPortEnterCritical</name>
         <value>0x451d</value>
         <object_component_ref idref="oc-32"/>
      </symbol>
      <symbol id="sm-4fc">
         <name>vPortStartFirstTask</name>
         <value>0x5521</value>
         <object_component_ref idref="oc-2d"/>
      </symbol>
      <symbol id="sm-4fd">
         <name>ulPortGetIPSR</name>
         <value>0x5489</value>
         <object_component_ref idref="oc-2d"/>
      </symbol>
      <symbol id="sm-4fe">
         <name>vPortEnableVFP</name>
         <value>0x5545</value>
         <object_component_ref idref="oc-2d"/>
      </symbol>
      <symbol id="sm-4ff">
         <name>xPortPendSVHandler</name>
         <value>0x54a1</value>
         <object_component_ref idref="oc-2d"/>
      </symbol>
      <symbol id="sm-500">
         <name>vPortSVCHandler</name>
         <value>0x5501</value>
         <object_component_ref idref="oc-2d"/>
      </symbol>
      <symbol id="sm-52a">
         <name>vPortInitialiseBlocks</name>
         <value>0x5605</value>
         <object_component_ref idref="oc-de"/>
      </symbol>
      <symbol id="sm-52b">
         <name>xPortGetFreeHeapSize</name>
         <value>0x560d</value>
         <object_component_ref idref="oc-de"/>
      </symbol>
      <symbol id="sm-52c">
         <name>pvPortMalloc</name>
         <value>0x5555</value>
         <object_component_ref idref="oc-de"/>
      </symbol>
      <symbol id="sm-52d">
         <name>vPortFree</name>
         <value>0x55e1</value>
         <object_component_ref idref="oc-de"/>
      </symbol>
      <symbol id="sm-537">
         <name>HEATER_setHeatingIntensity</name>
         <value>0x5f7b</value>
         <object_component_ref idref="oc-248"/>
      </symbol>
      <symbol id="sm-54d">
         <name>ADC0_EnableCLock</name>
         <value>0x5915</value>
         <object_component_ref idref="oc-20b"/>
      </symbol>
      <symbol id="sm-54e">
         <name>ADC0_ReadChannel</name>
         <value>0x5921</value>
         <object_component_ref idref="oc-20b"/>
      </symbol>
      <symbol id="sm-59b">
         <name>Dio_WriteChannel</name>
         <value>0x40f1</value>
         <object_component_ref idref="oc-1ff"/>
      </symbol>
      <symbol id="sm-59c">
         <name>Dio_FlipChannel</name>
         <value>0x4299</value>
         <object_component_ref idref="oc-1ff"/>
      </symbol>
      <symbol id="sm-59d">
         <name>Dio_Init</name>
         <value>0x40cd</value>
         <object_component_ref idref="oc-1ff"/>
      </symbol>
      <symbol id="sm-59e">
         <name>Dio_ReadChannel</name>
         <value>0x41d1</value>
         <object_component_ref idref="oc-1ff"/>
      </symbol>
      <symbol id="sm-5a9">
         <name>Dio_Configuration</name>
         <value>0x6206</value>
         <object_component_ref idref="oc-214"/>
      </symbol>
      <symbol id="sm-5bb">
         <name>GPTM_WTimer0Init</name>
         <value>0x5c11</value>
         <object_component_ref idref="oc-f3"/>
      </symbol>
      <symbol id="sm-5bc">
         <name>GPTM_WTimer0Read</name>
         <value>0x5c41</value>
         <object_component_ref idref="oc-f3"/>
      </symbol>
      <symbol id="sm-5c7">
         <name>Det_ReportError</name>
         <value>0x5f15</value>
         <object_component_ref idref="oc-2d5"/>
      </symbol>
      <symbol id="sm-656">
         <name>Port_GetVersionInfo</name>
         <value>0x3413</value>
         <object_component_ref idref="oc-1f9"/>
      </symbol>
      <symbol id="sm-657">
         <name>Port_Init</name>
         <value>0x2de5</value>
         <object_component_ref idref="oc-1f9"/>
      </symbol>
      <symbol id="sm-658">
         <name>Port_SetPinDirection</name>
         <value>0x3175</value>
         <object_component_ref idref="oc-1f9"/>
      </symbol>
      <symbol id="sm-659">
         <name>Port_SetPinMode</name>
         <value>0x3499</value>
         <object_component_ref idref="oc-1f9"/>
      </symbol>
      <symbol id="sm-65a">
         <name>Port_RefreshPortDirection</name>
         <value>0x32c9</value>
         <object_component_ref idref="oc-1f9"/>
      </symbol>
      <symbol id="sm-665">
         <name>Port_Configuration</name>
         <value>0x5fd8</value>
         <object_component_ref idref="oc-211"/>
      </symbol>
      <symbol id="sm-689">
         <name>UART0_SendInteger</name>
         <value>0x4ce9</value>
         <object_component_ref idref="oc-205"/>
      </symbol>
      <symbol id="sm-68a">
         <name>UART0_ReceiveByte</name>
         <value>0x4cb3</value>
         <object_component_ref idref="oc-205"/>
      </symbol>
      <symbol id="sm-68b">
         <name>UART0_SendByte</name>
         <value>0x4c97</value>
         <object_component_ref idref="oc-205"/>
      </symbol>
      <symbol id="sm-68c">
         <name>UART0_Init</name>
         <value>0x4c5d</value>
         <object_component_ref idref="oc-205"/>
      </symbol>
      <symbol id="sm-68d">
         <name>UART0_SendString</name>
         <value>0x4cc3</value>
         <object_component_ref idref="oc-205"/>
      </symbol>
      <symbol id="sm-6b4">
         <name>sprintf</name>
         <value>0x5de5</value>
         <object_component_ref idref="oc-111"/>
      </symbol>
      <symbol id="sm-6c8">
         <name>__aeabi_ddiv</name>
         <value>0x4ee9</value>
         <object_component_ref idref="oc-34a"/>
      </symbol>
      <symbol id="sm-6d3">
         <name>__aeabi_dmul</name>
         <value>0x537d</value>
         <object_component_ref idref="oc-345"/>
      </symbol>
      <symbol id="sm-6dd">
         <name>__aeabi_d2iz</name>
         <value>0x5d59</value>
         <object_component_ref idref="oc-354"/>
      </symbol>
      <symbol id="sm-6f8">
         <name>memcpy</name>
         <value>0x56d7</value>
         <object_component_ref idref="oc-46"/>
      </symbol>
      <symbol id="sm-6f9">
         <name>__aeabi_memcpy</name>
         <value>0x56d7</value>
         <object_component_ref idref="oc-46"/>
      </symbol>
      <symbol id="sm-6fa">
         <name>__aeabi_memcpy8</name>
         <value>0x56d7</value>
         <object_component_ref idref="oc-46"/>
      </symbol>
      <symbol id="sm-6fb">
         <name>__aeabi_memcpy4</name>
         <value>0x56d7</value>
         <object_component_ref idref="oc-46"/>
      </symbol>
      <symbol id="sm-70b">
         <name>__aeabi_memset</name>
         <value>0x5997</value>
         <object_component_ref idref="oc-b6"/>
      </symbol>
      <symbol id="sm-70c">
         <name>memset</name>
         <value>0x599d</value>
         <object_component_ref idref="oc-b6"/>
      </symbol>
      <symbol id="sm-70d">
         <name>__aeabi_memset8</name>
         <value>0x5997</value>
         <object_component_ref idref="oc-b6"/>
      </symbol>
      <symbol id="sm-70e">
         <name>__aeabi_memset4</name>
         <value>0x5997</value>
         <object_component_ref idref="oc-b6"/>
      </symbol>
      <symbol id="sm-70f">
         <name>__aeabi_memclr8</name>
         <value>0x5995</value>
         <object_component_ref idref="oc-b6"/>
      </symbol>
      <symbol id="sm-710">
         <name>__aeabi_memclr4</name>
         <value>0x5995</value>
         <object_component_ref idref="oc-b6"/>
      </symbol>
      <symbol id="sm-711">
         <name>__aeabi_memclr</name>
         <value>0x5995</value>
         <object_component_ref idref="oc-b6"/>
      </symbol>
      <symbol id="sm-71f">
         <name>__aeabi_ldivmod</name>
         <value>0x5a7d</value>
         <object_component_ref idref="oc-2e5"/>
      </symbol>
      <symbol id="sm-72c">
         <name>__aeabi_uldivmod</name>
         <value>0x5773</value>
         <object_component_ref idref="oc-33e"/>
      </symbol>
      <symbol id="sm-743">
         <name>__TI_zero_init</name>
         <value>0x5f99</value>
         <object_component_ref idref="oc-58"/>
      </symbol>
      <symbol id="sm-75a">
         <name>__TI_decompress_none</name>
         <value>0x5f8b</value>
         <object_component_ref idref="oc-1b"/>
      </symbol>
      <symbol id="sm-77d">
         <name>__TI_decompress_lzss</name>
         <value>0x5aeb</value>
         <object_component_ref idref="oc-15"/>
      </symbol>
      <symbol id="sm-78b">
         <name>strcpy</name>
         <value>0x5f41</value>
         <object_component_ref idref="oc-ff"/>
      </symbol>
      <symbol id="sm-799">
         <name>strlen</name>
         <value>0x5f55</value>
         <object_component_ref idref="oc-105"/>
      </symbol>
      <symbol id="sm-7ac">
         <name>__stack</name>
         <value>0x200052f0</value>
         <object_component_ref idref="oc-24"/>
      </symbol>
      <symbol id="sm-7ad">
         <name>_c_int00_noargs</name>
         <value>0x5e65</value>
         <object_component_ref idref="oc-64"/>
      </symbol>
      <symbol id="sm-912">
         <name>__TI_printfi</name>
         <value>0x2395</value>
         <object_component_ref idref="oc-1c9"/>
      </symbol>
      <symbol id="sm-91c">
         <name>__aeabi_idiv0</name>
         <value>0x2de3</value>
         <object_component_ref idref="oc-3cb"/>
      </symbol>
      <symbol id="sm-91d">
         <name>__aeabi_ldiv0</name>
         <value>0x2de3</value>
         <object_component_ref idref="oc-3cb"/>
      </symbol>
      <symbol id="sm-934">
         <name>__aeabi_dsub</name>
         <value>0x4aa5</value>
         <object_component_ref idref="oc-364"/>
      </symbol>
      <symbol id="sm-935">
         <name>__aeabi_dadd</name>
         <value>0x4aaf</value>
         <object_component_ref idref="oc-364"/>
      </symbol>
      <symbol id="sm-957">
         <name>__aeabi_cdcmpeq</name>
         <value>0x5809</value>
         <object_component_ref idref="oc-289"/>
      </symbol>
      <symbol id="sm-958">
         <name>__aeabi_cdcmple</name>
         <value>0x5809</value>
         <object_component_ref idref="oc-289"/>
      </symbol>
      <symbol id="sm-959">
         <name>__aeabi_cdrcmple</name>
         <value>0x588f</value>
         <object_component_ref idref="oc-34f"/>
      </symbol>
      <symbol id="sm-963">
         <name>__aeabi_i2d</name>
         <value>0x5e99</value>
         <object_component_ref idref="oc-35f"/>
      </symbol>
      <symbol id="sm-98b">
         <name>__TI_auto_init_nobinit_nopinit</name>
         <value>0x5da1</value>
         <object_component_ref idref="oc-15f"/>
      </symbol>
      <symbol id="sm-995">
         <name>_system_pre_init</name>
         <value>0x5fd1</value>
         <object_component_ref idref="oc-bc"/>
      </symbol>
      <symbol id="sm-9a1">
         <name>C$$EXIT</name>
         <value>0x5fd5</value>
         <object_component_ref idref="oc-153"/>
      </symbol>
      <symbol id="sm-9a2">
         <name>abort</name>
         <value>0x5fd5</value>
         <object_component_ref idref="oc-153"/>
      </symbol>
      <symbol id="sm-9b2">
         <name>__TI_ltoa</name>
         <value>0x5c65</value>
         <object_component_ref idref="oc-359"/>
      </symbol>
      <symbol id="sm-9c9">
         <name>atoi</name>
         <value>0x5d0d</value>
         <object_component_ref idref="oc-27d"/>
      </symbol>
      <symbol id="sm-9d4">
         <name>_ctypes_</name>
         <value>0x6105</value>
         <object_component_ref idref="oc-339"/>
      </symbol>
      <symbol id="sm-9e4">
         <name>memccpy</name>
         <value>0x5ec7</value>
         <object_component_ref idref="oc-2a6"/>
      </symbol>
      <symbol id="sm-9f4">
         <name>strchr</name>
         <value>0x5f2b</value>
         <object_component_ref idref="oc-390"/>
      </symbol>
      <symbol id="sm-a0a">
         <name>__aeabi_errno_addr</name>
         <value>0x5fc9</value>
         <object_component_ref idref="oc-2b2"/>
      </symbol>
      <symbol id="sm-a0b">
         <name>errno</name>
         <value>0x200055b4</value>
         <object_component_ref idref="oc-3a0"/>
      </symbol>
      <symbol id="sm-a24">
         <name>wcslen</name>
         <value>0x5f69</value>
         <object_component_ref idref="oc-2ac"/>
      </symbol>
      <symbol id="sm-a44">
         <name>frexpl</name>
         <value>0x5b55</value>
         <object_component_ref idref="oc-384"/>
      </symbol>
      <symbol id="sm-a45">
         <name>frexp</name>
         <value>0x5b55</value>
         <object_component_ref idref="oc-384"/>
      </symbol>
      <symbol id="sm-a62">
         <name>scalbn</name>
         <value>0x526d</value>
         <object_component_ref idref="oc-38a"/>
      </symbol>
      <symbol id="sm-a63">
         <name>scalbnl</name>
         <value>0x526d</value>
         <object_component_ref idref="oc-38a"/>
      </symbol>
      <symbol id="sm-a64">
         <name>ldexpl</name>
         <value>0x526d</value>
         <object_component_ref idref="oc-38a"/>
      </symbol>
      <symbol id="sm-a65">
         <name>ldexp</name>
         <value>0x526d</value>
         <object_component_ref idref="oc-38a"/>
      </symbol>
      <symbol id="sm-a6f">
         <name>copysign</name>
         <value>0x5ee3</value>
         <object_component_ref idref="oc-3ff"/>
      </symbol>
      <symbol id="sm-a70">
         <name>copysignl</name>
         <value>0x5ee3</value>
         <object_component_ref idref="oc-3ff"/>
      </symbol>
      <symbol id="sm-a71">
         <name>__TI_static_base__</name>
         <value>0x0</value>
      </symbol>
      <symbol id="sm-a74">
         <name>__mpu_init</name>
         <value>0x0</value>
      </symbol>
      <symbol id="sm-a75">
         <name>_system_post_cinit</name>
         <value>0x0</value>
      </symbol>
   </symbol_table>
   <title>Link successful</title>
</link_info>
