******************************************************************************
                  TI ARM Linker PC v20.2.7                     
******************************************************************************
>> Linked Fri May 10 16:16:52 2024

OUTPUT FILE NAME:   <Seat Heater Control System.out>
ENTRY POINT SYMBOL: "_c_int00_noargs"  address: 00003f21


MEMORY CONFIGURATION

         name            origin    length      used     unused   attr    fill
----------------------  --------  ---------  --------  --------  ----  --------
  FLASH                 00000000   00040000  0000417c  0003be84  R  X
  SRAM                  20000000   00008000  0000545d  00002ba3  RW X


SEGMENT ALLOCATION MAP

run origin  load origin   length   init length attrs members
----------  ----------- ---------- ----------- ----- -------
00000000    00000000    00004180   00004180    r-x
  00000000    00000000    0000026c   0000026c    r-- .intvecs
  0000026c    0000026c    00003d48   00003d48    r-x .text
  00003fb4    00003fb4    00000148   00000148    r-- .const
  00004100    00004100    00000080   00000080    r-- .cinit
20000000    20000000    00005461   00000000    rw-
  20000000    20000000    000051a4   00000000    rw- .bss
  200051a8    200051a8    00000200   00000000    rw- .stack
  200053a8    200053a8    000000b9   00000000    rw- .data


SECTION ALLOCATION MAP

 output                                  attributes/
section   page    origin      length       input sections
--------  ----  ----------  ----------   ----------------
.intvecs   0    00000000    0000026c     
                  00000000    0000026c     tm4c123gh6pm_startup_ccs.obj (.intvecs)

.text      0    0000026c    00003d48     
                  0000026c    00001c68     tasks.obj (.text)
                  00001ed4    00000b04     app.obj (.text)
                  000029d8    000005bc     Port.obj (.text)
                  00002f94    000002e8     Dio.obj (.text)
                  0000327c    000002b0     port.obj (.text)
                  0000352c    0000028c     heap_2.obj (.text)
                  000037b8    000001c8     uart0.obj (.text)
                  00003980    0000012a     list.obj (.text)
                  00003aaa    00000002     rtsv7M4_T_le_v4SPD16_eabi.lib : div0.asm.obj (.text)
                  00003aac    000000da     portasm.obj (.text)
                  00003b86    0000009c     rtsv7M4_T_le_v4SPD16_eabi.lib : memcpy_t2.asm.obj (.text)
                  00003c22    00000096                                   : ull_div_t2.asm.obj (.text)
                  00003cb8    00000080     adc.obj (.text)
                  00003d38    0000007a     rtsv7M4_T_le_v4SPD16_eabi.lib : memset_t2.asm.obj (.text)
                  00003db2    0000006e                                   : ll_div_t2.asm.obj (.text)
                  00003e20    00000068                                   : copy_decompress_lzss.c.obj (.text:decompress:lzss:__TI_decompress_lzss)
                  00003e88    00000054     GPTM.obj (.text)
                  00003edc    00000044     rtsv7M4_T_le_v4SPD16_eabi.lib : autoinit.c.obj (.text:__TI_auto_init_nobinit_nopinit:__TI_auto_init_nobinit_nopinit)
                  00003f20    00000034                                   : boot_cortex_m.c.obj (.text:_c_int00_noargs:_c_int00_noargs)
                  00003f54    00000016     Det.obj (.text)
                  00003f6a    00000010     heater.obj (.text)
                  00003f7a    0000000e     rtsv7M4_T_le_v4SPD16_eabi.lib : copy_decompress_none.c.obj (.text:decompress:none:__TI_decompress_none)
                  00003f88    0000000c                                   : copy_zero_init.c.obj (.text:decompress:ZI:__TI_zero_init)
                  00003f94    0000000c     main.obj (.text)
                  00003fa0    0000000c     tm4c123gh6pm_startup_ccs.obj (.text)
                  00003fac    00000004     rtsv7M4_T_le_v4SPD16_eabi.lib : pre_init.c.obj (.text:_system_pre_init)
                  00003fb0    00000004                                   : exit.c.obj (.text:abort:abort)

.const     0    00003fb4    00000148     
                  00003fb4    0000012d     Port_PBcfg.obj (.const:Port_Configuration)
                  000040e1    0000000c     Dio_PBcfg.obj (.const:Dio_Configuration)
                  000040ed    00000003     --HOLE-- [fill = 0]
                  000040f0    00000008     port.obj (.const)
                  000040f8    00000004     tasks.obj (.const)

.cinit     0    00004100    00000080     
                  00004100    00000057     (.cinit..data.load) [load image, compression = lzss]
                  00004157    00000001     --HOLE-- [fill = 0]
                  00004158    0000000c     (__TI_handler_table)
                  00004164    00000004     --HOLE-- [fill = 0]
                  00004168    00000008     (.cinit..bss.load) [load image, compression = zero_init]
                  00004170    00000010     (__TI_cinit_table)

.init_array 
*          0    00000000    00000000     UNINITIALIZED

.bss       0    20000000    000051a4     UNINITIALIZED
                  20000000    00004000     heap_2.obj (.bss:ucHeap)
                  20004000    00001000     (.common:DiagnosticsArray)
                  20005000    00000064     tasks.obj (.bss:pxReadyTasksLists)
                  20005064    00000038     (.common:ullTasksInTime)
                  2000509c    00000038     (.common:ullTasksOutTime)
                  200050d4    00000038     (.common:ullTasksTotalTime)
                  2000510c    00000014     tasks.obj (.bss:xDelayedTaskList1)
                  20005120    00000014     tasks.obj (.bss:xDelayedTaskList2)
                  20005134    00000014     tasks.obj (.bss:xPendingReadyList)
                  20005148    00000014     tasks.obj (.bss:xSuspendedTaskList)
                  2000515c    00000008     tasks.obj (.bss)
                  20005164    00000008     heap_2.obj (.bss:xEnd)
                  2000516c    00000008     heap_2.obj (.bss:xStart)
                  20005174    00000004     (.common:Display_Task_Handler)
                  20005178    00000004     (.common:Driver_Button_Task_Handler)
                  2000517c    00000004     (.common:Driver_Seat_Control_Task_Handler)
                  20005180    00000004     (.common:Driver_Seat_Failure_Task_Handler)
                  20005184    00000004     (.common:Driver_Seat_Heater_Task_Handler)
                  20005188    00000004     (.common:Driver_Seat_Temp_Read_Task_Handler)
                  2000518c    00000004     (.common:Driving_Wheel_Button_Task_Handler)
                  20005190    00000004     (.common:Passanger_Button_Task_Handler)
                  20005194    00000004     (.common:Passanger_Seat_Heater_Task_Handler)
                  20005198    00000004     (.common:Passanger_Seat_Temp_Read_Task_Handler)
                  2000519c    00000004     (.common:Passenger_Seat_Control_Task_Handler)
                  200051a0    00000004     (.common:Passenger_Seat_Failure_Task_Handler)

.data      0    200053a8    000000b9     UNINITIALIZED
                  200053a8    00000030     tasks.obj (.data)
                  200053d8    00000010     app.obj (.data:DriverSeatControlTaskParameter)
                  200053e8    00000010     app.obj (.data:PassangerSeatControlTaskParameter)
                  200053f8    0000000c     port.obj (.data)
                  20005404    00000008     app.obj (.data:DriverSeatConsoleButtonTaskParameter)
                  2000540c    00000008     app.obj (.data:DriverSeatHeaterTaskParameter)
                  20005414    00000008     app.obj (.data:DriverSeatTempReadTaskParameter)
                  2000541c    00000008     app.obj (.data:DrivingWheelButtonTaskParameter)
                  20005424    00000008     app.obj (.data:PassengerSeatConsoleButtonTaskParameter)
                  2000542c    00000008     app.obj (.data:PassengerSeatHeaterTaskParameter)
                  20005434    00000008     app.obj (.data:PassengerSeatTempReadTaskParameter)
                  2000543c    00000008     app.obj (.data)
                  20005444    00000008     heap_2.obj (.data)
                  2000544c    00000006     Port.obj (.data)
                  20005452    00000002     --HOLE--
                  20005454    00000005     Dio.obj (.data)
                  20005459    00000004     app.obj (.data:DriverSeatFailureTaskParameter)
                  2000545d    00000004     app.obj (.data:PassengerSeatFailureTaskParameter)

.stack     0    200051a8    00000200     UNINITIALIZED
                  200051a8    00000004     rtsv7M4_T_le_v4SPD16_eabi.lib : boot_cortex_m.c.obj (.stack)
                  200051ac    000001fc     --HOLE--

__llvm_prf_cnts 
*          0    20000000    00000000     UNINITIALIZED

MODULE SUMMARY

       Module                         code    ro data   rw data
       ------                         ----    -------   -------
    .\
       tm4c123gh6pm_startup_ccs.obj   12      620       0      
       main.obj                       12      0         0      
    +--+------------------------------+-------+---------+---------+
       Total:                         24      620       0      
                                                               
    .\APP\
       app.obj                        2820    0         4416   
    +--+------------------------------+-------+---------+---------+
       Total:                         2820    0         4416   
                                                               
    .\FreeRTOS\Source\
       tasks.obj                      7272    4         236    
       list.obj                       298     0         0      
    +--+------------------------------+-------+---------+---------+
       Total:                         7570    4         236    
                                                               
    .\FreeRTOS\Source\portable\CCS\ARM_CM4F\
       port.obj                       688     8         12     
       portasm.obj                    218     0         0      
    +--+------------------------------+-------+---------+---------+
       Total:                         906     8         12     
                                                               
    .\FreeRTOS\Source\portable\MemMang\
       heap_2.obj                     652     0         16408  
    +--+------------------------------+-------+---------+---------+
       Total:                         652     0         16408  
                                                               
    .\HAL\Heater\
       heater.obj                     16      0         0      
    +--+------------------------------+-------+---------+---------+
       Total:                         16      0         0      
                                                               
    .\MCAL\ADC\
       adc.obj                        128     0         0      
    +--+------------------------------+-------+---------+---------+
       Total:                         128     0         0      
                                                               
    .\MCAL\DIO\
       Dio.obj                        744     0         5      
       Dio_PBcfg.obj                  0       12        0      
    +--+------------------------------+-------+---------+---------+
       Total:                         744     12        5      
                                                               
    .\MCAL\GPTM\
       GPTM.obj                       84      0         0      
    +--+------------------------------+-------+---------+---------+
       Total:                         84      0         0      
                                                               
    .\MCAL\PORT\
       Port.obj                       1468    0         6      
       Port_PBcfg.obj                 0       301       0      
       Det.obj                        22      0         0      
    +--+------------------------------+-------+---------+---------+
       Total:                         1490    301       6      
                                                               
    .\MCAL\UART\
       uart0.obj                      456     0         0      
    +--+------------------------------+-------+---------+---------+
       Total:                         456     0         0      
                                                               
    C:\ti\ccs1250\ccs\tools\compiler\ti-cgt-arm_20.2.7.LTS\lib\rtsv7M4_T_le_v4SPD16_eabi.lib
       memcpy_t2.asm.obj              156     0         0      
       ull_div_t2.asm.obj             150     0         0      
       memset_t2.asm.obj              122     0         0      
       ll_div_t2.asm.obj              110     0         0      
       copy_decompress_lzss.c.obj     104     0         0      
       autoinit.c.obj                 68      0         0      
       boot_cortex_m.c.obj            52      0         0      
       copy_decompress_none.c.obj     14      0         0      
       copy_zero_init.c.obj           12      0         0      
       exit.c.obj                     4       0         0      
       pre_init.c.obj                 4       0         0      
       div0.asm.obj                   2       0         0      
    +--+------------------------------+-------+---------+---------+
       Total:                         798     0         0      
                                                               
       Stack:                         0       0         512    
       Linker Generated:              0       123       0      
    +--+------------------------------+-------+---------+---------+
       Grand Total:                   15688   1068      21595  


LINKER GENERATED COPY TABLES

__TI_cinit_table @ 00004170 records: 2, size/record: 8, table size: 16
	.data: load addr=00004100, load size=00000057 bytes, run addr=200053a8, run size=000000b9 bytes, compression=lzss
	.bss: load addr=00004168, load size=00000008 bytes, run addr=20000000, run size=000051a4 bytes, compression=zero_init


LINKER GENERATED HANDLER TABLE

__TI_handler_table @ 00004158 records: 3, size/record: 4, table size: 12
	index: 0, handler: __TI_decompress_lzss
	index: 1, handler: __TI_decompress_none
	index: 2, handler: __TI_zero_init


GLOBAL SYMBOLS: SORTED ALPHABETICALLY BY Name 

address   name                                   
-------   ----                                   
00003cb9  ADC0_EnableCLock                       
00003cc5  ADC0_ReadChannel                       
00001edd  APP_init                               
00001ed5  APP_start                              
00003fb1  C$$EXIT                                
00003f55  Det_ReportError                        
20004000  DiagnosticsArray                       
2000543c  Diagnostics_index                      
000040e1  Dio_Configuration                      
00003161  Dio_FlipChannel                        
00002f95  Dio_Init                               
00003099  Dio_ReadChannel                        
00002fb9  Dio_WriteChannel                       
20005174  Display_Task_Handler                   
20005404  DriverSeatConsoleButtonTaskParameter   
200053d8  DriverSeatControlTaskParameter         
20005459  DriverSeatFailureTaskParameter         
2000540c  DriverSeatHeaterTaskParameter          
20005414  DriverSeatTempReadTaskParameter        
20005178  Driver_Button_Task_Handler             
2000517c  Driver_Seat_Control_Task_Handler       
20005180  Driver_Seat_Failure_Task_Handler       
20005184  Driver_Seat_Heater_Task_Handler        
20005188  Driver_Seat_Temp_Read_Task_Handler     
2000541c  DrivingWheelButtonTaskParameter        
2000518c  Driving_Wheel_Button_Task_Handler      
00003e89  GPTM_WTimer0Init                       
00003eb9  GPTM_WTimer0Read                       
00003f6b  HEATER_setHeatingIntensity             
200053e8  PassangerSeatControlTaskParameter      
20005190  Passanger_Button_Task_Handler          
20005194  Passanger_Seat_Heater_Task_Handler     
20005198  Passanger_Seat_Temp_Read_Task_Handler  
20005424  PassengerSeatConsoleButtonTaskParameter
2000545d  PassengerSeatFailureTaskParameter      
2000542c  PassengerSeatHeaterTaskParameter       
20005434  PassengerSeatTempReadTaskParameter     
2000519c  Passenger_Seat_Control_Task_Handler    
200051a0  Passenger_Seat_Failure_Task_Handler    
00003fb4  Port_Configuration                     
00002f23  Port_GetVersionInfo                    
000029d9  Port_Init                              
00002d99  Port_RefreshPortDirection              
00003fa1  ResetISR                               
0000380f  UART0_Init                             
0000386b  UART0_ReceiveByte                      
0000384f  UART0_SendByte                         
000038a1  UART0_SendInteger                      
0000387b  UART0_SendString                       
200053a8  __STACK_END                            
00000200  __STACK_SIZE                           
200053a8  __STACK_TOP                            
00004170  __TI_CINIT_Base                        
00004180  __TI_CINIT_Limit                       
00004158  __TI_Handler_Table_Base                
00004164  __TI_Handler_Table_Limit               
00003edd  __TI_auto_init_nobinit_nopinit         
00003e21  __TI_decompress_lzss                   
00003f7b  __TI_decompress_none                   
ffffffff  __TI_pprof_out_hndl                    
ffffffff  __TI_prof_data_size                    
ffffffff  __TI_prof_data_start                   
00000000  __TI_static_base__                     
00003f89  __TI_zero_init                         
00003aab  __aeabi_idiv0                          
00003aab  __aeabi_ldiv0                          
00003db3  __aeabi_ldivmod                        
00003d39  __aeabi_memclr                         
00003d39  __aeabi_memclr4                        
00003d39  __aeabi_memclr8                        
00003b87  __aeabi_memcpy                         
00003b87  __aeabi_memcpy4                        
00003b87  __aeabi_memcpy8                        
00003d3b  __aeabi_memset                         
00003d3b  __aeabi_memset4                        
00003d3b  __aeabi_memset8                        
00003c23  __aeabi_uldivmod                       
ffffffff  __binit__                              
ffffffff  __c_args__                             
UNDEFED   __mpu_init                             
200051a8  __stack                                
20000000  __start___llvm_prf_cnts                
20000000  __stop___llvm_prf_cnts                 
00003f21  _c_int00_noargs                        
UNDEFED   _system_post_cinit                     
00003fad  _system_pre_init                       
00003fb1  abort                                  
ffffffff  binit                                  
00000000  g_pfnVectors                           
20005442  g_u8DriverSeatHeaterIntensity          
20005440  g_u8DriverSeatTemp                     
20005443  g_u8PassengerSeatHeaterIntensity       
20005441  g_u8PassengerSeatTemp                  
2000543e  g_ucDriverSeatState                    
2000543f  g_ucPassengerSeatState                 
00003f95  main                                   
00003b87  memcpy                                 
00003d41  memset                                 
00000bd5  pcTaskGetName                          
00003719  pvPortCalloc                           
0000352d  pvPortMalloc                           
200053a8  pxCurrentTCB                           
0000327d  pxPortInitialiseStack                  
000040f0  ulMaxSyscallInterruptPriority          
00003abd  ulPortGetIPSR                          
0000157b  ulTaskGenericNotifyTake                
00001d99  ulTaskGenericNotifyValueClear          
20005064  ullTasksInTime                         
2000509c  ullTasksOutTime                        
200050d4  ullTasksTotalTime                      
00003a63  uxListRemove                           
00000bc5  uxTaskGetNumberOfTasks                 
00001559  uxTaskResetEventItemValue              
000040f8  uxTopUsedPriority                      
000020ed  vButtonTask                            
00002397  vControlTask                           
000026a1  vDisplayTask                           
00002555  vFailureHandlingTask                   
000024b5  vHeaterTask                            
00003981  vListInitialise                        
000039b1  vListInitialiseItem                    
000039fd  vListInsert                            
000039c1  vListInsertEnd                         
00003b79  vPortEnableVFP                         
000033c1  vPortEndScheduler                      
000033e5  vPortEnterCritical                     
00003427  vPortExitCritical                      
00003653  vPortFree                              
00003717  vPortInitialiseBlocks                  
00003b35  vPortSVCHandler                        
00003479  vPortSetupTimerInterrupt               
00003b55  vPortStartFirstTask                    
00003495  vPortValidateInterruptPriority         
00002849  vRunTimeMeasurementsTask               
00000593  vTaskDelay                             
000009bd  vTaskEndScheduler                      
00001b81  vTaskGenericNotifyGiveFromISR          
000013c1  vTaskInternalSetTimeOutState           
00001495  vTaskMissedYield                       
00000fff  vTaskPlaceOnEventList                  
0000103d  vTaskPlaceOnUnorderedEventList         
00001255  vTaskRemoveFromUnorderedEventList      
0000076d  vTaskResume                            
00000e5f  vTaskSetApplicationTaskTag             
0000138f  vTaskSetTimeOutState                   
00000939  vTaskStartScheduler                    
000005f1  vTaskSuspend                           
000009d9  vTaskSuspendAll                        
00000f35  vTaskSwitchContext                     
0000228d  vTempReadTask                          
00003711  xPortGetFreeHeapSize                   
00003ad5  xPortPendSVHandler                     
00003309  xPortStartScheduler                    
00003453  xPortSysTickHandler                    
00000ee7  xTaskCallApplicationTaskHook           
00000c21  xTaskCatchUpTicks                      
000013e9  xTaskCheckForTimeOut                   
0000026d  xTaskCreate                            
000004b9  xTaskDelayUntil                        
00001745  xTaskGenericNotify                     
0000192b  xTaskGenericNotifyFromISR              
00001d31  xTaskGenericNotifyStateClear           
00001641  xTaskGenericNotifyWait                 
00000e85  xTaskGetApplicationTaskTag             
00000ead  xTaskGetApplicationTaskTagFromISR      
00001549  xTaskGetCurrentTaskHandle              
00000ba1  xTaskGetTickCount                      
00000bb1  xTaskGetTickCountFromISR               
00000c89  xTaskIncrementTick                     
000010ed  xTaskRemoveFromEventList               
000009f9  xTaskResumeAll                         
00000841  xTaskResumeFromISR                     


GLOBAL SYMBOLS: SORTED BY Symbol Address 

address   name                                   
-------   ----                                   
00000000  __TI_static_base__                     
00000000  g_pfnVectors                           
00000200  __STACK_SIZE                           
0000026d  xTaskCreate                            
000004b9  xTaskDelayUntil                        
00000593  vTaskDelay                             
000005f1  vTaskSuspend                           
0000076d  vTaskResume                            
00000841  xTaskResumeFromISR                     
00000939  vTaskStartScheduler                    
000009bd  vTaskEndScheduler                      
000009d9  vTaskSuspendAll                        
000009f9  xTaskResumeAll                         
00000ba1  xTaskGetTickCount                      
00000bb1  xTaskGetTickCountFromISR               
00000bc5  uxTaskGetNumberOfTasks                 
00000bd5  pcTaskGetName                          
00000c21  xTaskCatchUpTicks                      
00000c89  xTaskIncrementTick                     
00000e5f  vTaskSetApplicationTaskTag             
00000e85  xTaskGetApplicationTaskTag             
00000ead  xTaskGetApplicationTaskTagFromISR      
00000ee7  xTaskCallApplicationTaskHook           
00000f35  vTaskSwitchContext                     
00000fff  vTaskPlaceOnEventList                  
0000103d  vTaskPlaceOnUnorderedEventList         
000010ed  xTaskRemoveFromEventList               
00001255  vTaskRemoveFromUnorderedEventList      
0000138f  vTaskSetTimeOutState                   
000013c1  vTaskInternalSetTimeOutState           
000013e9  xTaskCheckForTimeOut                   
00001495  vTaskMissedYield                       
00001549  xTaskGetCurrentTaskHandle              
00001559  uxTaskResetEventItemValue              
0000157b  ulTaskGenericNotifyTake                
00001641  xTaskGenericNotifyWait                 
00001745  xTaskGenericNotify                     
0000192b  xTaskGenericNotifyFromISR              
00001b81  vTaskGenericNotifyGiveFromISR          
00001d31  xTaskGenericNotifyStateClear           
00001d99  ulTaskGenericNotifyValueClear          
00001ed5  APP_start                              
00001edd  APP_init                               
000020ed  vButtonTask                            
0000228d  vTempReadTask                          
00002397  vControlTask                           
000024b5  vHeaterTask                            
00002555  vFailureHandlingTask                   
000026a1  vDisplayTask                           
00002849  vRunTimeMeasurementsTask               
000029d9  Port_Init                              
00002d99  Port_RefreshPortDirection              
00002f23  Port_GetVersionInfo                    
00002f95  Dio_Init                               
00002fb9  Dio_WriteChannel                       
00003099  Dio_ReadChannel                        
00003161  Dio_FlipChannel                        
0000327d  pxPortInitialiseStack                  
00003309  xPortStartScheduler                    
000033c1  vPortEndScheduler                      
000033e5  vPortEnterCritical                     
00003427  vPortExitCritical                      
00003453  xPortSysTickHandler                    
00003479  vPortSetupTimerInterrupt               
00003495  vPortValidateInterruptPriority         
0000352d  pvPortMalloc                           
00003653  vPortFree                              
00003711  xPortGetFreeHeapSize                   
00003717  vPortInitialiseBlocks                  
00003719  pvPortCalloc                           
0000380f  UART0_Init                             
0000384f  UART0_SendByte                         
0000386b  UART0_ReceiveByte                      
0000387b  UART0_SendString                       
000038a1  UART0_SendInteger                      
00003981  vListInitialise                        
000039b1  vListInitialiseItem                    
000039c1  vListInsertEnd                         
000039fd  vListInsert                            
00003a63  uxListRemove                           
00003aab  __aeabi_idiv0                          
00003aab  __aeabi_ldiv0                          
00003abd  ulPortGetIPSR                          
00003ad5  xPortPendSVHandler                     
00003b35  vPortSVCHandler                        
00003b55  vPortStartFirstTask                    
00003b79  vPortEnableVFP                         
00003b87  __aeabi_memcpy                         
00003b87  __aeabi_memcpy4                        
00003b87  __aeabi_memcpy8                        
00003b87  memcpy                                 
00003c23  __aeabi_uldivmod                       
00003cb9  ADC0_EnableCLock                       
00003cc5  ADC0_ReadChannel                       
00003d39  __aeabi_memclr                         
00003d39  __aeabi_memclr4                        
00003d39  __aeabi_memclr8                        
00003d3b  __aeabi_memset                         
00003d3b  __aeabi_memset4                        
00003d3b  __aeabi_memset8                        
00003d41  memset                                 
00003db3  __aeabi_ldivmod                        
00003e21  __TI_decompress_lzss                   
00003e89  GPTM_WTimer0Init                       
00003eb9  GPTM_WTimer0Read                       
00003edd  __TI_auto_init_nobinit_nopinit         
00003f21  _c_int00_noargs                        
00003f55  Det_ReportError                        
00003f6b  HEATER_setHeatingIntensity             
00003f7b  __TI_decompress_none                   
00003f89  __TI_zero_init                         
00003f95  main                                   
00003fa1  ResetISR                               
00003fad  _system_pre_init                       
00003fb1  C$$EXIT                                
00003fb1  abort                                  
00003fb4  Port_Configuration                     
000040e1  Dio_Configuration                      
000040f0  ulMaxSyscallInterruptPriority          
000040f8  uxTopUsedPriority                      
00004158  __TI_Handler_Table_Base                
00004164  __TI_Handler_Table_Limit               
00004170  __TI_CINIT_Base                        
00004180  __TI_CINIT_Limit                       
20000000  __start___llvm_prf_cnts                
20000000  __stop___llvm_prf_cnts                 
20004000  DiagnosticsArray                       
20005064  ullTasksInTime                         
2000509c  ullTasksOutTime                        
200050d4  ullTasksTotalTime                      
20005174  Display_Task_Handler                   
20005178  Driver_Button_Task_Handler             
2000517c  Driver_Seat_Control_Task_Handler       
20005180  Driver_Seat_Failure_Task_Handler       
20005184  Driver_Seat_Heater_Task_Handler        
20005188  Driver_Seat_Temp_Read_Task_Handler     
2000518c  Driving_Wheel_Button_Task_Handler      
20005190  Passanger_Button_Task_Handler          
20005194  Passanger_Seat_Heater_Task_Handler     
20005198  Passanger_Seat_Temp_Read_Task_Handler  
2000519c  Passenger_Seat_Control_Task_Handler    
200051a0  Passenger_Seat_Failure_Task_Handler    
200051a8  __stack                                
200053a8  __STACK_END                            
200053a8  __STACK_TOP                            
200053a8  pxCurrentTCB                           
200053d8  DriverSeatControlTaskParameter         
200053e8  PassangerSeatControlTaskParameter      
20005404  DriverSeatConsoleButtonTaskParameter   
2000540c  DriverSeatHeaterTaskParameter          
20005414  DriverSeatTempReadTaskParameter        
2000541c  DrivingWheelButtonTaskParameter        
20005424  PassengerSeatConsoleButtonTaskParameter
2000542c  PassengerSeatHeaterTaskParameter       
20005434  PassengerSeatTempReadTaskParameter     
2000543c  Diagnostics_index                      
2000543e  g_ucDriverSeatState                    
2000543f  g_ucPassengerSeatState                 
20005440  g_u8DriverSeatTemp                     
20005441  g_u8PassengerSeatTemp                  
20005442  g_u8DriverSeatHeaterIntensity          
20005443  g_u8PassengerSeatHeaterIntensity       
20005459  DriverSeatFailureTaskParameter         
2000545d  PassengerSeatFailureTaskParameter      
ffffffff  __TI_pprof_out_hndl                    
ffffffff  __TI_prof_data_size                    
ffffffff  __TI_prof_data_start                   
ffffffff  __binit__                              
ffffffff  __c_args__                             
ffffffff  binit                                  
UNDEFED   __mpu_init                             
UNDEFED   _system_post_cinit                     

[172 symbols]
