******************************************************************************
                  TI ARM Linker PC v20.2.7                     
******************************************************************************
>> Linked Sun Apr 14 01:17:11 2024

OUTPUT FILE NAME:   <Seat Heater Control System.out>
ENTRY POINT SYMBOL: "_c_int00_noargs"  address: 00002129


MEMORY CONFIGURATION

         name            origin    length      used     unused   attr    fill
----------------------  --------  ---------  --------  --------  ----  --------
  FLASH                 00000000   00040000  000021ce  0003de32  R  X
  SRAM                  20000000   00008000  000042ec  00003d14  RW X


SEGMENT ALLOCATION MAP

run origin  load origin   length   init length attrs members
----------  ----------- ---------- ----------- ----- -------
00000000    00000000    000021d0   000021d0    r-x
  00000000    00000000    0000026c   0000026c    r-- .intvecs
  0000026c    0000026c    00001f1e   00001f1e    r-x .text
  0000218c    0000218c    0000000c   0000000c    r-- .const
  00002198    00002198    00000038   00000038    r-- .cinit
20000000    20000000    000042ec   00000000    rw-
  20000000    20000000    000040a8   00000000    rw- .bss
  200040a8    200040a8    00000200   00000000    rw- .stack
  200042a8    200042a8    00000044   00000000    rw- .data


SECTION ALLOCATION MAP

 output                                  attributes/
section   page    origin      length       input sections
--------  ----  ----------  ----------   ----------------
.intvecs   0    00000000    0000026c     
                  00000000    0000026c     tm4c123gh6pm_startup_ccs.obj (.intvecs)

.text      0    0000026c    00001f1e     
                  0000026c    00001770     tasks.obj (.text)
                  000019dc    000002b0     port.obj (.text)
                  00001c8c    0000012a     list.obj (.text)
                  00001db6    00000002     main.obj (.text)
                  00001db8    000000da     portasm.obj (.text)
                  00001e92    00000002     --HOLE-- [fill = 0]
                  00001e94    000000d0     heap_1.obj (.text)
                  00001f64    0000009c     rtsv7M4_T_le_v4SPD16_eabi.lib : memcpy_t2.asm.obj (.text)
                  00002000    0000007a                                   : memset_t2.asm.obj (.text)
                  0000207a    00000068                                   : copy_decompress_lzss.c.obj (.text:decompress:lzss:__TI_decompress_lzss)
                  000020e2    00000002     --HOLE-- [fill = 0]
                  000020e4    00000044                                   : autoinit.c.obj (.text:__TI_auto_init_nobinit_nopinit:__TI_auto_init_nobinit_nopinit)
                  00002128    00000034                                   : boot_cortex_m.c.obj (.text:_c_int00_noargs:_c_int00_noargs)
                  0000215c    0000000e                                   : copy_decompress_none.c.obj (.text:decompress:none:__TI_decompress_none)
                  0000216a    0000000c                                   : copy_zero_init.c.obj (.text:decompress:ZI:__TI_zero_init)
                  00002176    0000000c     tm4c123gh6pm_startup_ccs.obj (.text)
                  00002182    00000004     rtsv7M4_T_le_v4SPD16_eabi.lib : pre_init.c.obj (.text:_system_pre_init)
                  00002186    00000004                                   : exit.c.obj (.text:abort:abort)

.const     0    0000218c    0000000c     
                  0000218c    00000008     port.obj (.const)
                  00002194    00000004     tasks.obj (.const)

.cinit     0    00002198    00000038     
                  00002198    00000012     (.cinit..data.load) [load image, compression = lzss]
                  000021aa    00000002     --HOLE-- [fill = 0]
                  000021ac    0000000c     (__TI_handler_table)
                  000021b8    00000008     (.cinit..bss.load) [load image, compression = zero_init]
                  000021c0    00000010     (__TI_cinit_table)

.init_array 
*          0    00000000    00000000     UNINITIALIZED

.bss       0    20000000    000040a8     UNINITIALIZED
                  20000000    00004000     heap_1.obj (.bss:ucHeap)
                  20004000    00000064     tasks.obj (.bss:pxReadyTasksLists)
                  20004064    00000014     tasks.obj (.bss:xDelayedTaskList1)
                  20004078    00000014     tasks.obj (.bss:xDelayedTaskList2)
                  2000408c    00000014     tasks.obj (.bss:xPendingReadyList)
                  200040a0    00000008     tasks.obj (.bss)

.data      0    200042a8    00000044     UNINITIALIZED
                  200042a8    00000030     tasks.obj (.data)
                  200042d8    0000000c     port.obj (.data)
                  200042e4    00000008     heap_1.obj (.data)

.stack     0    200040a8    00000200     UNINITIALIZED
                  200040a8    00000004     rtsv7M4_T_le_v4SPD16_eabi.lib : boot_cortex_m.c.obj (.stack)
                  200040ac    000001fc     --HOLE--

__llvm_prf_cnts 
*          0    20000000    00000000     UNINITIALIZED

MODULE SUMMARY

       Module                         code   ro data   rw data
       ------                         ----   -------   -------
    .\
       tm4c123gh6pm_startup_ccs.obj   12     620       0      
       main.obj                       2      0         0      
    +--+------------------------------+------+---------+---------+
       Total:                         14     620       0      
                                                              
    .\FreeRTOS\Source\
       tasks.obj                      6000   4         216    
       list.obj                       298    0         0      
    +--+------------------------------+------+---------+---------+
       Total:                         6298   4         216    
                                                              
    .\FreeRTOS\Source\portable\CCS\ARM_CM4F\
       port.obj                       688    8         12     
       portasm.obj                    218    0         0      
    +--+------------------------------+------+---------+---------+
       Total:                         906    8         12     
                                                              
    .\FreeRTOS\Source\portable\MemMang\
       heap_1.obj                     208    0         16392  
    +--+------------------------------+------+---------+---------+
       Total:                         208    0         16392  
                                                              
    C:\ti\ccs1250\ccs\tools\compiler\ti-cgt-arm_20.2.7.LTS\lib\rtsv7M4_T_le_v4SPD16_eabi.lib
       memcpy_t2.asm.obj              156    0         0      
       memset_t2.asm.obj              122    0         0      
       copy_decompress_lzss.c.obj     104    0         0      
       autoinit.c.obj                 68     0         0      
       boot_cortex_m.c.obj            52     0         0      
       copy_decompress_none.c.obj     14     0         0      
       copy_zero_init.c.obj           12     0         0      
       exit.c.obj                     4      0         0      
       pre_init.c.obj                 4      0         0      
    +--+------------------------------+------+---------+---------+
       Total:                         536    0         0      
                                                              
       Stack:                         0      0         512    
       Linker Generated:              0      54        0      
    +--+------------------------------+------+---------+---------+
       Grand Total:                   7962   686       17132  


LINKER GENERATED COPY TABLES

__TI_cinit_table @ 000021c0 records: 2, size/record: 8, table size: 16
	.data: load addr=00002198, load size=00000012 bytes, run addr=200042a8, run size=00000044 bytes, compression=lzss
	.bss: load addr=000021b8, load size=00000008 bytes, run addr=20000000, run size=000040a8 bytes, compression=zero_init


LINKER GENERATED HANDLER TABLE

__TI_handler_table @ 000021ac records: 3, size/record: 4, table size: 12
	index: 0, handler: __TI_decompress_lzss
	index: 1, handler: __TI_decompress_none
	index: 2, handler: __TI_zero_init


GLOBAL SYMBOLS: SORTED ALPHABETICALLY BY Name 

address   name                             
-------   ----                             
00002187  C$$EXIT                          
00002177  ResetISR                         
200042a8  __STACK_END                      
00000200  __STACK_SIZE                     
200042a8  __STACK_TOP                      
000021c0  __TI_CINIT_Base                  
000021d0  __TI_CINIT_Limit                 
000021ac  __TI_Handler_Table_Base          
000021b8  __TI_Handler_Table_Limit         
000020e5  __TI_auto_init_nobinit_nopinit   
0000207b  __TI_decompress_lzss             
0000215d  __TI_decompress_none             
ffffffff  __TI_pprof_out_hndl              
ffffffff  __TI_prof_data_size              
ffffffff  __TI_prof_data_start             
00000000  __TI_static_base__               
0000216b  __TI_zero_init                   
00002001  __aeabi_memclr                   
00002001  __aeabi_memclr4                  
00002001  __aeabi_memclr8                  
00001f65  __aeabi_memcpy                   
00001f65  __aeabi_memcpy4                  
00001f65  __aeabi_memcpy8                  
00002003  __aeabi_memset                   
00002003  __aeabi_memset4                  
00002003  __aeabi_memset8                  
ffffffff  __binit__                        
ffffffff  __c_args__                       
UNDEFED   __mpu_init                       
200040a8  __stack                          
20000000  __start___llvm_prf_cnts          
20000000  __stop___llvm_prf_cnts           
00002129  _c_int00_noargs                  
UNDEFED   _system_post_cinit               
00002183  _system_pre_init                 
00002187  abort                            
ffffffff  binit                            
00000000  g_pfnVectors                     
00001db7  main                             
00001f65  memcpy                           
00002009  memset                           
00000867  pcTaskGetName                    
00001e95  pvPortMalloc                     
200042a8  pxCurrentTCB                     
000019dd  pxPortInitialiseStack            
0000218c  ulMaxSyscallInterruptPriority    
00001dc9  ulPortGetIPSR                    
000010e1  ulTaskGenericNotifyTake          
000018f5  ulTaskGenericNotifyValueClear    
00001d6f  uxListRemove                     
00000861  uxTaskGetNumberOfTasks           
000010bf  uxTaskResetEventItemValue        
00002194  uxTopUsedPriority                
00001c8d  vListInitialise                  
00001cbd  vListInitialiseItem              
00001d09  vListInsert                      
00001ccd  vListInsertEnd                   
00001e85  vPortEnableVFP                   
00001b21  vPortEndScheduler                
00001b45  vPortEnterCritical               
00001b87  vPortExitCritical                
00001f21  vPortFree                        
00001f45  vPortInitialiseBlocks            
00001e41  vPortSVCHandler                  
00001bd9  vPortSetupTimerInterrupt         
00001e61  vPortStartFirstTask              
00001bf5  vPortValidateInterruptPriority   
00000593  vTaskDelay                       
0000064f  vTaskEndScheduler                
000016dd  vTaskGenericNotifyGiveFromISR    
00000f3d  vTaskInternalSetTimeOutState     
00001001  vTaskMissedYield                 
00000b81  vTaskPlaceOnEventList            
00000bc1  vTaskPlaceOnUnorderedEventList   
00000dcd  vTaskRemoveFromUnorderedEventList
00000f0b  vTaskSetTimeOutState             
000005e5  vTaskStartScheduler              
0000066b  vTaskSuspendAll                  
00000af5  vTaskSwitchContext               
00001f4d  xPortGetFreeHeapSize             
00001de1  xPortPendSVHandler               
00001a69  xPortStartScheduler              
00001bb3  xPortSysTickHandler              
000008ad  xTaskCatchUpTicks                
00000f61  xTaskCheckForTimeOut             
0000026d  xTaskCreate                      
000004b9  xTaskDelayUntil                  
000012a1  xTaskGenericNotify               
00001487  xTaskGenericNotifyFromISR        
0000188d  xTaskGenericNotifyStateClear     
000011a1  xTaskGenericNotifyWait           
000010af  xTaskGetCurrentTaskHandle        
0000083d  xTaskGetTickCount                
0000084d  xTaskGetTickCountFromISR         
00000919  xTaskIncrementTick               
00000c6d  xTaskRemoveFromEventList         
00000699  xTaskResumeAll                   


GLOBAL SYMBOLS: SORTED BY Symbol Address 

address   name                             
-------   ----                             
00000000  __TI_static_base__               
00000000  g_pfnVectors                     
00000200  __STACK_SIZE                     
0000026d  xTaskCreate                      
000004b9  xTaskDelayUntil                  
00000593  vTaskDelay                       
000005e5  vTaskStartScheduler              
0000064f  vTaskEndScheduler                
0000066b  vTaskSuspendAll                  
00000699  xTaskResumeAll                   
0000083d  xTaskGetTickCount                
0000084d  xTaskGetTickCountFromISR         
00000861  uxTaskGetNumberOfTasks           
00000867  pcTaskGetName                    
000008ad  xTaskCatchUpTicks                
00000919  xTaskIncrementTick               
00000af5  vTaskSwitchContext               
00000b81  vTaskPlaceOnEventList            
00000bc1  vTaskPlaceOnUnorderedEventList   
00000c6d  xTaskRemoveFromEventList         
00000dcd  vTaskRemoveFromUnorderedEventList
00000f0b  vTaskSetTimeOutState             
00000f3d  vTaskInternalSetTimeOutState     
00000f61  xTaskCheckForTimeOut             
00001001  vTaskMissedYield                 
000010af  xTaskGetCurrentTaskHandle        
000010bf  uxTaskResetEventItemValue        
000010e1  ulTaskGenericNotifyTake          
000011a1  xTaskGenericNotifyWait           
000012a1  xTaskGenericNotify               
00001487  xTaskGenericNotifyFromISR        
000016dd  vTaskGenericNotifyGiveFromISR    
0000188d  xTaskGenericNotifyStateClear     
000018f5  ulTaskGenericNotifyValueClear    
000019dd  pxPortInitialiseStack            
00001a69  xPortStartScheduler              
00001b21  vPortEndScheduler                
00001b45  vPortEnterCritical               
00001b87  vPortExitCritical                
00001bb3  xPortSysTickHandler              
00001bd9  vPortSetupTimerInterrupt         
00001bf5  vPortValidateInterruptPriority   
00001c8d  vListInitialise                  
00001cbd  vListInitialiseItem              
00001ccd  vListInsertEnd                   
00001d09  vListInsert                      
00001d6f  uxListRemove                     
00001db7  main                             
00001dc9  ulPortGetIPSR                    
00001de1  xPortPendSVHandler               
00001e41  vPortSVCHandler                  
00001e61  vPortStartFirstTask              
00001e85  vPortEnableVFP                   
00001e95  pvPortMalloc                     
00001f21  vPortFree                        
00001f45  vPortInitialiseBlocks            
00001f4d  xPortGetFreeHeapSize             
00001f65  __aeabi_memcpy                   
00001f65  __aeabi_memcpy4                  
00001f65  __aeabi_memcpy8                  
00001f65  memcpy                           
00002001  __aeabi_memclr                   
00002001  __aeabi_memclr4                  
00002001  __aeabi_memclr8                  
00002003  __aeabi_memset                   
00002003  __aeabi_memset4                  
00002003  __aeabi_memset8                  
00002009  memset                           
0000207b  __TI_decompress_lzss             
000020e5  __TI_auto_init_nobinit_nopinit   
00002129  _c_int00_noargs                  
0000215d  __TI_decompress_none             
0000216b  __TI_zero_init                   
00002177  ResetISR                         
00002183  _system_pre_init                 
00002187  C$$EXIT                          
00002187  abort                            
0000218c  ulMaxSyscallInterruptPriority    
00002194  uxTopUsedPriority                
000021ac  __TI_Handler_Table_Base          
000021b8  __TI_Handler_Table_Limit         
000021c0  __TI_CINIT_Base                  
000021d0  __TI_CINIT_Limit                 
20000000  __start___llvm_prf_cnts          
20000000  __stop___llvm_prf_cnts           
200040a8  __stack                          
200042a8  __STACK_END                      
200042a8  __STACK_TOP                      
200042a8  pxCurrentTCB                     
ffffffff  __TI_pprof_out_hndl              
ffffffff  __TI_prof_data_size              
ffffffff  __TI_prof_data_start             
ffffffff  __binit__                        
ffffffff  __c_args__                       
ffffffff  binit                            
UNDEFED   __mpu_init                       
UNDEFED   _system_post_cinit               

[97 symbols]
