<?xml version="1.0" encoding="ISO-8859-1" ?>
<link_info>
   <banner>TI ARM Linker PC v20.2.7.LTS</banner>
   <copyright>Copyright (c) 1996-2018 Texas Instruments Incorporated</copyright>
   <link_time>0x661d2fac</link_time>
   <link_errors>0x0</link_errors>
   <output_file>Seat Heater Control System.out</output_file>
   <entry_point>
      <name>_c_int00_noargs</name>
      <address>0x5a81</address>
   </entry_point>
   <input_file_list>
      <input_file id="fl-2">
         <path>.\</path>
         <kind>object</kind>
         <file>main.obj</file>
         <name>main.obj</name>
      </input_file>
      <input_file id="fl-3">
         <path>.\</path>
         <kind>object</kind>
         <file>tm4c123gh6pm_startup_ccs.obj</file>
         <name>tm4c123gh6pm_startup_ccs.obj</name>
      </input_file>
      <input_file id="fl-4">
         <path>.\APP\</path>
         <kind>object</kind>
         <file>app.obj</file>
         <name>app.obj</name>
      </input_file>
      <input_file id="fl-5">
         <path>.\FreeRTOS\Source\</path>
         <kind>object</kind>
         <file>event_groups.obj</file>
         <name>event_groups.obj</name>
      </input_file>
      <input_file id="fl-6">
         <path>.\FreeRTOS\Source\</path>
         <kind>object</kind>
         <file>list.obj</file>
         <name>list.obj</name>
      </input_file>
      <input_file id="fl-7">
         <path>.\FreeRTOS\Source\</path>
         <kind>object</kind>
         <file>queue.obj</file>
         <name>queue.obj</name>
      </input_file>
      <input_file id="fl-8">
         <path>.\FreeRTOS\Source\</path>
         <kind>object</kind>
         <file>tasks.obj</file>
         <name>tasks.obj</name>
      </input_file>
      <input_file id="fl-9">
         <path>.\FreeRTOS\Source\</path>
         <kind>object</kind>
         <file>timers.obj</file>
         <name>timers.obj</name>
      </input_file>
      <input_file id="fl-a">
         <path>.\FreeRTOS\Source\portable\CCS\ARM_CM4F\</path>
         <kind>object</kind>
         <file>port.obj</file>
         <name>port.obj</name>
      </input_file>
      <input_file id="fl-b">
         <path>.\FreeRTOS\Source\portable\CCS\ARM_CM4F\</path>
         <kind>object</kind>
         <file>portasm.obj</file>
         <name>portasm.obj</name>
      </input_file>
      <input_file id="fl-c">
         <path>.\FreeRTOS\Source\portable\MemMang\</path>
         <kind>object</kind>
         <file>heap_1.obj</file>
         <name>heap_1.obj</name>
      </input_file>
      <input_file id="fl-d">
         <path>.\HAL\Heater\</path>
         <kind>object</kind>
         <file>heater.obj</file>
         <name>heater.obj</name>
      </input_file>
      <input_file id="fl-e">
         <path>.\HAL\LM35\</path>
         <kind>object</kind>
         <file>lm35.obj</file>
         <name>lm35.obj</name>
      </input_file>
      <input_file id="fl-f">
         <path>.\MCAL\ADC\</path>
         <kind>object</kind>
         <file>adc.obj</file>
         <name>adc.obj</name>
      </input_file>
      <input_file id="fl-10">
         <path>.\MCAL\DIO\</path>
         <kind>object</kind>
         <file>Dio.obj</file>
         <name>Dio.obj</name>
      </input_file>
      <input_file id="fl-11">
         <path>.\MCAL\DIO\</path>
         <kind>object</kind>
         <file>Dio_PBcfg.obj</file>
         <name>Dio_PBcfg.obj</name>
      </input_file>
      <input_file id="fl-12">
         <path>.\MCAL\GPTM\</path>
         <kind>object</kind>
         <file>GPTM.obj</file>
         <name>GPTM.obj</name>
      </input_file>
      <input_file id="fl-13">
         <path>.\MCAL\PORT\</path>
         <kind>object</kind>
         <file>Det.obj</file>
         <name>Det.obj</name>
      </input_file>
      <input_file id="fl-14">
         <path>.\MCAL\PORT\</path>
         <kind>object</kind>
         <file>Port.obj</file>
         <name>Port.obj</name>
      </input_file>
      <input_file id="fl-15">
         <path>.\MCAL\PORT\</path>
         <kind>object</kind>
         <file>Port_PBcfg.obj</file>
         <name>Port_PBcfg.obj</name>
      </input_file>
      <input_file id="fl-16">
         <path>.\MCAL\UART\</path>
         <kind>object</kind>
         <file>uart0.obj</file>
         <name>uart0.obj</name>
      </input_file>
      <input_file id="fl-1a">
         <kind>object</kind>
         <file>&lt;internal&gt;</file>
         <name>&lt;internal&gt;</name>
      </input_file>
      <input_file id="fl-d0">
         <path>C:\ti\ccs1250\ccs\tools\compiler\ti-cgt-arm_20.2.7.LTS\lib\</path>
         <kind>archive</kind>
         <file>rtsv7M4_T_le_v4SPD16_eabi.lib</file>
         <name>sprintf.c.obj</name>
      </input_file>
      <input_file id="fl-d1">
         <path>C:\ti\ccs1250\ccs\tools\compiler\ti-cgt-arm_20.2.7.LTS\lib\</path>
         <kind>archive</kind>
         <file>rtsv7M4_T_le_v4SPD16_eabi.lib</file>
         <name>fd_div_t2.asm.obj</name>
      </input_file>
      <input_file id="fl-d2">
         <path>C:\ti\ccs1250\ccs\tools\compiler\ti-cgt-arm_20.2.7.LTS\lib\</path>
         <kind>archive</kind>
         <file>rtsv7M4_T_le_v4SPD16_eabi.lib</file>
         <name>fd_mul_t2.asm.obj</name>
      </input_file>
      <input_file id="fl-d3">
         <path>C:\ti\ccs1250\ccs\tools\compiler\ti-cgt-arm_20.2.7.LTS\lib\</path>
         <kind>archive</kind>
         <file>rtsv7M4_T_le_v4SPD16_eabi.lib</file>
         <name>fd_toi_t2.asm.obj</name>
      </input_file>
      <input_file id="fl-d4">
         <path>C:\ti\ccs1250\ccs\tools\compiler\ti-cgt-arm_20.2.7.LTS\lib\</path>
         <kind>archive</kind>
         <file>rtsv7M4_T_le_v4SPD16_eabi.lib</file>
         <name>memcpy_t2.asm.obj</name>
      </input_file>
      <input_file id="fl-d5">
         <path>C:\ti\ccs1250\ccs\tools\compiler\ti-cgt-arm_20.2.7.LTS\lib\</path>
         <kind>archive</kind>
         <file>rtsv7M4_T_le_v4SPD16_eabi.lib</file>
         <name>ull_tofd_t2.asm.obj</name>
      </input_file>
      <input_file id="fl-d6">
         <path>C:\ti\ccs1250\ccs\tools\compiler\ti-cgt-arm_20.2.7.LTS\lib\</path>
         <kind>archive</kind>
         <file>rtsv7M4_T_le_v4SPD16_eabi.lib</file>
         <name>memset_t2.asm.obj</name>
      </input_file>
      <input_file id="fl-d7">
         <path>C:\ti\ccs1250\ccs\tools\compiler\ti-cgt-arm_20.2.7.LTS\lib\</path>
         <kind>archive</kind>
         <file>rtsv7M4_T_le_v4SPD16_eabi.lib</file>
         <name>ll_div_t2.asm.obj</name>
      </input_file>
      <input_file id="fl-d8">
         <path>C:\ti\ccs1250\ccs\tools\compiler\ti-cgt-arm_20.2.7.LTS\lib\</path>
         <kind>archive</kind>
         <file>rtsv7M4_T_le_v4SPD16_eabi.lib</file>
         <name>ull_div_t2.asm.obj</name>
      </input_file>
      <input_file id="fl-d9">
         <path>C:\ti\ccs1250\ccs\tools\compiler\ti-cgt-arm_20.2.7.LTS\lib\</path>
         <kind>archive</kind>
         <file>rtsv7M4_T_le_v4SPD16_eabi.lib</file>
         <name>copy_zero_init.c.obj</name>
      </input_file>
      <input_file id="fl-da">
         <path>C:\ti\ccs1250\ccs\tools\compiler\ti-cgt-arm_20.2.7.LTS\lib\</path>
         <kind>archive</kind>
         <file>rtsv7M4_T_le_v4SPD16_eabi.lib</file>
         <name>copy_decompress_none.c.obj</name>
      </input_file>
      <input_file id="fl-db">
         <path>C:\ti\ccs1250\ccs\tools\compiler\ti-cgt-arm_20.2.7.LTS\lib\</path>
         <kind>archive</kind>
         <file>rtsv7M4_T_le_v4SPD16_eabi.lib</file>
         <name>copy_decompress_lzss.c.obj</name>
      </input_file>
      <input_file id="fl-dc">
         <path>C:\ti\ccs1250\ccs\tools\compiler\ti-cgt-arm_20.2.7.LTS\lib\</path>
         <kind>archive</kind>
         <file>rtsv7M4_T_le_v4SPD16_eabi.lib</file>
         <name>strcpy.c.obj</name>
      </input_file>
      <input_file id="fl-dd">
         <path>C:\ti\ccs1250\ccs\tools\compiler\ti-cgt-arm_20.2.7.LTS\lib\</path>
         <kind>archive</kind>
         <file>rtsv7M4_T_le_v4SPD16_eabi.lib</file>
         <name>strlen.c.obj</name>
      </input_file>
      <input_file id="fl-de">
         <path>C:\ti\ccs1250\ccs\tools\compiler\ti-cgt-arm_20.2.7.LTS\lib\</path>
         <kind>archive</kind>
         <file>rtsv7M4_T_le_v4SPD16_eabi.lib</file>
         <name>boot_cortex_m.c.obj</name>
      </input_file>
      <input_file id="fl-df">
         <path>C:\ti\ccs1250\ccs\tools\compiler\ti-cgt-arm_20.2.7.LTS\lib\</path>
         <kind>archive</kind>
         <file>rtsv7M4_T_le_v4SPD16_eabi.lib</file>
         <name>_printfi.c.obj</name>
      </input_file>
      <input_file id="fl-e0">
         <path>C:\ti\ccs1250\ccs\tools\compiler\ti-cgt-arm_20.2.7.LTS\lib\</path>
         <kind>archive</kind>
         <file>rtsv7M4_T_le_v4SPD16_eabi.lib</file>
         <name>div0.asm.obj</name>
      </input_file>
      <input_file id="fl-e1">
         <path>C:\ti\ccs1250\ccs\tools\compiler\ti-cgt-arm_20.2.7.LTS\lib\</path>
         <kind>archive</kind>
         <file>rtsv7M4_T_le_v4SPD16_eabi.lib</file>
         <name>fd_add_t2.asm.obj</name>
      </input_file>
      <input_file id="fl-e2">
         <path>C:\ti\ccs1250\ccs\tools\compiler\ti-cgt-arm_20.2.7.LTS\lib\</path>
         <kind>archive</kind>
         <file>rtsv7M4_T_le_v4SPD16_eabi.lib</file>
         <name>fd_cmp_t2.asm.obj</name>
      </input_file>
      <input_file id="fl-e3">
         <path>C:\ti\ccs1250\ccs\tools\compiler\ti-cgt-arm_20.2.7.LTS\lib\</path>
         <kind>archive</kind>
         <file>rtsv7M4_T_le_v4SPD16_eabi.lib</file>
         <name>i_tofd_t2.asm.obj</name>
      </input_file>
      <input_file id="fl-e4">
         <path>C:\ti\ccs1250\ccs\tools\compiler\ti-cgt-arm_20.2.7.LTS\lib\</path>
         <kind>archive</kind>
         <file>rtsv7M4_T_le_v4SPD16_eabi.lib</file>
         <name>autoinit.c.obj</name>
      </input_file>
      <input_file id="fl-e5">
         <path>C:\ti\ccs1250\ccs\tools\compiler\ti-cgt-arm_20.2.7.LTS\lib\</path>
         <kind>archive</kind>
         <file>rtsv7M4_T_le_v4SPD16_eabi.lib</file>
         <name>pre_init.c.obj</name>
      </input_file>
      <input_file id="fl-e6">
         <path>C:\ti\ccs1250\ccs\tools\compiler\ti-cgt-arm_20.2.7.LTS\lib\</path>
         <kind>archive</kind>
         <file>rtsv7M4_T_le_v4SPD16_eabi.lib</file>
         <name>cpy_tbl.c.obj</name>
      </input_file>
      <input_file id="fl-e7">
         <path>C:\ti\ccs1250\ccs\tools\compiler\ti-cgt-arm_20.2.7.LTS\lib\</path>
         <kind>archive</kind>
         <file>rtsv7M4_T_le_v4SPD16_eabi.lib</file>
         <name>exit.c.obj</name>
      </input_file>
      <input_file id="fl-e8">
         <path>C:\ti\ccs1250\ccs\tools\compiler\ti-cgt-arm_20.2.7.LTS\lib\</path>
         <kind>archive</kind>
         <file>rtsv7M4_T_le_v4SPD16_eabi.lib</file>
         <name>_lock.c.obj</name>
      </input_file>
      <input_file id="fl-e9">
         <path>C:\ti\ccs1250\ccs\tools\compiler\ti-cgt-arm_20.2.7.LTS\lib\</path>
         <kind>archive</kind>
         <file>rtsv7M4_T_le_v4SPD16_eabi.lib</file>
         <name>_ltoa.c.obj</name>
      </input_file>
      <input_file id="fl-ea">
         <path>C:\ti\ccs1250\ccs\tools\compiler\ti-cgt-arm_20.2.7.LTS\lib\</path>
         <kind>archive</kind>
         <file>rtsv7M4_T_le_v4SPD16_eabi.lib</file>
         <name>args_main.c.obj</name>
      </input_file>
      <input_file id="fl-eb">
         <path>C:\ti\ccs1250\ccs\tools\compiler\ti-cgt-arm_20.2.7.LTS\lib\</path>
         <kind>archive</kind>
         <file>rtsv7M4_T_le_v4SPD16_eabi.lib</file>
         <name>atoi.c.obj</name>
      </input_file>
      <input_file id="fl-ec">
         <path>C:\ti\ccs1250\ccs\tools\compiler\ti-cgt-arm_20.2.7.LTS\lib\</path>
         <kind>archive</kind>
         <file>rtsv7M4_T_le_v4SPD16_eabi.lib</file>
         <name>ctype.c.obj</name>
      </input_file>
      <input_file id="fl-ed">
         <path>C:\ti\ccs1250\ccs\tools\compiler\ti-cgt-arm_20.2.7.LTS\lib\</path>
         <kind>archive</kind>
         <file>rtsv7M4_T_le_v4SPD16_eabi.lib</file>
         <name>memccpy.c.obj</name>
      </input_file>
      <input_file id="fl-ee">
         <path>C:\ti\ccs1250\ccs\tools\compiler\ti-cgt-arm_20.2.7.LTS\lib\</path>
         <kind>archive</kind>
         <file>rtsv7M4_T_le_v4SPD16_eabi.lib</file>
         <name>strchr.c.obj</name>
      </input_file>
      <input_file id="fl-ef">
         <path>C:\ti\ccs1250\ccs\tools\compiler\ti-cgt-arm_20.2.7.LTS\lib\</path>
         <kind>archive</kind>
         <file>rtsv7M4_T_le_v4SPD16_eabi.lib</file>
         <name>errno.c.obj</name>
      </input_file>
      <input_file id="fl-f0">
         <path>C:\ti\ccs1250\ccs\tools\compiler\ti-cgt-arm_20.2.7.LTS\lib\</path>
         <kind>archive</kind>
         <file>rtsv7M4_T_le_v4SPD16_eabi.lib</file>
         <name>wcslen.c.obj</name>
      </input_file>
      <input_file id="fl-f1">
         <path>C:\ti\ccs1250\ccs\tools\compiler\ti-cgt-arm_20.2.7.LTS\lib\</path>
         <kind>archive</kind>
         <file>rtsv7M4_T_le_v4SPD16_eabi.lib</file>
         <name>s_frexp.c.obj</name>
      </input_file>
      <input_file id="fl-f2">
         <path>C:\ti\ccs1250\ccs\tools\compiler\ti-cgt-arm_20.2.7.LTS\lib\</path>
         <kind>archive</kind>
         <file>rtsv7M4_T_le_v4SPD16_eabi.lib</file>
         <name>s_scalbn.c.obj</name>
      </input_file>
      <input_file id="fl-f3">
         <path>C:\ti\ccs1250\ccs\tools\compiler\ti-cgt-arm_20.2.7.LTS\lib\</path>
         <kind>archive</kind>
         <file>rtsv7M4_T_le_v4SPD16_eabi.lib</file>
         <name>s_copysign.c.obj</name>
      </input_file>
   </input_file_list>
   <object_component_list>
      <object_component id="oc-12">
         <name>.intvecs</name>
         <load_address>0x0</load_address>
         <run_address>0x0</run_address>
         <size>0x26c</size>
         <input_file_ref idref="fl-3"/>
      </object_component>
      <object_component id="oc-7f">
         <name>.text</name>
         <load_address>0x26c</load_address>
         <run_address>0x26c</run_address>
         <size>0x2128</size>
         <input_file_ref idref="fl-8"/>
      </object_component>
      <object_component id="oc-1c9">
         <name>.text:__TI_printfi</name>
         <load_address>0x2394</load_address>
         <run_address>0x2394</run_address>
         <size>0xa4e</size>
         <input_file_ref idref="fl-df"/>
      </object_component>
      <object_component id="oc-3b3">
         <name>.text</name>
         <load_address>0x2de2</load_address>
         <run_address>0x2de2</run_address>
         <size>0x2</size>
         <input_file_ref idref="fl-e0"/>
      </object_component>
      <object_component id="oc-1fe">
         <name>.text</name>
         <load_address>0x2de4</load_address>
         <run_address>0x2de4</run_address>
         <size>0x9a4</size>
         <input_file_ref idref="fl-14"/>
      </object_component>
      <object_component id="oc-14c">
         <name>.text</name>
         <load_address>0x3788</load_address>
         <run_address>0x3788</run_address>
         <size>0x560</size>
         <input_file_ref idref="fl-4"/>
      </object_component>
      <object_component id="oc-204">
         <name>.text</name>
         <load_address>0x3ce8</load_address>
         <run_address>0x3ce8</run_address>
         <size>0x2e8</size>
         <input_file_ref idref="fl-10"/>
      </object_component>
      <object_component id="oc-32">
         <name>.text</name>
         <load_address>0x3fd0</load_address>
         <run_address>0x3fd0</run_address>
         <size>0x2b0</size>
         <input_file_ref idref="fl-a"/>
      </object_component>
      <object_component id="oc-291">
         <name>.text:_pconv_a</name>
         <load_address>0x4280</load_address>
         <run_address>0x4280</run_address>
         <size>0x270</size>
         <input_file_ref idref="fl-df"/>
      </object_component>
      <object_component id="oc-27f">
         <name>.text:_pconv_g</name>
         <load_address>0x44f0</load_address>
         <run_address>0x44f0</run_address>
         <size>0x1d0</size>
         <input_file_ref idref="fl-df"/>
      </object_component>
      <object_component id="oc-34c">
         <name>.text</name>
         <load_address>0x46c0</load_address>
         <run_address>0x46c0</run_address>
         <size>0x1b6</size>
         <input_file_ref idref="fl-e1"/>
      </object_component>
      <object_component id="oc-20a">
         <name>.text</name>
         <load_address>0x4878</load_address>
         <run_address>0x4878</run_address>
         <size>0x150</size>
         <input_file_ref idref="fl-16"/>
      </object_component>
      <object_component id="oc-28b">
         <name>.text:_pconv_e</name>
         <load_address>0x49c8</load_address>
         <run_address>0x49c8</run_address>
         <size>0x13c</size>
         <input_file_ref idref="fl-df"/>
      </object_component>
      <object_component id="oc-332">
         <name>.text</name>
         <load_address>0x4b04</load_address>
         <run_address>0x4b04</run_address>
         <size>0x136</size>
         <input_file_ref idref="fl-d1"/>
      </object_component>
      <object_component id="oc-e4">
         <name>.text</name>
         <load_address>0x4c3a</load_address>
         <run_address>0x4c3a</run_address>
         <size>0x12a</size>
         <input_file_ref idref="fl-6"/>
      </object_component>
      <object_component id="oc-35e">
         <name>.text:fcvt</name>
         <load_address>0x4d64</load_address>
         <run_address>0x4d64</run_address>
         <size>0x124</size>
         <input_file_ref idref="fl-df"/>
      </object_component>
      <object_component id="oc-372">
         <name>.text:scalbn</name>
         <load_address>0x4e88</load_address>
         <run_address>0x4e88</run_address>
         <size>0x110</size>
         <input_file_ref idref="fl-f2"/>
      </object_component>
      <object_component id="oc-32d">
         <name>.text</name>
         <load_address>0x4f98</load_address>
         <run_address>0x4f98</run_address>
         <size>0xfc</size>
         <input_file_ref idref="fl-d2"/>
      </object_component>
      <object_component id="oc-2d">
         <name>.text</name>
         <load_address>0x5094</load_address>
         <run_address>0x5094</run_address>
         <size>0xda</size>
         <input_file_ref idref="fl-b"/>
      </object_component>
      <object_component id="oc-de">
         <name>.text</name>
         <load_address>0x5170</load_address>
         <run_address>0x5170</run_address>
         <size>0xd0</size>
         <input_file_ref idref="fl-c"/>
      </object_component>
      <object_component id="oc-274">
         <name>.text:_ltostr</name>
         <load_address>0x5240</load_address>
         <run_address>0x5240</run_address>
         <size>0xb1</size>
         <input_file_ref idref="fl-df"/>
      </object_component>
      <object_component id="oc-46">
         <name>.text</name>
         <load_address>0x52f2</load_address>
         <run_address>0x52f2</run_address>
         <size>0x9c</size>
         <input_file_ref idref="fl-d4"/>
      </object_component>
      <object_component id="oc-326">
         <name>.text</name>
         <load_address>0x538e</load_address>
         <run_address>0x538e</run_address>
         <size>0x96</size>
         <input_file_ref idref="fl-d8"/>
      </object_component>
      <object_component id="oc-27a">
         <name>.text:__aeabi_cdcmple</name>
         <load_address>0x5424</load_address>
         <run_address>0x5424</run_address>
         <size>0x86</size>
         <input_file_ref idref="fl-e2"/>
      </object_component>
      <object_component id="oc-337">
         <name>.text:__aeabi_cdrcmple</name>
         <load_address>0x54aa</load_address>
         <run_address>0x54aa</run_address>
         <size>0x86</size>
         <input_file_ref idref="fl-e2"/>
      </object_component>
      <object_component id="oc-210">
         <name>.text</name>
         <load_address>0x5530</load_address>
         <run_address>0x5530</run_address>
         <size>0x80</size>
         <input_file_ref idref="fl-f"/>
      </object_component>
      <object_component id="oc-b6">
         <name>.text</name>
         <load_address>0x55b0</load_address>
         <run_address>0x55b0</run_address>
         <size>0x7a</size>
         <input_file_ref idref="fl-d6"/>
      </object_component>
      <object_component id="oc-357">
         <name>.text:_mcpy</name>
         <load_address>0x562a</load_address>
         <run_address>0x562a</run_address>
         <size>0x6e</size>
         <input_file_ref idref="fl-df"/>
      </object_component>
      <object_component id="oc-2d6">
         <name>.text</name>
         <load_address>0x5698</load_address>
         <run_address>0x5698</run_address>
         <size>0x6e</size>
         <input_file_ref idref="fl-d7"/>
      </object_component>
      <object_component id="oc-15">
         <name>.text:decompress:lzss:__TI_decompress_lzss</name>
         <load_address>0x5706</load_address>
         <run_address>0x5706</run_address>
         <size>0x68</size>
         <input_file_ref idref="fl-db"/>
      </object_component>
      <object_component id="oc-36c">
         <name>.text:frexp</name>
         <load_address>0x5770</load_address>
         <run_address>0x5770</run_address>
         <size>0x64</size>
         <input_file_ref idref="fl-f1"/>
      </object_component>
      <object_component id="oc-285">
         <name>.text:_pconv_f</name>
         <load_address>0x57d4</load_address>
         <run_address>0x57d4</run_address>
         <size>0x56</size>
         <input_file_ref idref="fl-df"/>
      </object_component>
      <object_component id="oc-f3">
         <name>.text</name>
         <load_address>0x582c</load_address>
         <run_address>0x582c</run_address>
         <size>0x54</size>
         <input_file_ref idref="fl-12"/>
      </object_component>
      <object_component id="oc-341">
         <name>.text:__TI_ltoa</name>
         <load_address>0x5880</load_address>
         <run_address>0x5880</run_address>
         <size>0x54</size>
         <input_file_ref idref="fl-e9"/>
      </object_component>
      <object_component id="oc-351">
         <name>.text:_ecpy</name>
         <load_address>0x58d4</load_address>
         <run_address>0x58d4</run_address>
         <size>0x52</size>
         <input_file_ref idref="fl-df"/>
      </object_component>
      <object_component id="oc-26e">
         <name>.text:atoi</name>
         <load_address>0x5928</load_address>
         <run_address>0x5928</run_address>
         <size>0x4c</size>
         <input_file_ref idref="fl-eb"/>
      </object_component>
      <object_component id="oc-33c">
         <name>.text</name>
         <load_address>0x5974</load_address>
         <run_address>0x5974</run_address>
         <size>0x48</size>
         <input_file_ref idref="fl-d3"/>
      </object_component>
      <object_component id="oc-15f">
         <name>.text:__TI_auto_init_nobinit_nopinit:__TI_auto_init_nobinit_nopinit</name>
         <load_address>0x59bc</load_address>
         <run_address>0x59bc</run_address>
         <size>0x44</size>
         <input_file_ref idref="fl-e4"/>
      </object_component>
      <object_component id="oc-111">
         <name>.text:sprintf</name>
         <load_address>0x5a00</load_address>
         <run_address>0x5a00</run_address>
         <size>0x40</size>
         <input_file_ref idref="fl-d0"/>
      </object_component>
      <object_component id="oc-364">
         <name>.text:_fcpy</name>
         <load_address>0x5a40</load_address>
         <run_address>0x5a40</run_address>
         <size>0x3e</size>
         <input_file_ref idref="fl-df"/>
      </object_component>
      <object_component id="oc-64">
         <name>.text:_c_int00_noargs:_c_int00_noargs</name>
         <load_address>0x5a80</load_address>
         <run_address>0x5a80</run_address>
         <size>0x34</size>
         <input_file_ref idref="fl-de"/>
      </object_component>
      <object_component id="oc-347">
         <name>.text</name>
         <load_address>0x5ab4</load_address>
         <run_address>0x5ab4</run_address>
         <size>0x2e</size>
         <input_file_ref idref="fl-e3"/>
      </object_component>
      <object_component id="oc-297">
         <name>.text:memccpy</name>
         <load_address>0x5ae2</load_address>
         <run_address>0x5ae2</run_address>
         <size>0x1c</size>
         <input_file_ref idref="fl-ed"/>
      </object_component>
      <object_component id="oc-3e7">
         <name>.text:copysign</name>
         <load_address>0x5afe</load_address>
         <run_address>0x5afe</run_address>
         <size>0x1a</size>
         <input_file_ref idref="fl-f3"/>
      </object_component>
      <object_component id="oc-1cf">
         <name>.text:_outs</name>
         <load_address>0x5b18</load_address>
         <run_address>0x5b18</run_address>
         <size>0x18</size>
         <input_file_ref idref="fl-d0"/>
      </object_component>
      <object_component id="oc-2c6">
         <name>.text</name>
         <load_address>0x5b30</load_address>
         <run_address>0x5b30</run_address>
         <size>0x16</size>
         <input_file_ref idref="fl-13"/>
      </object_component>
      <object_component id="oc-378">
         <name>.text:strchr</name>
         <load_address>0x5b46</load_address>
         <run_address>0x5b46</run_address>
         <size>0x16</size>
         <input_file_ref idref="fl-ee"/>
      </object_component>
      <object_component id="oc-ff">
         <name>.text:strcpy</name>
         <load_address>0x5b5c</load_address>
         <run_address>0x5b5c</run_address>
         <size>0x14</size>
         <input_file_ref idref="fl-dc"/>
      </object_component>
      <object_component id="oc-105">
         <name>.text:strlen</name>
         <load_address>0x5b70</load_address>
         <run_address>0x5b70</run_address>
         <size>0x14</size>
         <input_file_ref idref="fl-dd"/>
      </object_component>
      <object_component id="oc-29d">
         <name>.text:wcslen</name>
         <load_address>0x5b84</load_address>
         <run_address>0x5b84</run_address>
         <size>0x12</size>
         <input_file_ref idref="fl-f0"/>
      </object_component>
      <object_component id="oc-1b">
         <name>.text:decompress:none:__TI_decompress_none</name>
         <load_address>0x5b96</load_address>
         <run_address>0x5b96</run_address>
         <size>0xe</size>
         <input_file_ref idref="fl-da"/>
      </object_component>
      <object_component id="oc-58">
         <name>.text:decompress:ZI:__TI_zero_init</name>
         <load_address>0x5ba4</load_address>
         <run_address>0x5ba4</run_address>
         <size>0xc</size>
         <input_file_ref idref="fl-d9"/>
      </object_component>
      <object_component id="oc-c2">
         <name>.text</name>
         <load_address>0x5bb0</load_address>
         <run_address>0x5bb0</run_address>
         <size>0xc</size>
         <input_file_ref idref="fl-2"/>
      </object_component>
      <object_component id="oc-27">
         <name>.text</name>
         <load_address>0x5bbc</load_address>
         <run_address>0x5bbc</run_address>
         <size>0xc</size>
         <input_file_ref idref="fl-3"/>
      </object_component>
      <object_component id="oc-1d5">
         <name>.text:_outc</name>
         <load_address>0x5bc8</load_address>
         <run_address>0x5bc8</run_address>
         <size>0xa</size>
         <input_file_ref idref="fl-d0"/>
      </object_component>
      <object_component id="oc-2a3">
         <name>.text:__aeabi_errno_addr</name>
         <load_address>0x5bd4</load_address>
         <run_address>0x5bd4</run_address>
         <size>0x8</size>
         <input_file_ref idref="fl-ef"/>
      </object_component>
      <object_component id="oc-bc">
         <name>.text:_system_pre_init</name>
         <load_address>0x5bdc</load_address>
         <run_address>0x5bdc</run_address>
         <size>0x4</size>
         <input_file_ref idref="fl-e5"/>
      </object_component>
      <object_component id="oc-153">
         <name>.text:abort:abort</name>
         <load_address>0x5be0</load_address>
         <run_address>0x5be0</run_address>
         <size>0x4</size>
         <input_file_ref idref="fl-e7"/>
      </object_component>
      <object_component id="oc-216">
         <name>.const:Port_Configuration</name>
         <load_address>0x5be4</load_address>
         <run_address>0x5be4</run_address>
         <size>0x12d</size>
         <input_file_ref idref="fl-15"/>
      </object_component>
      <object_component id="oc-321">
         <name>.const:.string:_ctypes_</name>
         <load_address>0x5d11</load_address>
         <run_address>0x5d11</run_address>
         <size>0x101</size>
         <input_file_ref idref="fl-ec"/>
      </object_component>
      <object_component id="oc-219">
         <name>.const:Dio_Configuration</name>
         <load_address>0x5e12</load_address>
         <run_address>0x5e12</run_address>
         <size>0xa</size>
         <input_file_ref idref="fl-11"/>
      </object_component>
      <object_component id="oc-7c">
         <name>.const</name>
         <load_address>0x5e1c</load_address>
         <run_address>0x5e1c</run_address>
         <size>0x8</size>
         <input_file_ref idref="fl-a"/>
      </object_component>
      <object_component id="oc-fc">
         <name>.const</name>
         <load_address>0x5e24</load_address>
         <run_address>0x5e24</run_address>
         <size>0x4</size>
         <input_file_ref idref="fl-8"/>
      </object_component>
      <object_component id="oc-43f">
         <name>.cinit..data.load</name>
         <load_address>0x5e28</load_address>
         <run_address>0x5e28</run_address>
         <size>0x40</size>
      </object_component>
      <object_component id="oc-43d">
         <name>__TI_handler_table</name>
         <load_address>0x5e68</load_address>
         <run_address>0x5e68</run_address>
         <size>0xc</size>
      </object_component>
      <object_component id="oc-440">
         <name>.cinit..bss.load</name>
         <load_address>0x5e78</load_address>
         <run_address>0x5e78</run_address>
         <size>0x8</size>
      </object_component>
      <object_component id="oc-43e">
         <name>__TI_cinit_table</name>
         <load_address>0x5e80</load_address>
         <run_address>0x5e80</run_address>
         <size>0x10</size>
      </object_component>
      <object_component id="oc-23c">
         <name>.data</name>
         <load_address>0x20005574</load_address>
         <run_address>0x20005574</run_address>
         <size>0x8</size>
         <input_file_ref idref="fl-4"/>
      </object_component>
      <object_component id="oc-21d">
         <name>.data:DrivingWheelButtonTaskParameter</name>
         <load_address>0x2000555c</load_address>
         <run_address>0x2000555c</run_address>
         <size>0x8</size>
         <input_file_ref idref="fl-4"/>
      </object_component>
      <object_component id="oc-221">
         <name>.data:DriverSeatConsoleButtonTaskParameter</name>
         <load_address>0x2000554c</load_address>
         <run_address>0x2000554c</run_address>
         <size>0x8</size>
         <input_file_ref idref="fl-4"/>
      </object_component>
      <object_component id="oc-225">
         <name>.data:PassengerSeatConsoleButtonTaskParameter</name>
         <load_address>0x20005564</load_address>
         <run_address>0x20005564</run_address>
         <size>0x8</size>
         <input_file_ref idref="fl-4"/>
      </object_component>
      <object_component id="oc-229">
         <name>.data:DriverSeatTempReadTaskParameter</name>
         <load_address>0x20005554</load_address>
         <run_address>0x20005554</run_address>
         <size>0x8</size>
         <input_file_ref idref="fl-4"/>
      </object_component>
      <object_component id="oc-22d">
         <name>.data:PassengerSeatTempReadTaskParameter</name>
         <load_address>0x2000556c</load_address>
         <run_address>0x2000556c</run_address>
         <size>0x8</size>
         <input_file_ref idref="fl-4"/>
      </object_component>
      <object_component id="oc-234">
         <name>.data:DriverSeatControlTaskParameter</name>
         <load_address>0x20005520</load_address>
         <run_address>0x20005520</run_address>
         <size>0x10</size>
         <input_file_ref idref="fl-4"/>
      </object_component>
      <object_component id="oc-237">
         <name>.data:PassangerSeatControlTaskParameter</name>
         <load_address>0x20005530</load_address>
         <run_address>0x20005530</run_address>
         <size>0x10</size>
         <input_file_ref idref="fl-4"/>
      </object_component>
      <object_component id="oc-79">
         <name>.data</name>
         <load_address>0x200054e8</load_address>
         <run_address>0x200054e8</run_address>
         <size>0x38</size>
         <input_file_ref idref="fl-8"/>
      </object_component>
      <object_component id="oc-86">
         <name>.data</name>
         <load_address>0x20005540</load_address>
         <run_address>0x20005540</run_address>
         <size>0xc</size>
         <input_file_ref idref="fl-a"/>
      </object_component>
      <object_component id="oc-1ac">
         <name>.data</name>
         <load_address>0x2000557c</load_address>
         <run_address>0x2000557c</run_address>
         <size>0x8</size>
         <input_file_ref idref="fl-c"/>
      </object_component>
      <object_component id="oc-2d1">
         <name>.data</name>
         <load_address>0x2000558c</load_address>
         <run_address>0x2000558c</run_address>
         <size>0x5</size>
         <input_file_ref idref="fl-10"/>
      </object_component>
      <object_component id="oc-2cc">
         <name>.data</name>
         <load_address>0x20005584</load_address>
         <run_address>0x20005584</run_address>
         <size>0x5</size>
         <input_file_ref idref="fl-14"/>
      </object_component>
      <object_component id="oc-388">
         <name>.data</name>
         <load_address>0x20005594</load_address>
         <run_address>0x20005594</run_address>
         <size>0x4</size>
         <input_file_ref idref="fl-ef"/>
      </object_component>
      <object_component id="oc-23f">
         <name>.bss:cRuntimeStatBuffer$1</name>
         <uninitialized>true</uninitialized>
         <run_address>0x20005000</run_address>
         <size>0x200</size>
         <input_file_ref idref="fl-4"/>
      </object_component>
      <object_component id="oc-ea">
         <name>.bss:pxReadyTasksLists</name>
         <uninitialized>true</uninitialized>
         <run_address>0x20005200</run_address>
         <size>0x64</size>
         <input_file_ref idref="fl-8"/>
      </object_component>
      <object_component id="oc-10b">
         <name>.bss:xDelayedTaskList1</name>
         <uninitialized>true</uninitialized>
         <run_address>0x20005264</run_address>
         <size>0x14</size>
         <input_file_ref idref="fl-8"/>
      </object_component>
      <object_component id="oc-10e">
         <name>.bss:xDelayedTaskList2</name>
         <uninitialized>true</uninitialized>
         <run_address>0x20005278</run_address>
         <size>0x14</size>
         <input_file_ref idref="fl-8"/>
      </object_component>
      <object_component id="oc-ed">
         <name>.bss</name>
         <uninitialized>true</uninitialized>
         <run_address>0x200052b4</run_address>
         <size>0x8</size>
         <input_file_ref idref="fl-8"/>
      </object_component>
      <object_component id="oc-f9">
         <name>.bss:xPendingReadyList</name>
         <uninitialized>true</uninitialized>
         <run_address>0x2000528c</run_address>
         <size>0x14</size>
         <input_file_ref idref="fl-8"/>
      </object_component>
      <object_component id="oc-f0">
         <name>.bss:xSuspendedTaskList</name>
         <uninitialized>true</uninitialized>
         <run_address>0x200052a0</run_address>
         <size>0x14</size>
         <input_file_ref idref="fl-8"/>
      </object_component>
      <object_component id="oc-1af">
         <name>.bss:ucHeap</name>
         <uninitialized>true</uninitialized>
         <run_address>0x20000000</run_address>
         <size>0x4000</size>
         <input_file_ref idref="fl-c"/>
      </object_component>
      <object_component id="oc-21c">
         <name>.common:Driving_Wheel_Button_Task_Handler</name>
         <uninitialized>true</uninitialized>
         <run_address>0x200052d0</run_address>
         <size>0x4</size>
      </object_component>
      <object_component id="oc-220">
         <name>.common:Driver_Button_Task_Handler</name>
         <uninitialized>true</uninitialized>
         <run_address>0x200052c4</run_address>
         <size>0x4</size>
      </object_component>
      <object_component id="oc-224">
         <name>.common:Passanger_Button_Task_Handler</name>
         <uninitialized>true</uninitialized>
         <run_address>0x200052d8</run_address>
         <size>0x4</size>
      </object_component>
      <object_component id="oc-228">
         <name>.common:Driver_Seat_Temp_Read_Task_Handler</name>
         <uninitialized>true</uninitialized>
         <run_address>0x200052cc</run_address>
         <size>0x4</size>
      </object_component>
      <object_component id="oc-22c">
         <name>.common:Passanger_Seat_Temp_Read_Task_Handler</name>
         <uninitialized>true</uninitialized>
         <run_address>0x200052e0</run_address>
         <size>0x4</size>
      </object_component>
      <object_component id="oc-230">
         <name>.common:Driver_Seat_Heater_Task_Handler</name>
         <uninitialized>true</uninitialized>
         <run_address>0x200052c8</run_address>
         <size>0x4</size>
      </object_component>
      <object_component id="oc-231">
         <name>.common:Passanger_Seat_Heater_Task_Handler</name>
         <uninitialized>true</uninitialized>
         <run_address>0x200052dc</run_address>
         <size>0x4</size>
      </object_component>
      <object_component id="oc-232">
         <name>.common:Display_Task_Handler</name>
         <uninitialized>true</uninitialized>
         <run_address>0x200052c0</run_address>
         <size>0x4</size>
      </object_component>
      <object_component id="oc-233">
         <name>.common:Control_Task_Handler</name>
         <uninitialized>true</uninitialized>
         <run_address>0x200052bc</run_address>
         <size>0x4</size>
      </object_component>
      <object_component id="oc-23a">
         <name>.common:Failure_Task_Handler</name>
         <uninitialized>true</uninitialized>
         <run_address>0x200052d4</run_address>
         <size>0x4</size>
      </object_component>
      <object_component id="oc-23b">
         <name>.common:DiagnosticsArray</name>
         <uninitialized>true</uninitialized>
         <run_address>0x20004000</run_address>
         <size>0x1000</size>
      </object_component>
      <object_component id="oc-24">
         <name>.stack</name>
         <uninitialized>true</uninitialized>
         <run_address>0x200052e8</run_address>
         <size>0x4</size>
         <input_file_ref idref="fl-de"/>
      </object_component>
      <object_component id="oc-442">
         <name>.stack</name>
         <uninitialized>true</uninitialized>
         <run_address>0x200052e8</run_address>
         <size>0x0</size>
      </object_component>
      <object_component id="oc-2c5">
         <name>.debug_info</name>
         <load_address>0x0</load_address>
         <run_address>0x0</run_address>
         <size>0x2a9</size>
         <input_file_ref idref="fl-2"/>
      </object_component>
      <object_component id="oc-c5">
         <name>.debug_info</name>
         <load_address>0x2a9</load_address>
         <run_address>0x2a9</run_address>
         <size>0x137</size>
         <input_file_ref idref="fl-2"/>
      </object_component>
      <object_component id="oc-3aa">
         <name>.debug_info</name>
         <load_address>0x3e0</load_address>
         <run_address>0x3e0</run_address>
         <size>0xa7</size>
         <input_file_ref idref="fl-2"/>
      </object_component>
      <object_component id="oc-1ef">
         <name>.debug_info</name>
         <load_address>0x487</load_address>
         <run_address>0x487</run_address>
         <size>0x143</size>
         <input_file_ref idref="fl-2"/>
      </object_component>
      <object_component id="oc-41">
         <name>.debug_info</name>
         <load_address>0x5ca</load_address>
         <run_address>0x5ca</run_address>
         <size>0x84</size>
         <input_file_ref idref="fl-2"/>
      </object_component>
      <object_component id="oc-1a7">
         <name>.debug_info</name>
         <load_address>0x64e</load_address>
         <run_address>0x64e</run_address>
         <size>0xae</size>
         <input_file_ref idref="fl-2"/>
      </object_component>
      <object_component id="oc-3a">
         <name>.debug_info</name>
         <load_address>0x6fc</load_address>
         <run_address>0x6fc</run_address>
         <size>0x355</size>
         <input_file_ref idref="fl-3"/>
      </object_component>
      <object_component id="oc-13">
         <name>.debug_info</name>
         <load_address>0xa51</load_address>
         <run_address>0xa51</run_address>
         <size>0x114</size>
         <input_file_ref idref="fl-3"/>
      </object_component>
      <object_component id="oc-29">
         <name>.debug_info</name>
         <load_address>0xb65</load_address>
         <run_address>0xb65</run_address>
         <size>0x290</size>
         <input_file_ref idref="fl-3"/>
      </object_component>
      <object_component id="oc-9c">
         <name>.debug_info</name>
         <load_address>0xdf5</load_address>
         <run_address>0xdf5</run_address>
         <size>0x26b</size>
         <input_file_ref idref="fl-3"/>
      </object_component>
      <object_component id="oc-137">
         <name>.debug_info</name>
         <load_address>0x1060</load_address>
         <run_address>0x1060</run_address>
         <size>0x2a4</size>
         <input_file_ref idref="fl-3"/>
      </object_component>
      <object_component id="oc-95">
         <name>.debug_info</name>
         <load_address>0x1304</load_address>
         <run_address>0x1304</run_address>
         <size>0xbb</size>
         <input_file_ref idref="fl-3"/>
      </object_component>
      <object_component id="oc-135">
         <name>.debug_info</name>
         <load_address>0x13bf</load_address>
         <run_address>0x13bf</run_address>
         <size>0xace</size>
         <input_file_ref idref="fl-4"/>
      </object_component>
      <object_component id="oc-23d">
         <name>.debug_info</name>
         <load_address>0x1e8d</load_address>
         <run_address>0x1e8d</run_address>
         <size>0x28d</size>
         <input_file_ref idref="fl-4"/>
      </object_component>
      <object_component id="oc-21e">
         <name>.debug_info</name>
         <load_address>0x211a</load_address>
         <run_address>0x211a</run_address>
         <size>0x129</size>
         <input_file_ref idref="fl-4"/>
      </object_component>
      <object_component id="oc-222">
         <name>.debug_info</name>
         <load_address>0x2243</load_address>
         <run_address>0x2243</run_address>
         <size>0x133</size>
         <input_file_ref idref="fl-4"/>
      </object_component>
      <object_component id="oc-226">
         <name>.debug_info</name>
         <load_address>0x2376</load_address>
         <run_address>0x2376</run_address>
         <size>0x139</size>
         <input_file_ref idref="fl-4"/>
      </object_component>
      <object_component id="oc-22a">
         <name>.debug_info</name>
         <load_address>0x24af</load_address>
         <run_address>0x24af</run_address>
         <size>0x129</size>
         <input_file_ref idref="fl-4"/>
      </object_component>
      <object_component id="oc-22e">
         <name>.debug_info</name>
         <load_address>0x25d8</load_address>
         <run_address>0x25d8</run_address>
         <size>0x12f</size>
         <input_file_ref idref="fl-4"/>
      </object_component>
      <object_component id="oc-235">
         <name>.debug_info</name>
         <load_address>0x2707</load_address>
         <run_address>0x2707</run_address>
         <size>0x127</size>
         <input_file_ref idref="fl-4"/>
      </object_component>
      <object_component id="oc-238">
         <name>.debug_info</name>
         <load_address>0x282e</load_address>
         <run_address>0x282e</run_address>
         <size>0x12d</size>
         <input_file_ref idref="fl-4"/>
      </object_component>
      <object_component id="oc-14e">
         <name>.debug_info</name>
         <load_address>0x295b</load_address>
         <run_address>0x295b</run_address>
         <size>0x935</size>
         <input_file_ref idref="fl-4"/>
      </object_component>
      <object_component id="oc-1e5">
         <name>.debug_info</name>
         <load_address>0x3290</load_address>
         <run_address>0x3290</run_address>
         <size>0x17b</size>
         <input_file_ref idref="fl-4"/>
      </object_component>
      <object_component id="oc-126">
         <name>.debug_info</name>
         <load_address>0x340b</load_address>
         <run_address>0x340b</run_address>
         <size>0x315</size>
         <input_file_ref idref="fl-4"/>
      </object_component>
      <object_component id="oc-1f9">
         <name>.debug_info</name>
         <load_address>0x3720</load_address>
         <run_address>0x3720</run_address>
         <size>0xa2</size>
         <input_file_ref idref="fl-4"/>
      </object_component>
      <object_component id="oc-1ea">
         <name>.debug_info</name>
         <load_address>0x37c2</load_address>
         <run_address>0x37c2</run_address>
         <size>0x114</size>
         <input_file_ref idref="fl-4"/>
      </object_component>
      <object_component id="oc-130">
         <name>.debug_info</name>
         <load_address>0x38d6</load_address>
         <run_address>0x38d6</run_address>
         <size>0x461</size>
         <input_file_ref idref="fl-4"/>
      </object_component>
      <object_component id="oc-1f4">
         <name>.debug_info</name>
         <load_address>0x3d37</load_address>
         <run_address>0x3d37</run_address>
         <size>0x42</size>
         <input_file_ref idref="fl-4"/>
      </object_component>
      <object_component id="oc-8b">
         <name>.debug_info</name>
         <load_address>0x3d79</load_address>
         <run_address>0x3d79</run_address>
         <size>0x2c</size>
         <input_file_ref idref="fl-4"/>
      </object_component>
      <object_component id="oc-193">
         <name>.debug_info</name>
         <load_address>0x3da5</load_address>
         <run_address>0x3da5</run_address>
         <size>0x4f</size>
         <input_file_ref idref="fl-4"/>
      </object_component>
      <object_component id="oc-121">
         <name>.debug_info</name>
         <load_address>0x3df4</load_address>
         <run_address>0x3df4</run_address>
         <size>0x53</size>
         <input_file_ref idref="fl-4"/>
      </object_component>
      <object_component id="oc-90">
         <name>.debug_info</name>
         <load_address>0x3e47</load_address>
         <run_address>0x3e47</run_address>
         <size>0x53</size>
         <input_file_ref idref="fl-4"/>
      </object_component>
      <object_component id="oc-12b">
         <name>.debug_info</name>
         <load_address>0x3e9a</load_address>
         <run_address>0x3e9a</run_address>
         <size>0x14c</size>
         <input_file_ref idref="fl-4"/>
      </object_component>
      <object_component id="oc-1e2">
         <name>.debug_info</name>
         <load_address>0x3fe6</load_address>
         <run_address>0x3fe6</run_address>
         <size>0x676</size>
         <input_file_ref idref="fl-5"/>
      </object_component>
      <object_component id="oc-118">
         <name>.debug_info</name>
         <load_address>0x465c</load_address>
         <run_address>0x465c</run_address>
         <size>0x110</size>
         <input_file_ref idref="fl-5"/>
      </object_component>
      <object_component id="oc-1a2">
         <name>.debug_info</name>
         <load_address>0x476c</load_address>
         <run_address>0x476c</run_address>
         <size>0x461</size>
         <input_file_ref idref="fl-5"/>
      </object_component>
      <object_component id="oc-2bb">
         <name>.debug_info</name>
         <load_address>0x4bcd</load_address>
         <run_address>0x4bcd</run_address>
         <size>0x76</size>
         <input_file_ref idref="fl-5"/>
      </object_component>
      <object_component id="oc-2c0">
         <name>.debug_info</name>
         <load_address>0x4c43</load_address>
         <run_address>0x4c43</run_address>
         <size>0x39</size>
         <input_file_ref idref="fl-5"/>
      </object_component>
      <object_component id="oc-1b5">
         <name>.debug_info</name>
         <load_address>0x4c7c</load_address>
         <run_address>0x4c7c</run_address>
         <size>0x3ad</size>
         <input_file_ref idref="fl-6"/>
      </object_component>
      <object_component id="oc-e5">
         <name>.debug_info</name>
         <load_address>0x5029</load_address>
         <run_address>0x5029</run_address>
         <size>0x51d</size>
         <input_file_ref idref="fl-6"/>
      </object_component>
      <object_component id="oc-261">
         <name>.debug_info</name>
         <load_address>0x5546</load_address>
         <run_address>0x5546</run_address>
         <size>0x74c</size>
         <input_file_ref idref="fl-7"/>
      </object_component>
      <object_component id="oc-317">
         <name>.debug_info</name>
         <load_address>0x5c92</load_address>
         <run_address>0x5c92</run_address>
         <size>0x1ef</size>
         <input_file_ref idref="fl-7"/>
      </object_component>
      <object_component id="oc-31c">
         <name>.debug_info</name>
         <load_address>0x5e81</load_address>
         <run_address>0x5e81</run_address>
         <size>0x46</size>
         <input_file_ref idref="fl-7"/>
      </object_component>
      <object_component id="oc-198">
         <name>.debug_info</name>
         <load_address>0x5ec7</load_address>
         <run_address>0x5ec7</run_address>
         <size>0x35</size>
         <input_file_ref idref="fl-7"/>
      </object_component>
      <object_component id="oc-d6">
         <name>.debug_info</name>
         <load_address>0x5efc</load_address>
         <run_address>0x5efc</run_address>
         <size>0x8c5</size>
         <input_file_ref idref="fl-8"/>
      </object_component>
      <object_component id="oc-7a">
         <name>.debug_info</name>
         <load_address>0x67c1</load_address>
         <run_address>0x67c1</run_address>
         <size>0x38f</size>
         <input_file_ref idref="fl-8"/>
      </object_component>
      <object_component id="oc-eb">
         <name>.debug_info</name>
         <load_address>0x6b50</load_address>
         <run_address>0x6b50</run_address>
         <size>0x11b</size>
         <input_file_ref idref="fl-8"/>
      </object_component>
      <object_component id="oc-10c">
         <name>.debug_info</name>
         <load_address>0x6c6b</load_address>
         <run_address>0x6c6b</run_address>
         <size>0x11b</size>
         <input_file_ref idref="fl-8"/>
      </object_component>
      <object_component id="oc-10f">
         <name>.debug_info</name>
         <load_address>0x6d86</load_address>
         <run_address>0x6d86</run_address>
         <size>0x11b</size>
         <input_file_ref idref="fl-8"/>
      </object_component>
      <object_component id="oc-ee">
         <name>.debug_info</name>
         <load_address>0x6ea1</load_address>
         <run_address>0x6ea1</run_address>
         <size>0x15e</size>
         <input_file_ref idref="fl-8"/>
      </object_component>
      <object_component id="oc-fa">
         <name>.debug_info</name>
         <load_address>0x6fff</load_address>
         <run_address>0x6fff</run_address>
         <size>0x11b</size>
         <input_file_ref idref="fl-8"/>
      </object_component>
      <object_component id="oc-f1">
         <name>.debug_info</name>
         <load_address>0x711a</load_address>
         <run_address>0x711a</run_address>
         <size>0x11d</size>
         <input_file_ref idref="fl-8"/>
      </object_component>
      <object_component id="oc-fd">
         <name>.debug_info</name>
         <load_address>0x7237</load_address>
         <run_address>0x7237</run_address>
         <size>0x11c</size>
         <input_file_ref idref="fl-8"/>
      </object_component>
      <object_component id="oc-82">
         <name>.debug_info</name>
         <load_address>0x7353</load_address>
         <run_address>0x7353</run_address>
         <size>0x4c1b</size>
         <input_file_ref idref="fl-8"/>
      </object_component>
      <object_component id="oc-d7">
         <name>.debug_info</name>
         <load_address>0xbf6e</load_address>
         <run_address>0xbf6e</run_address>
         <size>0x30c</size>
         <input_file_ref idref="fl-8"/>
      </object_component>
      <object_component id="oc-1dd">
         <name>.debug_info</name>
         <load_address>0xc27a</load_address>
         <run_address>0xc27a</run_address>
         <size>0x2c</size>
         <input_file_ref idref="fl-8"/>
      </object_component>
      <object_component id="oc-19d">
         <name>.debug_info</name>
         <load_address>0xc2a6</load_address>
         <run_address>0xc2a6</run_address>
         <size>0x130</size>
         <input_file_ref idref="fl-8"/>
      </object_component>
      <object_component id="oc-8a">
         <name>.debug_info</name>
         <load_address>0xc3d6</load_address>
         <run_address>0xc3d6</run_address>
         <size>0x494</size>
         <input_file_ref idref="fl-a"/>
      </object_component>
      <object_component id="oc-7d">
         <name>.debug_info</name>
         <load_address>0xc86a</load_address>
         <run_address>0xc86a</run_address>
         <size>0x190</size>
         <input_file_ref idref="fl-a"/>
      </object_component>
      <object_component id="oc-87">
         <name>.debug_info</name>
         <load_address>0xc9fa</load_address>
         <run_address>0xc9fa</run_address>
         <size>0x19b</size>
         <input_file_ref idref="fl-a"/>
      </object_component>
      <object_component id="oc-34">
         <name>.debug_info</name>
         <load_address>0xcb95</load_address>
         <run_address>0xcb95</run_address>
         <size>0x927</size>
         <input_file_ref idref="fl-a"/>
      </object_component>
      <object_component id="oc-2f">
         <name>.debug_info</name>
         <load_address>0xd4bc</load_address>
         <run_address>0xd4bc</run_address>
         <size>0x27d</size>
         <input_file_ref idref="fl-b"/>
      </object_component>
      <object_component id="oc-1b3">
         <name>.debug_info</name>
         <load_address>0xd739</load_address>
         <run_address>0xd739</run_address>
         <size>0x446</size>
         <input_file_ref idref="fl-c"/>
      </object_component>
      <object_component id="oc-1b0">
         <name>.debug_info</name>
         <load_address>0xdb7f</load_address>
         <run_address>0xdb7f</run_address>
         <size>0x116</size>
         <input_file_ref idref="fl-c"/>
      </object_component>
      <object_component id="oc-1ad">
         <name>.debug_info</name>
         <load_address>0xdc95</load_address>
         <run_address>0xdc95</run_address>
         <size>0x124</size>
         <input_file_ref idref="fl-c"/>
      </object_component>
      <object_component id="oc-df">
         <name>.debug_info</name>
         <load_address>0xddb9</load_address>
         <run_address>0xddb9</run_address>
         <size>0x434</size>
         <input_file_ref idref="fl-c"/>
      </object_component>
      <object_component id="oc-212">
         <name>.debug_info</name>
         <load_address>0xe1ed</load_address>
         <run_address>0xe1ed</run_address>
         <size>0x1e0</size>
         <input_file_ref idref="fl-f"/>
      </object_component>
      <object_component id="oc-2d5">
         <name>.debug_info</name>
         <load_address>0xe3cd</load_address>
         <run_address>0xe3cd</run_address>
         <size>0x2eb</size>
         <input_file_ref idref="fl-10"/>
      </object_component>
      <object_component id="oc-2d2">
         <name>.debug_info</name>
         <load_address>0xe6b8</load_address>
         <run_address>0xe6b8</run_address>
         <size>0x133</size>
         <input_file_ref idref="fl-10"/>
      </object_component>
      <object_component id="oc-205">
         <name>.debug_info</name>
         <load_address>0xe7eb</load_address>
         <run_address>0xe7eb</run_address>
         <size>0x4bd</size>
         <input_file_ref idref="fl-10"/>
      </object_component>
      <object_component id="oc-3a1">
         <name>.debug_info</name>
         <load_address>0xeca8</load_address>
         <run_address>0xeca8</run_address>
         <size>0xa7</size>
         <input_file_ref idref="fl-10"/>
      </object_component>
      <object_component id="oc-2e3">
         <name>.debug_info</name>
         <load_address>0xed4f</load_address>
         <run_address>0xed4f</run_address>
         <size>0xf8</size>
         <input_file_ref idref="fl-11"/>
      </object_component>
      <object_component id="oc-21a">
         <name>.debug_info</name>
         <load_address>0xee47</load_address>
         <run_address>0xee47</run_address>
         <size>0x118</size>
         <input_file_ref idref="fl-11"/>
      </object_component>
      <object_component id="oc-f4">
         <name>.debug_info</name>
         <load_address>0xef5f</load_address>
         <run_address>0xef5f</run_address>
         <size>0x1bb</size>
         <input_file_ref idref="fl-12"/>
      </object_component>
      <object_component id="oc-2c7">
         <name>.debug_info</name>
         <load_address>0xf11a</load_address>
         <run_address>0xf11a</run_address>
         <size>0x20d</size>
         <input_file_ref idref="fl-13"/>
      </object_component>
      <object_component id="oc-2d0">
         <name>.debug_info</name>
         <load_address>0xf327</load_address>
         <run_address>0xf327</run_address>
         <size>0x2fa</size>
         <input_file_ref idref="fl-14"/>
      </object_component>
      <object_component id="oc-2cd">
         <name>.debug_info</name>
         <load_address>0xf621</load_address>
         <run_address>0xf621</run_address>
         <size>0x139</size>
         <input_file_ref idref="fl-14"/>
      </object_component>
      <object_component id="oc-201">
         <name>.debug_info</name>
         <load_address>0xf75a</load_address>
         <run_address>0xf75a</run_address>
         <size>0x84c</size>
         <input_file_ref idref="fl-14"/>
      </object_component>
      <object_component id="oc-2e0">
         <name>.debug_info</name>
         <load_address>0xffa6</load_address>
         <run_address>0xffa6</run_address>
         <size>0xfb</size>
         <input_file_ref idref="fl-15"/>
      </object_component>
      <object_component id="oc-217">
         <name>.debug_info</name>
         <load_address>0x100a1</load_address>
         <run_address>0x100a1</run_address>
         <size>0x11c</size>
         <input_file_ref idref="fl-15"/>
      </object_component>
      <object_component id="oc-2dc">
         <name>.debug_info</name>
         <load_address>0x101bd</load_address>
         <run_address>0x101bd</run_address>
         <size>0x295</size>
         <input_file_ref idref="fl-16"/>
      </object_component>
      <object_component id="oc-20c">
         <name>.debug_info</name>
         <load_address>0x10452</load_address>
         <run_address>0x10452</run_address>
         <size>0x40d</size>
         <input_file_ref idref="fl-16"/>
      </object_component>
      <object_component id="oc-1dc">
         <name>.debug_info</name>
         <load_address>0x1085f</load_address>
         <run_address>0x1085f</run_address>
         <size>0x333</size>
         <input_file_ref idref="fl-d0"/>
      </object_component>
      <object_component id="oc-115">
         <name>.debug_info</name>
         <load_address>0x10b92</load_address>
         <run_address>0x10b92</run_address>
         <size>0x1d1</size>
         <input_file_ref idref="fl-d0"/>
      </object_component>
      <object_component id="oc-1d0">
         <name>.debug_info</name>
         <load_address>0x10d63</load_address>
         <run_address>0x10d63</run_address>
         <size>0x18d</size>
         <input_file_ref idref="fl-d0"/>
      </object_component>
      <object_component id="oc-1d7">
         <name>.debug_info</name>
         <load_address>0x10ef0</load_address>
         <run_address>0x10ef0</run_address>
         <size>0x16d</size>
         <input_file_ref idref="fl-d0"/>
      </object_component>
      <object_component id="oc-38f">
         <name>.debug_info</name>
         <load_address>0x1105d</load_address>
         <run_address>0x1105d</run_address>
         <size>0x2c</size>
         <input_file_ref idref="fl-d0"/>
      </object_component>
      <object_component id="oc-334">
         <name>.debug_info</name>
         <load_address>0x11089</load_address>
         <run_address>0x11089</run_address>
         <size>0x13a</size>
         <input_file_ref idref="fl-d1"/>
      </object_component>
      <object_component id="oc-32e">
         <name>.debug_info</name>
         <load_address>0x111c3</load_address>
         <run_address>0x111c3</run_address>
         <size>0x13a</size>
         <input_file_ref idref="fl-d2"/>
      </object_component>
      <object_component id="oc-33f">
         <name>.debug_info</name>
         <load_address>0x112fd</load_address>
         <run_address>0x112fd</run_address>
         <size>0x12e</size>
         <input_file_ref idref="fl-d3"/>
      </object_component>
      <object_component id="oc-47">
         <name>.debug_info</name>
         <load_address>0x1142b</load_address>
         <run_address>0x1142b</run_address>
         <size>0x119</size>
         <input_file_ref idref="fl-d4"/>
      </object_component>
      <object_component id="oc-b8">
         <name>.debug_info</name>
         <load_address>0x11544</load_address>
         <run_address>0x11544</run_address>
         <size>0x147</size>
         <input_file_ref idref="fl-d6"/>
      </object_component>
      <object_component id="oc-2d9">
         <name>.debug_info</name>
         <load_address>0x1168b</load_address>
         <run_address>0x1168b</run_address>
         <size>0x13f</size>
         <input_file_ref idref="fl-d7"/>
      </object_component>
      <object_component id="oc-327">
         <name>.debug_info</name>
         <load_address>0x117ca</load_address>
         <run_address>0x117ca</run_address>
         <size>0x134</size>
         <input_file_ref idref="fl-d8"/>
      </object_component>
      <object_component id="oc-b5">
         <name>.debug_info</name>
         <load_address>0x118fe</load_address>
         <run_address>0x118fe</run_address>
         <size>0x2d4</size>
         <input_file_ref idref="fl-d9"/>
      </object_component>
      <object_component id="oc-59">
         <name>.debug_info</name>
         <load_address>0x11bd2</load_address>
         <run_address>0x11bd2</run_address>
         <size>0x1b5</size>
         <input_file_ref idref="fl-d9"/>
      </object_component>
      <object_component id="oc-b0">
         <name>.debug_info</name>
         <load_address>0x11d87</load_address>
         <run_address>0x11d87</run_address>
         <size>0x46</size>
         <input_file_ref idref="fl-d9"/>
      </object_component>
      <object_component id="oc-143">
         <name>.debug_info</name>
         <load_address>0x11dcd</load_address>
         <run_address>0x11dcd</run_address>
         <size>0x2c</size>
         <input_file_ref idref="fl-d9"/>
      </object_component>
      <object_component id="oc-51">
         <name>.debug_info</name>
         <load_address>0x11df9</load_address>
         <run_address>0x11df9</run_address>
         <size>0x2a8</size>
         <input_file_ref idref="fl-da"/>
      </object_component>
      <object_component id="oc-1d">
         <name>.debug_info</name>
         <load_address>0x120a1</load_address>
         <run_address>0x120a1</run_address>
         <size>0x1ea</size>
         <input_file_ref idref="fl-da"/>
      </object_component>
      <object_component id="oc-4c">
         <name>.debug_info</name>
         <load_address>0x1228b</load_address>
         <run_address>0x1228b</run_address>
         <size>0x46</size>
         <input_file_ref idref="fl-da"/>
      </object_component>
      <object_component id="oc-a8">
         <name>.debug_info</name>
         <load_address>0x122d1</load_address>
         <run_address>0x122d1</run_address>
         <size>0x2c</size>
         <input_file_ref idref="fl-da"/>
      </object_component>
      <object_component id="oc-a6">
         <name>.debug_info</name>
         <load_address>0x122fd</load_address>
         <run_address>0x122fd</run_address>
         <size>0x29e</size>
         <input_file_ref idref="fl-db"/>
      </object_component>
      <object_component id="oc-16">
         <name>.debug_info</name>
         <load_address>0x1259b</load_address>
         <run_address>0x1259b</run_address>
         <size>0x250</size>
         <input_file_ref idref="fl-db"/>
      </object_component>
      <object_component id="oc-3c">
         <name>.debug_info</name>
         <load_address>0x127eb</load_address>
         <run_address>0x127eb</run_address>
         <size>0x60</size>
         <input_file_ref idref="fl-db"/>
      </object_component>
      <object_component id="oc-13c">
         <name>.debug_info</name>
         <load_address>0x1284b</load_address>
         <run_address>0x1284b</run_address>
         <size>0x46</size>
         <input_file_ref idref="fl-db"/>
      </object_component>
      <object_component id="oc-a1">
         <name>.debug_info</name>
         <load_address>0x12891</load_address>
         <run_address>0x12891</run_address>
         <size>0x39</size>
         <input_file_ref idref="fl-db"/>
      </object_component>
      <object_component id="oc-1c2">
         <name>.debug_info</name>
         <load_address>0x128ca</load_address>
         <run_address>0x128ca</run_address>
         <size>0x2a4</size>
         <input_file_ref idref="fl-dc"/>
      </object_component>
      <object_component id="oc-101">
         <name>.debug_info</name>
         <load_address>0x12b6e</load_address>
         <run_address>0x12b6e</run_address>
         <size>0x24d</size>
         <input_file_ref idref="fl-dc"/>
      </object_component>
      <object_component id="oc-1c4">
         <name>.debug_info</name>
         <load_address>0x12dbb</load_address>
         <run_address>0x12dbb</run_address>
         <size>0x28f</size>
         <input_file_ref idref="fl-dd"/>
      </object_component>
      <object_component id="oc-106">
         <name>.debug_info</name>
         <load_address>0x1304a</load_address>
         <run_address>0x1304a</run_address>
         <size>0x245</size>
         <input_file_ref idref="fl-dd"/>
      </object_component>
      <object_component id="oc-25">
         <name>.debug_info</name>
         <load_address>0x1328f</load_address>
         <run_address>0x1328f</run_address>
         <size>0x10b</size>
         <input_file_ref idref="fl-de"/>
      </object_component>
      <object_component id="oc-65">
         <name>.debug_info</name>
         <load_address>0x1339a</load_address>
         <run_address>0x1339a</run_address>
         <size>0x1a9</size>
         <input_file_ref idref="fl-de"/>
      </object_component>
      <object_component id="oc-2aa">
         <name>.debug_info</name>
         <load_address>0x13543</load_address>
         <run_address>0x13543</run_address>
         <size>0x590</size>
         <input_file_ref idref="fl-df"/>
      </object_component>
      <object_component id="oc-278">
         <name>.debug_info</name>
         <load_address>0x13ad3</load_address>
         <run_address>0x13ad3</run_address>
         <size>0x21e</size>
         <input_file_ref idref="fl-df"/>
      </object_component>
      <object_component id="oc-355">
         <name>.debug_info</name>
         <load_address>0x13cf1</load_address>
         <run_address>0x13cf1</run_address>
         <size>0x1b3</size>
         <input_file_ref idref="fl-df"/>
      </object_component>
      <object_component id="oc-35b">
         <name>.debug_info</name>
         <load_address>0x13ea4</load_address>
         <run_address>0x13ea4</run_address>
         <size>0x21b</size>
         <input_file_ref idref="fl-df"/>
      </object_component>
      <object_component id="oc-283">
         <name>.debug_info</name>
         <load_address>0x140bf</load_address>
         <run_address>0x140bf</run_address>
         <size>0x3c0</size>
         <input_file_ref idref="fl-df"/>
      </object_component>
      <object_component id="oc-362">
         <name>.debug_info</name>
         <load_address>0x1447f</load_address>
         <run_address>0x1447f</run_address>
         <size>0x30a</size>
         <input_file_ref idref="fl-df"/>
      </object_component>
      <object_component id="oc-368">
         <name>.debug_info</name>
         <load_address>0x14789</load_address>
         <run_address>0x14789</run_address>
         <size>0x215</size>
         <input_file_ref idref="fl-df"/>
      </object_component>
      <object_component id="oc-289">
         <name>.debug_info</name>
         <load_address>0x1499e</load_address>
         <run_address>0x1499e</run_address>
         <size>0x215</size>
         <input_file_ref idref="fl-df"/>
      </object_component>
      <object_component id="oc-28e">
         <name>.debug_info</name>
         <load_address>0x14bb3</load_address>
         <run_address>0x14bb3</run_address>
         <size>0x304</size>
         <input_file_ref idref="fl-df"/>
      </object_component>
      <object_component id="oc-294">
         <name>.debug_info</name>
         <load_address>0x14eb7</load_address>
         <run_address>0x14eb7</run_address>
         <size>0x4b5</size>
         <input_file_ref idref="fl-df"/>
      </object_component>
      <object_component id="oc-1cb">
         <name>.debug_info</name>
         <load_address>0x1536c</load_address>
         <run_address>0x1536c</run_address>
         <size>0x5f4</size>
         <input_file_ref idref="fl-df"/>
      </object_component>
      <object_component id="oc-2ab">
         <name>.debug_info</name>
         <load_address>0x15960</load_address>
         <run_address>0x15960</run_address>
         <size>0x86</size>
         <input_file_ref idref="fl-df"/>
      </object_component>
      <object_component id="oc-394">
         <name>.debug_info</name>
         <load_address>0x159e6</load_address>
         <run_address>0x159e6</run_address>
         <size>0x39</size>
         <input_file_ref idref="fl-df"/>
      </object_component>
      <object_component id="oc-3fe">
         <name>.debug_info</name>
         <load_address>0x15a1f</load_address>
         <run_address>0x15a1f</run_address>
         <size>0xb6</size>
         <input_file_ref idref="fl-df"/>
      </object_component>
      <object_component id="oc-399">
         <name>.debug_info</name>
         <load_address>0x15ad5</load_address>
         <run_address>0x15ad5</run_address>
         <size>0x46</size>
         <input_file_ref idref="fl-df"/>
      </object_component>
      <object_component id="oc-2b0">
         <name>.debug_info</name>
         <load_address>0x15b1b</load_address>
         <run_address>0x15b1b</run_address>
         <size>0x46</size>
         <input_file_ref idref="fl-df"/>
      </object_component>
      <object_component id="oc-3b5">
         <name>.debug_info</name>
         <load_address>0x15b61</load_address>
         <run_address>0x15b61</run_address>
         <size>0x115</size>
         <input_file_ref idref="fl-e0"/>
      </object_component>
      <object_component id="oc-34e">
         <name>.debug_info</name>
         <load_address>0x15c76</load_address>
         <run_address>0x15c76</run_address>
         <size>0x14c</size>
         <input_file_ref idref="fl-e1"/>
      </object_component>
      <object_component id="oc-27d">
         <name>.debug_info</name>
         <load_address>0x15dc2</load_address>
         <run_address>0x15dc2</run_address>
         <size>0x128</size>
         <input_file_ref idref="fl-e2"/>
      </object_component>
      <object_component id="oc-33a">
         <name>.debug_info</name>
         <load_address>0x15eea</load_address>
         <run_address>0x15eea</run_address>
         <size>0x12a</size>
         <input_file_ref idref="fl-e2"/>
      </object_component>
      <object_component id="oc-349">
         <name>.debug_info</name>
         <load_address>0x16014</load_address>
         <run_address>0x16014</run_address>
         <size>0x12c</size>
         <input_file_ref idref="fl-e3"/>
      </object_component>
      <object_component id="oc-24c">
         <name>.debug_info</name>
         <load_address>0x16140</load_address>
         <run_address>0x16140</run_address>
         <size>0x4b3</size>
         <input_file_ref idref="fl-e4"/>
      </object_component>
      <object_component id="oc-163">
         <name>.debug_info</name>
         <load_address>0x165f3</load_address>
         <run_address>0x165f3</run_address>
         <size>0x1a6</size>
         <input_file_ref idref="fl-e4"/>
      </object_component>
      <object_component id="oc-304">
         <name>.debug_info</name>
         <load_address>0x16799</load_address>
         <run_address>0x16799</run_address>
         <size>0x39</size>
         <input_file_ref idref="fl-e4"/>
      </object_component>
      <object_component id="oc-3c2">
         <name>.debug_info</name>
         <load_address>0x167d2</load_address>
         <run_address>0x167d2</run_address>
         <size>0x39</size>
         <input_file_ref idref="fl-e4"/>
      </object_component>
      <object_component id="oc-309">
         <name>.debug_info</name>
         <load_address>0x1680b</load_address>
         <run_address>0x1680b</run_address>
         <size>0x39</size>
         <input_file_ref idref="fl-e4"/>
      </object_component>
      <object_component id="oc-30e">
         <name>.debug_info</name>
         <load_address>0x16844</load_address>
         <run_address>0x16844</run_address>
         <size>0xcd</size>
         <input_file_ref idref="fl-e4"/>
      </object_component>
      <object_component id="oc-be">
         <name>.debug_info</name>
         <load_address>0x16911</load_address>
         <run_address>0x16911</run_address>
         <size>0x153</size>
         <input_file_ref idref="fl-e5"/>
      </object_component>
      <object_component id="oc-156">
         <name>.debug_info</name>
         <load_address>0x16a64</load_address>
         <run_address>0x16a64</run_address>
         <size>0x122</size>
         <input_file_ref idref="fl-e7"/>
      </object_component>
      <object_component id="oc-3d9">
         <name>.debug_info</name>
         <load_address>0x16b86</load_address>
         <run_address>0x16b86</run_address>
         <size>0x29c</size>
         <input_file_ref idref="fl-e9"/>
      </object_component>
      <object_component id="oc-342">
         <name>.debug_info</name>
         <load_address>0x16e22</load_address>
         <run_address>0x16e22</run_address>
         <size>0x1da</size>
         <input_file_ref idref="fl-e9"/>
      </object_component>
      <object_component id="oc-325">
         <name>.debug_info</name>
         <load_address>0x16ffc</load_address>
         <run_address>0x16ffc</run_address>
         <size>0x2b9</size>
         <input_file_ref idref="fl-eb"/>
      </object_component>
      <object_component id="oc-271">
         <name>.debug_info</name>
         <load_address>0x172b5</load_address>
         <run_address>0x172b5</run_address>
         <size>0x17c</size>
         <input_file_ref idref="fl-eb"/>
      </object_component>
      <object_component id="oc-3d0">
         <name>.debug_info</name>
         <load_address>0x17431</load_address>
         <run_address>0x17431</run_address>
         <size>0xf9</size>
         <input_file_ref idref="fl-ec"/>
      </object_component>
      <object_component id="oc-322">
         <name>.debug_info</name>
         <load_address>0x1752a</load_address>
         <run_address>0x1752a</run_address>
         <size>0x105</size>
         <input_file_ref idref="fl-ec"/>
      </object_component>
      <object_component id="oc-380">
         <name>.debug_info</name>
         <load_address>0x1762f</load_address>
         <run_address>0x1762f</run_address>
         <size>0x2a7</size>
         <input_file_ref idref="fl-ed"/>
      </object_component>
      <object_component id="oc-299">
         <name>.debug_info</name>
         <load_address>0x178d6</load_address>
         <run_address>0x178d6</run_address>
         <size>0x1b8</size>
         <input_file_ref idref="fl-ed"/>
      </object_component>
      <object_component id="oc-3f0">
         <name>.debug_info</name>
         <load_address>0x17a8e</load_address>
         <run_address>0x17a8e</run_address>
         <size>0x29a</size>
         <input_file_ref idref="fl-ee"/>
      </object_component>
      <object_component id="oc-37b">
         <name>.debug_info</name>
         <load_address>0x17d28</load_address>
         <run_address>0x17d28</run_address>
         <size>0x262</size>
         <input_file_ref idref="fl-ee"/>
      </object_component>
      <object_component id="oc-38c">
         <name>.debug_info</name>
         <load_address>0x17f8a</load_address>
         <run_address>0x17f8a</run_address>
         <size>0x289</size>
         <input_file_ref idref="fl-ef"/>
      </object_component>
      <object_component id="oc-389">
         <name>.debug_info</name>
         <load_address>0x18213</load_address>
         <run_address>0x18213</run_address>
         <size>0x10e</size>
         <input_file_ref idref="fl-ef"/>
      </object_component>
      <object_component id="oc-2a4">
         <name>.debug_info</name>
         <load_address>0x18321</load_address>
         <run_address>0x18321</run_address>
         <size>0x14e</size>
         <input_file_ref idref="fl-ef"/>
      </object_component>
      <object_component id="oc-387">
         <name>.debug_info</name>
         <load_address>0x1846f</load_address>
         <run_address>0x1846f</run_address>
         <size>0x28f</size>
         <input_file_ref idref="fl-f0"/>
      </object_component>
      <object_component id="oc-29e">
         <name>.debug_info</name>
         <load_address>0x186fe</load_address>
         <run_address>0x186fe</run_address>
         <size>0x15a</size>
         <input_file_ref idref="fl-f0"/>
      </object_component>
      <object_component id="oc-3f3">
         <name>.debug_info</name>
         <load_address>0x18858</load_address>
         <run_address>0x18858</run_address>
         <size>0x46</size>
         <input_file_ref idref="fl-f0"/>
      </object_component>
      <object_component id="oc-382">
         <name>.debug_info</name>
         <load_address>0x1889e</load_address>
         <run_address>0x1889e</run_address>
         <size>0x39</size>
         <input_file_ref idref="fl-f0"/>
      </object_component>
      <object_component id="oc-3e1">
         <name>.debug_info</name>
         <load_address>0x188d7</load_address>
[...]
         <name>xTaskGenericNotifyStateClear</name>
         <value>0x21f1</value>
         <object_component_ref idref="oc-7f"/>
      </symbol>
      <symbol id="sm-419">
         <name>xTaskGenericNotify</name>
         <value>0x1c05</value>
         <object_component_ref idref="oc-7f"/>
      </symbol>
      <symbol id="sm-41a">
         <name>xTaskCreate</name>
         <value>0x26d</value>
         <object_component_ref idref="oc-7f"/>
      </symbol>
      <symbol id="sm-41b">
         <name>xTaskDelayUntil</name>
         <value>0x4cf</value>
         <object_component_ref idref="oc-7f"/>
      </symbol>
      <symbol id="sm-41c">
         <name>uxTaskGetTaskNumber</name>
         <value>0x1549</value>
         <object_component_ref idref="oc-7f"/>
      </symbol>
      <symbol id="sm-41d">
         <name>vTaskEndScheduler</name>
         <value>0xa97</value>
         <object_component_ref idref="oc-7f"/>
      </symbol>
      <symbol id="sm-41e">
         <name>vTaskMissedYield</name>
         <value>0x153d</value>
         <object_component_ref idref="oc-7f"/>
      </symbol>
      <symbol id="sm-41f">
         <name>uxTaskGetNumberOfTasks</name>
         <value>0xc91</value>
         <object_component_ref idref="oc-7f"/>
      </symbol>
      <symbol id="sm-420">
         <name>xTaskCatchUpTicks</name>
         <value>0xdb1</value>
         <object_component_ref idref="oc-7f"/>
      </symbol>
      <symbol id="sm-421">
         <name>xTaskGenericNotifyFromISR</name>
         <value>0x1deb</value>
         <object_component_ref idref="oc-7f"/>
      </symbol>
      <symbol id="sm-422">
         <name>vTaskGetInfo</name>
         <value>0x1609</value>
         <object_component_ref idref="oc-7f"/>
      </symbol>
      <symbol id="sm-423">
         <name>xTaskResumeAll</name>
         <value>0xac5</value>
         <object_component_ref idref="oc-7f"/>
      </symbol>
      <symbol id="sm-424">
         <name>xTaskGetTickCount</name>
         <value>0xc69</value>
         <object_component_ref idref="oc-7f"/>
      </symbol>
      <symbol id="sm-425">
         <name>ulTaskGenericNotifyTake</name>
         <value>0x1a41</value>
         <object_component_ref idref="oc-7f"/>
      </symbol>
      <symbol id="sm-426">
         <name>uxTaskGetSystemState</name>
         <value>0xced</value>
         <object_component_ref idref="oc-7f"/>
      </symbol>
      <symbol id="sm-427">
         <name>ulTaskGenericNotifyValueClear</name>
         <value>0x2259</value>
         <object_component_ref idref="oc-7f"/>
      </symbol>
      <symbol id="sm-428">
         <name>xTaskGenericNotifyWait</name>
         <value>0x1b09</value>
         <object_component_ref idref="oc-7f"/>
      </symbol>
      <symbol id="sm-429">
         <name>pxCurrentTCB</name>
         <value>0x200054e8</value>
         <object_component_ref idref="oc-79"/>
      </symbol>
      <symbol id="sm-42a">
         <name>eTaskGetState</name>
         <value>0x605</value>
         <object_component_ref idref="oc-7f"/>
      </symbol>
      <symbol id="sm-42b">
         <name>vTaskSuspend</name>
         <value>0x6d9</value>
         <object_component_ref idref="oc-7f"/>
      </symbol>
      <symbol id="sm-42c">
         <name>xTaskGetTickCountFromISR</name>
         <value>0xc79</value>
         <object_component_ref idref="oc-7f"/>
      </symbol>
      <symbol id="sm-42d">
         <name>vTaskResume</name>
         <value>0x84d</value>
         <object_component_ref idref="oc-7f"/>
      </symbol>
      <symbol id="sm-42e">
         <name>uxTopUsedPriority</name>
         <value>0x5e24</value>
         <object_component_ref idref="oc-fc"/>
      </symbol>
      <symbol id="sm-42f">
         <name>vTaskSetTimeOutState</name>
         <value>0x143b</value>
         <object_component_ref idref="oc-7f"/>
      </symbol>
      <symbol id="sm-430">
         <name>xTaskIncrementTick</name>
         <value>0xe0d</value>
         <object_component_ref idref="oc-7f"/>
      </symbol>
      <symbol id="sm-431">
         <name>vTaskSwitchContext</name>
         <value>0xff5</value>
         <object_component_ref idref="oc-7f"/>
      </symbol>
      <symbol id="sm-432">
         <name>uxTaskResetEventItemValue</name>
         <value>0x1a17</value>
         <object_component_ref idref="oc-7f"/>
      </symbol>
      <symbol id="sm-433">
         <name>xTaskResumeFromISR</name>
         <value>0x921</value>
         <object_component_ref idref="oc-7f"/>
      </symbol>
      <symbol id="sm-434">
         <name>xTaskGetCurrentTaskHandle</name>
         <value>0x17bd</value>
         <object_component_ref idref="oc-7f"/>
      </symbol>
      <symbol id="sm-435">
         <name>vTaskPlaceOnUnorderedEventList</name>
         <value>0x10e9</value>
         <object_component_ref idref="oc-7f"/>
      </symbol>
      <symbol id="sm-436">
         <name>xTaskRemoveFromEventList</name>
         <value>0x1199</value>
         <object_component_ref idref="oc-7f"/>
      </symbol>
      <symbol id="sm-487">
         <name>ulMaxSyscallInterruptPriority</name>
         <value>0x5e1c</value>
         <object_component_ref idref="oc-7c"/>
      </symbol>
      <symbol id="sm-488">
         <name>vPortSetupTimerInterrupt</name>
         <value>0x41cd</value>
         <object_component_ref idref="oc-32"/>
      </symbol>
      <symbol id="sm-489">
         <name>vPortEndScheduler</name>
         <value>0x4115</value>
         <object_component_ref idref="oc-32"/>
      </symbol>
      <symbol id="sm-48a">
         <name>xPortSysTickHandler</name>
         <value>0x41a7</value>
         <object_component_ref idref="oc-32"/>
      </symbol>
      <symbol id="sm-48b">
         <name>vPortValidateInterruptPriority</name>
         <value>0x41e9</value>
         <object_component_ref idref="oc-32"/>
      </symbol>
      <symbol id="sm-48c">
         <name>pxPortInitialiseStack</name>
         <value>0x3fd1</value>
         <object_component_ref idref="oc-32"/>
      </symbol>
      <symbol id="sm-48d">
         <name>vPortExitCritical</name>
         <value>0x417b</value>
         <object_component_ref idref="oc-32"/>
      </symbol>
      <symbol id="sm-48e">
         <name>xPortStartScheduler</name>
         <value>0x405d</value>
         <object_component_ref idref="oc-32"/>
      </symbol>
      <symbol id="sm-48f">
         <name>vPortEnterCritical</name>
         <value>0x4139</value>
         <object_component_ref idref="oc-32"/>
      </symbol>
      <symbol id="sm-49e">
         <name>vPortStartFirstTask</name>
         <value>0x513d</value>
         <object_component_ref idref="oc-2d"/>
      </symbol>
      <symbol id="sm-49f">
         <name>ulPortGetIPSR</name>
         <value>0x50a5</value>
         <object_component_ref idref="oc-2d"/>
      </symbol>
      <symbol id="sm-4a0">
         <name>vPortEnableVFP</name>
         <value>0x5161</value>
         <object_component_ref idref="oc-2d"/>
      </symbol>
      <symbol id="sm-4a1">
         <name>xPortPendSVHandler</name>
         <value>0x50bd</value>
         <object_component_ref idref="oc-2d"/>
      </symbol>
      <symbol id="sm-4a2">
         <name>vPortSVCHandler</name>
         <value>0x511d</value>
         <object_component_ref idref="oc-2d"/>
      </symbol>
      <symbol id="sm-4cc">
         <name>vPortInitialiseBlocks</name>
         <value>0x5221</value>
         <object_component_ref idref="oc-de"/>
      </symbol>
      <symbol id="sm-4cd">
         <name>xPortGetFreeHeapSize</name>
         <value>0x5229</value>
         <object_component_ref idref="oc-de"/>
      </symbol>
      <symbol id="sm-4ce">
         <name>pvPortMalloc</name>
         <value>0x5171</value>
         <object_component_ref idref="oc-de"/>
      </symbol>
      <symbol id="sm-4cf">
         <name>vPortFree</name>
         <value>0x51fd</value>
         <object_component_ref idref="oc-de"/>
      </symbol>
      <symbol id="sm-4e6">
         <name>ADC0_EnableCLock</name>
         <value>0x5531</value>
         <object_component_ref idref="oc-210"/>
      </symbol>
      <symbol id="sm-4e7">
         <name>ADC0_ReadChannel</name>
         <value>0x553d</value>
         <object_component_ref idref="oc-210"/>
      </symbol>
      <symbol id="sm-534">
         <name>Dio_WriteChannel</name>
         <value>0x3d0d</value>
         <object_component_ref idref="oc-204"/>
      </symbol>
      <symbol id="sm-535">
         <name>Dio_FlipChannel</name>
         <value>0x3eb5</value>
         <object_component_ref idref="oc-204"/>
      </symbol>
      <symbol id="sm-536">
         <name>Dio_Init</name>
         <value>0x3ce9</value>
         <object_component_ref idref="oc-204"/>
      </symbol>
      <symbol id="sm-537">
         <name>Dio_ReadChannel</name>
         <value>0x3ded</value>
         <object_component_ref idref="oc-204"/>
      </symbol>
      <symbol id="sm-542">
         <name>Dio_Configuration</name>
         <value>0x5e12</value>
         <object_component_ref idref="oc-219"/>
      </symbol>
      <symbol id="sm-554">
         <name>GPTM_WTimer0Init</name>
         <value>0x582d</value>
         <object_component_ref idref="oc-f3"/>
      </symbol>
      <symbol id="sm-555">
         <name>GPTM_WTimer0Read</name>
         <value>0x585d</value>
         <object_component_ref idref="oc-f3"/>
      </symbol>
      <symbol id="sm-560">
         <name>Det_ReportError</name>
         <value>0x5b31</value>
         <object_component_ref idref="oc-2c6"/>
      </symbol>
      <symbol id="sm-5ef">
         <name>Port_GetVersionInfo</name>
         <value>0x3413</value>
         <object_component_ref idref="oc-1fe"/>
      </symbol>
      <symbol id="sm-5f0">
         <name>Port_Init</name>
         <value>0x2de5</value>
         <object_component_ref idref="oc-1fe"/>
      </symbol>
      <symbol id="sm-5f1">
         <name>Port_SetPinDirection</name>
         <value>0x3175</value>
         <object_component_ref idref="oc-1fe"/>
      </symbol>
      <symbol id="sm-5f2">
         <name>Port_SetPinMode</name>
         <value>0x3499</value>
         <object_component_ref idref="oc-1fe"/>
      </symbol>
      <symbol id="sm-5f3">
         <name>Port_RefreshPortDirection</name>
         <value>0x32c9</value>
         <object_component_ref idref="oc-1fe"/>
      </symbol>
      <symbol id="sm-5fe">
         <name>Port_Configuration</name>
         <value>0x5be4</value>
         <object_component_ref idref="oc-216"/>
      </symbol>
      <symbol id="sm-622">
         <name>UART0_SendInteger</name>
         <value>0x4905</value>
         <object_component_ref idref="oc-20a"/>
      </symbol>
      <symbol id="sm-623">
         <name>UART0_ReceiveByte</name>
         <value>0x48cf</value>
         <object_component_ref idref="oc-20a"/>
      </symbol>
      <symbol id="sm-624">
         <name>UART0_SendByte</name>
         <value>0x48b3</value>
         <object_component_ref idref="oc-20a"/>
      </symbol>
      <symbol id="sm-625">
         <name>UART0_Init</name>
         <value>0x4879</value>
         <object_component_ref idref="oc-20a"/>
      </symbol>
      <symbol id="sm-626">
         <name>UART0_SendString</name>
         <value>0x48df</value>
         <object_component_ref idref="oc-20a"/>
      </symbol>
      <symbol id="sm-64d">
         <name>sprintf</name>
         <value>0x5a01</value>
         <object_component_ref idref="oc-111"/>
      </symbol>
      <symbol id="sm-661">
         <name>__aeabi_ddiv</name>
         <value>0x4b05</value>
         <object_component_ref idref="oc-332"/>
      </symbol>
      <symbol id="sm-66c">
         <name>__aeabi_dmul</name>
         <value>0x4f99</value>
         <object_component_ref idref="oc-32d"/>
      </symbol>
      <symbol id="sm-676">
         <name>__aeabi_d2iz</name>
         <value>0x5975</value>
         <object_component_ref idref="oc-33c"/>
      </symbol>
      <symbol id="sm-691">
         <name>memcpy</name>
         <value>0x52f3</value>
         <object_component_ref idref="oc-46"/>
      </symbol>
      <symbol id="sm-692">
         <name>__aeabi_memcpy</name>
         <value>0x52f3</value>
         <object_component_ref idref="oc-46"/>
      </symbol>
      <symbol id="sm-693">
         <name>__aeabi_memcpy8</name>
         <value>0x52f3</value>
         <object_component_ref idref="oc-46"/>
      </symbol>
      <symbol id="sm-694">
         <name>__aeabi_memcpy4</name>
         <value>0x52f3</value>
         <object_component_ref idref="oc-46"/>
      </symbol>
      <symbol id="sm-6a4">
         <name>__aeabi_memset</name>
         <value>0x55b3</value>
         <object_component_ref idref="oc-b6"/>
      </symbol>
      <symbol id="sm-6a5">
         <name>memset</name>
         <value>0x55b9</value>
         <object_component_ref idref="oc-b6"/>
      </symbol>
      <symbol id="sm-6a6">
         <name>__aeabi_memset8</name>
         <value>0x55b3</value>
         <object_component_ref idref="oc-b6"/>
      </symbol>
      <symbol id="sm-6a7">
         <name>__aeabi_memset4</name>
         <value>0x55b3</value>
         <object_component_ref idref="oc-b6"/>
      </symbol>
      <symbol id="sm-6a8">
         <name>__aeabi_memclr8</name>
         <value>0x55b1</value>
         <object_component_ref idref="oc-b6"/>
      </symbol>
      <symbol id="sm-6a9">
         <name>__aeabi_memclr4</name>
         <value>0x55b1</value>
         <object_component_ref idref="oc-b6"/>
      </symbol>
      <symbol id="sm-6aa">
         <name>__aeabi_memclr</name>
         <value>0x55b1</value>
         <object_component_ref idref="oc-b6"/>
      </symbol>
      <symbol id="sm-6b8">
         <name>__aeabi_ldivmod</name>
         <value>0x5699</value>
         <object_component_ref idref="oc-2d6"/>
      </symbol>
      <symbol id="sm-6c5">
         <name>__aeabi_uldivmod</name>
         <value>0x538f</value>
         <object_component_ref idref="oc-326"/>
      </symbol>
      <symbol id="sm-6dc">
         <name>__TI_zero_init</name>
         <value>0x5ba5</value>
         <object_component_ref idref="oc-58"/>
      </symbol>
      <symbol id="sm-6f3">
         <name>__TI_decompress_none</name>
         <value>0x5b97</value>
         <object_component_ref idref="oc-1b"/>
      </symbol>
      <symbol id="sm-716">
         <name>__TI_decompress_lzss</name>
         <value>0x5707</value>
         <object_component_ref idref="oc-15"/>
      </symbol>
      <symbol id="sm-724">
         <name>strcpy</name>
         <value>0x5b5d</value>
         <object_component_ref idref="oc-ff"/>
      </symbol>
      <symbol id="sm-732">
         <name>strlen</name>
         <value>0x5b71</value>
         <object_component_ref idref="oc-105"/>
      </symbol>
      <symbol id="sm-745">
         <name>__stack</name>
         <value>0x200052e8</value>
         <object_component_ref idref="oc-24"/>
      </symbol>
      <symbol id="sm-746">
         <name>_c_int00_noargs</name>
         <value>0x5a81</value>
         <object_component_ref idref="oc-64"/>
      </symbol>
      <symbol id="sm-8ab">
         <name>__TI_printfi</name>
         <value>0x2395</value>
         <object_component_ref idref="oc-1c9"/>
      </symbol>
      <symbol id="sm-8b5">
         <name>__aeabi_idiv0</name>
         <value>0x2de3</value>
         <object_component_ref idref="oc-3b3"/>
      </symbol>
      <symbol id="sm-8b6">
         <name>__aeabi_ldiv0</name>
         <value>0x2de3</value>
         <object_component_ref idref="oc-3b3"/>
      </symbol>
      <symbol id="sm-8cd">
         <name>__aeabi_dsub</name>
         <value>0x46c1</value>
         <object_component_ref idref="oc-34c"/>
      </symbol>
      <symbol id="sm-8ce">
         <name>__aeabi_dadd</name>
         <value>0x46cb</value>
         <object_component_ref idref="oc-34c"/>
      </symbol>
      <symbol id="sm-8f0">
         <name>__aeabi_cdcmpeq</name>
         <value>0x5425</value>
         <object_component_ref idref="oc-27a"/>
      </symbol>
      <symbol id="sm-8f1">
         <name>__aeabi_cdcmple</name>
         <value>0x5425</value>
         <object_component_ref idref="oc-27a"/>
      </symbol>
      <symbol id="sm-8f2">
         <name>__aeabi_cdrcmple</name>
         <value>0x54ab</value>
         <object_component_ref idref="oc-337"/>
      </symbol>
      <symbol id="sm-8fc">
         <name>__aeabi_i2d</name>
         <value>0x5ab5</value>
         <object_component_ref idref="oc-347"/>
      </symbol>
      <symbol id="sm-924">
         <name>__TI_auto_init_nobinit_nopinit</name>
         <value>0x59bd</value>
         <object_component_ref idref="oc-15f"/>
      </symbol>
      <symbol id="sm-92e">
         <name>_system_pre_init</name>
         <value>0x5bdd</value>
         <object_component_ref idref="oc-bc"/>
      </symbol>
      <symbol id="sm-93a">
         <name>C$$EXIT</name>
         <value>0x5be1</value>
         <object_component_ref idref="oc-153"/>
      </symbol>
      <symbol id="sm-93b">
         <name>abort</name>
         <value>0x5be1</value>
         <object_component_ref idref="oc-153"/>
      </symbol>
      <symbol id="sm-94b">
         <name>__TI_ltoa</name>
         <value>0x5881</value>
         <object_component_ref idref="oc-341"/>
      </symbol>
      <symbol id="sm-962">
         <name>atoi</name>
         <value>0x5929</value>
         <object_component_ref idref="oc-26e"/>
      </symbol>
      <symbol id="sm-96d">
         <name>_ctypes_</name>
         <value>0x5d11</value>
         <object_component_ref idref="oc-321"/>
      </symbol>
      <symbol id="sm-97d">
         <name>memccpy</name>
         <value>0x5ae3</value>
         <object_component_ref idref="oc-297"/>
      </symbol>
      <symbol id="sm-98d">
         <name>strchr</name>
         <value>0x5b47</value>
         <object_component_ref idref="oc-378"/>
      </symbol>
      <symbol id="sm-9a3">
         <name>__aeabi_errno_addr</name>
         <value>0x5bd5</value>
         <object_component_ref idref="oc-2a3"/>
      </symbol>
      <symbol id="sm-9a4">
         <name>errno</name>
         <value>0x20005594</value>
         <object_component_ref idref="oc-388"/>
      </symbol>
      <symbol id="sm-9bd">
         <name>wcslen</name>
         <value>0x5b85</value>
         <object_component_ref idref="oc-29d"/>
      </symbol>
      <symbol id="sm-9dd">
         <name>frexpl</name>
         <value>0x5771</value>
         <object_component_ref idref="oc-36c"/>
      </symbol>
      <symbol id="sm-9de">
         <name>frexp</name>
         <value>0x5771</value>
         <object_component_ref idref="oc-36c"/>
      </symbol>
      <symbol id="sm-9fb">
         <name>scalbn</name>
         <value>0x4e89</value>
         <object_component_ref idref="oc-372"/>
      </symbol>
      <symbol id="sm-9fc">
         <name>scalbnl</name>
         <value>0x4e89</value>
         <object_component_ref idref="oc-372"/>
      </symbol>
      <symbol id="sm-9fd">
         <name>ldexpl</name>
         <value>0x4e89</value>
         <object_component_ref idref="oc-372"/>
      </symbol>
      <symbol id="sm-9fe">
         <name>ldexp</name>
         <value>0x4e89</value>
         <object_component_ref idref="oc-372"/>
      </symbol>
      <symbol id="sm-a08">
         <name>copysign</name>
         <value>0x5aff</value>
         <object_component_ref idref="oc-3e7"/>
      </symbol>
      <symbol id="sm-a09">
         <name>copysignl</name>
         <value>0x5aff</value>
         <object_component_ref idref="oc-3e7"/>
      </symbol>
      <symbol id="sm-a0a">
         <name>__TI_static_base__</name>
         <value>0x0</value>
      </symbol>
      <symbol id="sm-a0d">
         <name>__mpu_init</name>
         <value>0x0</value>
      </symbol>
      <symbol id="sm-a0e">
         <name>_system_post_cinit</name>
         <value>0x0</value>
      </symbol>
   </symbol_table>
   <title>Link successful</title>
</link_info>
