******************************************************************************
                  TI ARM Linker PC v20.2.7                     
******************************************************************************
>> Linked Fri Feb  9 14:54:24 2024

OUTPUT FILE NAME:   <Test3_RTOS.out>
ENTRY POINT SYMBOL: "_c_int00_noargs"  address: 00002329


MEMORY CONFIGURATION

         name            origin    length      used     unused   attr    fill
----------------------  --------  ---------  --------  --------  ----  --------
  FLASH                 00000000   00040000  000023e6  0003dc1a  R  X
  SRAM                  20000000   00008000  000012ec  00006d14  RW X


SEGMENT ALLOCATION MAP

run origin  load origin   length   init length attrs members
----------  ----------- ---------- ----------- ----- -------
00000000    00000000    000023e8   000023e8    r-x
  00000000    00000000    0000026c   0000026c    r-- .intvecs
  0000026c    0000026c    00002136   00002136    r-x .text
  000023a4    000023a4    0000000c   0000000c    r-- .const
  000023b0    000023b0    00000038   00000038    r-- .cinit
20000000    20000000    000012ec   00000000    rw-
  20000000    20000000    000010a8   00000000    rw- .bss
  200010a8    200010a8    00000200   00000000    rw- .stack
  200012a8    200012a8    00000044   00000000    rw- .data


SECTION ALLOCATION MAP

 output                                  attributes/
section   page    origin      length       input sections
--------  ----  ----------  ----------   ----------------
.intvecs   0    00000000    0000026c     
                  00000000    0000026c     tm4c123gh6pm_startup_ccs.obj (.intvecs)

.text      0    0000026c    00002136     
                  0000026c    00001680     tasks.obj (.text)
                  000018ec    000002b4     port.obj (.text)
                  00001ba0    000001dc     gpio.obj (.text)
                  00001d7c    0000012a     list.obj (.text)
                  00001ea6    00000002     --HOLE-- [fill = 0]
                  00001ea8    00000110     main.obj (.text)
                  00001fb8    000000da     portasm.obj (.text)
                  00002092    00000002     --HOLE-- [fill = 0]
                  00002094    000000d0     heap_1.obj (.text)
                  00002164    0000009c     rtsv7M4_T_le_v4SPD16_eabi.lib : memcpy_t2.asm.obj (.text)
                  00002200    0000007a                                   : memset_t2.asm.obj (.text)
                  0000227a    00000068                                   : copy_decompress_lzss.c.obj (.text:decompress:lzss:__TI_decompress_lzss)
                  000022e2    00000002     --HOLE-- [fill = 0]
                  000022e4    00000044                                   : autoinit.c.obj (.text:__TI_auto_init_nobinit_nopinit:__TI_auto_init_nobinit_nopinit)
                  00002328    00000034                                   : boot_cortex_m.c.obj (.text:_c_int00_noargs:_c_int00_noargs)
                  0000235c    00000018                                   : ll_mul_t2.asm.obj (.text)
                  00002374    0000000e                                   : copy_decompress_none.c.obj (.text:decompress:none:__TI_decompress_none)
                  00002382    0000000c                                   : copy_zero_init.c.obj (.text:decompress:ZI:__TI_zero_init)
                  0000238e    0000000c     tm4c123gh6pm_startup_ccs.obj (.text)
                  0000239a    00000004     rtsv7M4_T_le_v4SPD16_eabi.lib : pre_init.c.obj (.text:_system_pre_init)
                  0000239e    00000004                                   : exit.c.obj (.text:abort:abort)

.const     0    000023a4    0000000c     
                  000023a4    00000008     port.obj (.const)
                  000023ac    00000004     tasks.obj (.const)

.cinit     0    000023b0    00000038     
                  000023b0    00000012     (.cinit..data.load) [load image, compression = lzss]
                  000023c2    00000002     --HOLE-- [fill = 0]
                  000023c4    0000000c     (__TI_handler_table)
                  000023d0    00000008     (.cinit..bss.load) [load image, compression = zero_init]
                  000023d8    00000010     (__TI_cinit_table)

.init_array 
*          0    00000000    00000000     UNINITIALIZED

.bss       0    20000000    000010a8     UNINITIALIZED
                  20000000    00001000     heap_1.obj (.bss:ucHeap)
                  20001000    00000064     tasks.obj (.bss:pxReadyTasksLists)
                  20001064    00000014     tasks.obj (.bss:xDelayedTaskList1)
                  20001078    00000014     tasks.obj (.bss:xDelayedTaskList2)
                  2000108c    00000014     tasks.obj (.bss:xPendingReadyList)
                  200010a0    00000008     tasks.obj (.bss)

.data      0    200012a8    00000044     UNINITIALIZED
                  200012a8    00000030     tasks.obj (.data)
                  200012d8    0000000c     port.obj (.data)
                  200012e4    00000008     heap_1.obj (.data)

.stack     0    200010a8    00000200     UNINITIALIZED
                  200010a8    00000004     rtsv7M4_T_le_v4SPD16_eabi.lib : boot_cortex_m.c.obj (.stack)
                  200010ac    000001fc     --HOLE--

__llvm_prf_cnts 
*          0    20000000    00000000     UNINITIALIZED

MODULE SUMMARY

       Module                         code   ro data   rw data
       ------                         ----   -------   -------
    .\
       tm4c123gh6pm_startup_ccs.obj   12     620       0      
       main.obj                       272    0         0      
    +--+------------------------------+------+---------+---------+
       Total:                         284    620       0      
                                                              
    .\FreeRTOS\Source\
       tasks.obj                      5760   4         216    
       list.obj                       298    0         0      
    +--+------------------------------+------+---------+---------+
       Total:                         6058   4         216    
                                                              
    .\FreeRTOS\Source\portable\CCS\ARM_CM4F\
       port.obj                       692    8         12     
       portasm.obj                    218    0         0      
    +--+------------------------------+------+---------+---------+
       Total:                         910    8         12     
                                                              
    .\FreeRTOS\Source\portable\MemMang\
       heap_1.obj                     208    0         4104   
    +--+------------------------------+------+---------+---------+
       Total:                         208    0         4104   
                                                              
    .\MCAL\GPIO\
       gpio.obj                       476    0         0      
    +--+------------------------------+------+---------+---------+
       Total:                         476    0         0      
                                                              
    C:\ti\ccs1250\ccs\tools\compiler\ti-cgt-arm_20.2.7.LTS\lib\rtsv7M4_T_le_v4SPD16_eabi.lib
       memcpy_t2.asm.obj              156    0         0      
       memset_t2.asm.obj              122    0         0      
       copy_decompress_lzss.c.obj     104    0         0      
       autoinit.c.obj                 68     0         0      
       boot_cortex_m.c.obj            52     0         0      
       ll_mul_t2.asm.obj              24     0         0      
       copy_decompress_none.c.obj     14     0         0      
       copy_zero_init.c.obj           12     0         0      
       exit.c.obj                     4      0         0      
       pre_init.c.obj                 4      0         0      
    +--+------------------------------+------+---------+---------+
       Total:                         560    0         0      
                                                              
       Stack:                         0      0         512    
       Linker Generated:              0      54        0      
    +--+------------------------------+------+---------+---------+
       Grand Total:                   8496   686       4844   


LINKER GENERATED COPY TABLES

__TI_cinit_table @ 000023d8 records: 2, size/record: 8, table size: 16
	.data: load addr=000023b0, load size=00000012 bytes, run addr=200012a8, run size=00000044 bytes, compression=lzss
	.bss: load addr=000023d0, load size=00000008 bytes, run addr=20000000, run size=000010a8 bytes, compression=zero_init


LINKER GENERATED HANDLER TABLE

__TI_handler_table @ 000023c4 records: 3, size/record: 4, table size: 12
	index: 0, handler: __TI_decompress_lzss
	index: 1, handler: __TI_decompress_none
	index: 2, handler: __TI_zero_init


GLOBAL SYMBOLS: SORTED ALPHABETICALLY BY Name 

address   name                              
-------   ----                              
0000239f  C$$EXIT                           
00001ea9  Delay_MS                          
00001c45  GPIO_BlueLedOff                   
00001c21  GPIO_BlueLedOn                    
00001c69  GPIO_BlueLedToggle                
00001ba1  GPIO_BuiltinButtonsLedsInit       
00001c51  GPIO_GreenLedOff                  
00001c2d  GPIO_GreenLedOn                   
00001c75  GPIO_GreenLedToggle               
00001c39  GPIO_RedLedOff                    
00001c15  GPIO_RedLedOn                     
00001c5d  GPIO_RedLedToggle                 
00001c95  GPIO_SW1EdgeTriggeredInterruptInit
00001c81  GPIO_SW1GetState                  
00001ce3  GPIO_SW2EdgeTriggeredInterruptInit
00001c8b  GPIO_SW2GetState                  
0000238f  ResetISR                          
200012a8  __STACK_END                       
00000200  __STACK_SIZE                      
200012a8  __STACK_TOP                       
000023d8  __TI_CINIT_Base                   
000023e8  __TI_CINIT_Limit                  
000023c4  __TI_Handler_Table_Base           
000023d0  __TI_Handler_Table_Limit          
000022e5  __TI_auto_init_nobinit_nopinit    
0000227b  __TI_decompress_lzss              
00002375  __TI_decompress_none              
ffffffff  __TI_pprof_out_hndl               
ffffffff  __TI_prof_data_size               
ffffffff  __TI_prof_data_start              
00000000  __TI_static_base__                
00002383  __TI_zero_init                    
0000235d  __aeabi_lmul                      
00002201  __aeabi_memclr                    
00002201  __aeabi_memclr4                   
00002201  __aeabi_memclr8                   
00002165  __aeabi_memcpy                    
00002165  __aeabi_memcpy4                   
00002165  __aeabi_memcpy8                   
00002203  __aeabi_memset                    
00002203  __aeabi_memset4                   
00002203  __aeabi_memset8                   
ffffffff  __binit__                         
ffffffff  __c_args__                        
UNDEFED   __mpu_init                        
200010a8  __stack                           
20000000  __start___llvm_prf_cnts           
20000000  __stop___llvm_prf_cnts            
00002329  _c_int00_noargs                   
UNDEFED   _system_post_cinit                
0000239b  _system_pre_init                  
0000239f  abort                             
ffffffff  binit                             
00000000  g_pfnVectors                      
00001ee9  main                              
00002165  memcpy                            
00002209  memset                            
0000078f  pcTaskGetName                     
00002095  pvPortMalloc                      
200012a8  pxCurrentTCB                      
000018ed  pxPortInitialiseStack             
000023a4  ulMaxSyscallInterruptPriority     
00001fc9  ulPortGetIPSR                     
00000ff1  ulTaskGenericNotifyTake           
00001805  ulTaskGenericNotifyValueClear     
00001e5f  uxListRemove                      
00000789  uxTaskGetNumberOfTasks            
00000fcf  uxTaskResetEventItemValue         
000023ac  uxTopUsedPriority                 
00001d7d  vListInitialise                   
00001dad  vListInitialiseItem               
00001df9  vListInsert                       
00001dbd  vListInsertEnd                    
00001f81  vPeriodicBlueLedTask              
00001f3f  vPeriodicGreenLedTask             
00001f53  vPeriodicRedLedTask               
00002085  vPortEnableVFP                    
00001a31  vPortEndScheduler                 
00001a55  vPortEnterCritical                
00001a97  vPortExitCritical                 
00002121  vPortFree                         
00002145  vPortInitialiseBlocks             
00002041  vPortSVCHandler                   
00001ae9  vPortSetupTimerInterrupt          
00002061  vPortStartFirstTask               
00001b03  vPortValidateInterruptPriority    
000004b9  vTaskDelay                        
00000575  vTaskEndScheduler                 
000015ed  vTaskGenericNotifyGiveFromISR     
00000e4d  vTaskInternalSetTimeOutState      
00000f11  vTaskMissedYield                  
00000a81  vTaskPlaceOnEventList             
00000ac5  vTaskPlaceOnUnorderedEventList    
00000cdb  vTaskRemoveFromUnorderedEventList 
00000e1b  vTaskSetTimeOutState              
0000050b  vTaskStartScheduler               
00000591  vTaskSuspendAll                   
000009f5  vTaskSwitchContext                
0000214d  xPortGetFreeHeapSize              
00001fe1  xPortPendSVHandler                
00001979  xPortStartScheduler               
00001ac3  xPortSysTickHandler               
000007d9  xTaskCatchUpTicks                 
00000e75  xTaskCheckForTimeOut              
0000026d  xTaskCreate                       
000011b1  xTaskGenericNotify                
00001397  xTaskGenericNotifyFromISR         
0000179d  xTaskGenericNotifyStateClear      
000010b1  xTaskGenericNotifyWait            
00000fbf  xTaskGetCurrentTaskHandle         
00000761  xTaskGetTickCount                 
00000775  xTaskGetTickCountFromISR          
00000831  xTaskIncrementTick                
00000b65  xTaskRemoveFromEventList          
000005a9  xTaskResumeAll                    


GLOBAL SYMBOLS: SORTED BY Symbol Address 

address   name                              
-------   ----                              
00000000  __TI_static_base__                
00000000  g_pfnVectors                      
00000200  __STACK_SIZE                      
0000026d  xTaskCreate                       
000004b9  vTaskDelay                        
0000050b  vTaskStartScheduler               
00000575  vTaskEndScheduler                 
00000591  vTaskSuspendAll                   
000005a9  xTaskResumeAll                    
00000761  xTaskGetTickCount                 
00000775  xTaskGetTickCountFromISR          
00000789  uxTaskGetNumberOfTasks            
0000078f  pcTaskGetName                     
000007d9  xTaskCatchUpTicks                 
00000831  xTaskIncrementTick                
000009f5  vTaskSwitchContext                
00000a81  vTaskPlaceOnEventList             
00000ac5  vTaskPlaceOnUnorderedEventList    
00000b65  xTaskRemoveFromEventList          
00000cdb  vTaskRemoveFromUnorderedEventList 
00000e1b  vTaskSetTimeOutState              
00000e4d  vTaskInternalSetTimeOutState      
00000e75  xTaskCheckForTimeOut              
00000f11  vTaskMissedYield                  
00000fbf  xTaskGetCurrentTaskHandle         
00000fcf  uxTaskResetEventItemValue         
00000ff1  ulTaskGenericNotifyTake           
000010b1  xTaskGenericNotifyWait            
000011b1  xTaskGenericNotify                
00001397  xTaskGenericNotifyFromISR         
000015ed  vTaskGenericNotifyGiveFromISR     
0000179d  xTaskGenericNotifyStateClear      
00001805  ulTaskGenericNotifyValueClear     
000018ed  pxPortInitialiseStack             
00001979  xPortStartScheduler               
00001a31  vPortEndScheduler                 
00001a55  vPortEnterCritical                
00001a97  vPortExitCritical                 
00001ac3  xPortSysTickHandler               
00001ae9  vPortSetupTimerInterrupt          
00001b03  vPortValidateInterruptPriority    
00001ba1  GPIO_BuiltinButtonsLedsInit       
00001c15  GPIO_RedLedOn                     
00001c21  GPIO_BlueLedOn                    
00001c2d  GPIO_GreenLedOn                   
00001c39  GPIO_RedLedOff                    
00001c45  GPIO_BlueLedOff                   
00001c51  GPIO_GreenLedOff                  
00001c5d  GPIO_RedLedToggle                 
00001c69  GPIO_BlueLedToggle                
00001c75  GPIO_GreenLedToggle               
00001c81  GPIO_SW1GetState                  
00001c8b  GPIO_SW2GetState                  
00001c95  GPIO_SW1EdgeTriggeredInterruptInit
00001ce3  GPIO_SW2EdgeTriggeredInterruptInit
00001d7d  vListInitialise                   
00001dad  vListInitialiseItem               
00001dbd  vListInsertEnd                    
00001df9  vListInsert                       
00001e5f  uxListRemove                      
00001ea9  Delay_MS                          
00001ee9  main                              
00001f3f  vPeriodicGreenLedTask             
00001f53  vPeriodicRedLedTask               
00001f81  vPeriodicBlueLedTask              
00001fc9  ulPortGetIPSR                     
00001fe1  xPortPendSVHandler                
00002041  vPortSVCHandler                   
00002061  vPortStartFirstTask               
00002085  vPortEnableVFP                    
00002095  pvPortMalloc                      
00002121  vPortFree                         
00002145  vPortInitialiseBlocks             
0000214d  xPortGetFreeHeapSize              
00002165  __aeabi_memcpy                    
00002165  __aeabi_memcpy4                   
00002165  __aeabi_memcpy8                   
00002165  memcpy                            
00002201  __aeabi_memclr                    
00002201  __aeabi_memclr4                   
00002201  __aeabi_memclr8                   
00002203  __aeabi_memset                    
00002203  __aeabi_memset4                   
00002203  __aeabi_memset8                   
00002209  memset                            
0000227b  __TI_decompress_lzss              
000022e5  __TI_auto_init_nobinit_nopinit    
00002329  _c_int00_noargs                   
0000235d  __aeabi_lmul                      
00002375  __TI_decompress_none              
00002383  __TI_zero_init                    
0000238f  ResetISR                          
0000239b  _system_pre_init                  
0000239f  C$$EXIT                           
0000239f  abort                             
000023a4  ulMaxSyscallInterruptPriority     
000023ac  uxTopUsedPriority                 
000023c4  __TI_Handler_Table_Base           
000023d0  __TI_Handler_Table_Limit          
000023d8  __TI_CINIT_Base                   
000023e8  __TI_CINIT_Limit                  
20000000  __start___llvm_prf_cnts           
20000000  __stop___llvm_prf_cnts            
200010a8  __stack                           
200012a8  __STACK_END                       
200012a8  __STACK_TOP                       
200012a8  pxCurrentTCB                      
ffffffff  __TI_pprof_out_hndl               
ffffffff  __TI_prof_data_size               
ffffffff  __TI_prof_data_start              
ffffffff  __binit__                         
ffffffff  __c_args__                        
ffffffff  binit                             
UNDEFED   __mpu_init                        
UNDEFED   _system_post_cinit                

[115 symbols]
